Proving begin ta3-ta7: (mul3 n m) === (mul7 n m)
Property accepted by cvec analysis
proved lemma forall v0: Nat. v0 === (mul7 (S Z) v0) (S v0_40) === (mul7 (S Z) (S v0_40))
proved lemma forall v0: Nat. Z === (mul7 Z v0) Z === (mul7 Z (S v0_110))
proved lemma forall v0: Nat. v0 === (mul7 (S (mul7 Z v0)) v0) v0 === (mul7 (S (mul7 Z v0)) v0)
proved lemma forall v0: Nat. v1: Nat. (S (add3 v0 v1)) === (add3 v0 (S v1)) (S (add3 (S v0_1290) v1)) === (add3 (S v0_1290) (S v1))
proved lemma forall v0: Nat. v0 === (add3 v0 (mul7 Z v0))
Reach the limit
Reach the limit
Reach the limit
Reach the limit
(uncyclic) Theorized 11 lemmas, fully attempted 7 lemmas, proved 5 lemmas
ta3-ta7 uncyclic: TIMEOUT (154012 ms)
Proving begin ta3-sol32: (mul3 n m) === (sol32 n m)
Property accepted by cvec analysis
proved lemma forall v0: Nat. Z === (natmul-sub v0 Z Z) Z === (natmul-sub (S v0_30) Z Z)
proved lemma forall v0: Nat. v1: Nat. (add3 (natmul-sub v0 v1 Z) Z) === (natmul-sub v0 (add3 v1 Z) Z) (add3 (natmul-sub (S v0_70) v1 Z) Z) === (natmul-sub (S v0_70) (add3 v1 Z) Z)
proved lemma forall v0: Nat. v1: Nat. (S (add3 v0 v1)) === (add3 v0 (S v1)) (S (add3 (S v0_60) v1)) === (add3 (S v0_60) (S v1))
proved lemma forall v0: Nat. v1: Nat. (S (natmul-sub v0 v1 Z)) === (natmul-sub v0 (S v1) Z) (S (natmul-sub (S v0_70) (S v1_230) Z)) === (natmul-sub (S v0_70) (S (S v1_230)) Z)
proved lemma forall v0: Nat. v1: Nat. (S (natmul-sub v0 v1 Z)) === (add3 v1 (S Z)) (S (natmul-sub Z (S (S v1_90_160)) Z)) === (add3 (S (S v1_90_160)) (S Z))
proved lemma forall v0: Nat. v1: Nat. v0 === (natmul-sub v1 (add3 (add3 v0 Z) Z) Z) (S (S (S v0_60_190_330))) === (natmul-sub Z (add3 (add3 (S (S (S v0_60_190_330))) Z) Z) Z)
proved lemma forall v0: Nat. v1: Nat. v0 === (natmul-sub v1 (natmul-sub v1 v0 Z) Z)
proved lemma forall v0: Nat. v1: Nat. (natmul-sub v0 (S v1) Z) === (natmul-sub v0 (natmul-sub v0 (S v1) Z) Z)
proved lemma forall v0: Nat. v1: Nat. (S v0) === (natmul-sub v1 (natmul-sub v1 (S v0) Z) Z)
proved lemma forall v0: Nat. v1: Nat. (S (S v0)) === (natmul-sub v1 (natmul-sub v1 (S (S v0)) Z) Z)
proved lemma forall v0: Nat. v1: Nat. v0 === (natmul-sub v1 (add3 (natmul-sub v1 (natmul-sub v1 v0 Z) Z) Z) Z)
proved lemma forall v0: Nat. v1: Nat. (S v0) === (natmul-sub v1 (S (natmul-sub v1 (natmul-sub v1 v0 Z) Z)) Z)
proved lemma forall v0: Nat. v1: Nat. v0 === (natmul-sub v1 (add3 (add3 (natmul-sub v1 v0 Z) Z) Z) Z)
proved lemma forall v0: Nat. v1: Nat. (S v0) === (add3 (add3 (natmul-sub v1 (S v0) Z) Z) Z)
proved lemma forall v0: Nat. v1: Nat. (add3 v0 Z) === (add3 (natmul-sub v1 (add3 (add3 v0 Z) Z) Z) Z)
proved lemma forall v0: Nat. v1: Nat. (add3 (add3 v0 Z) Z) === (natmul-sub v1 (add3 (add3 v0 Z) Z) Z)
proved lemma forall v0: Nat. v1: Nat. v0 === (add3 (natmul-sub v1 (add3 (add3 v0 Z) Z) Z) Z)
proved lemma forall v0: Nat. v1: Nat. v0 === (add3 (natmul-sub v1 (add3 (add3 (add3 v0 Z) Z) Z) Z) Z)
proved lemma forall v0: Nat. v1: Nat. (add3 v0 Z) === (natmul-sub v1 (add3 v0 Z) Z)
proved lemma forall v0: Nat. v1: Nat. (natmul-sub v0 v1 Z) === (natmul-sub v0 (natmul-sub v0 v1 Z) Z)
proved lemma forall v0: Nat. v1: Nat. (natmul-sub v0 v1 Z) === (natmul-sub v0 (add3 (natmul-sub v0 v1 Z) Z) Z)
proved lemma forall v0: Nat. v1: Nat. (add3 v0 Z) === (natmul-sub v1 (natmul-sub v1 v0 Z) Z)
proved lemma forall v0: Nat. v1: Nat. (natmul-sub v0 (add3 v1 Z) Z) === (natmul-sub v0 (natmul-sub v0 v1 Z) Z)
proved lemma forall v0: Nat. v1: Nat. v0 === (natmul-sub v1 (natmul-sub v1 (natmul-sub v1 (natmul-sub v1 v0 Z) Z) Z) Z)
proved lemma forall v0: Nat. v1: Nat. v0 === (add3 (natmul-sub v1 (natmul-sub v1 v0 Z) Z) Z)
proved lemma forall v0: Nat. v1: Nat. (add3 (add3 (natmul-sub v0 v1 Z) Z) Z) === (natmul-sub v0 v1 Z)
proved lemma forall v0: Nat. v1: Nat. (add3 v0 Z) === (natmul-sub v1 (add3 (add3 v0 Z) Z) Z)
proved lemma forall v0: Nat. v1: Nat. (add3 v0 Z) === (add3 (natmul-sub v1 (natmul-sub v1 v0 Z) Z) Z)
proved lemma forall v0: Nat. v1: Nat. v0 === (natmul-sub v1 (natmul-sub v1 (natmul-sub v1 v0 Z) Z) Z)
proved lemma forall v0: Nat. v1: Nat. (add3 v0 (S Z)) === (add3 (natmul-sub v1 (S v0) Z) Z)
proved lemma forall v0: Nat. v1: Nat. (add3 (add3 v0 Z) Z) === (natmul-sub v1 (natmul-sub v1 v0 Z) Z)
proved lemma forall v0: Nat. v1: Nat. (S (S v0)) === (add3 (natmul-sub v1 (S (S v0)) Z) Z)
proved lemma forall v0: Nat. v1: Nat. (add3 v0 Z) === (natmul-sub v1 v0 Z) (add3 (S (S (S v0_50_130_220))) Z) === (natmul-sub Z (S (S (S v0_50_130_220))) Z)
proved lemma forall v0: Nat. v1: Nat. (natmul-sub v0 v1 Z) === (natmul-sub v0 (add3 v1 Z) Z)
proved lemma forall v0: Nat. v1: Nat. v0 === (natmul-sub v1 v0 Z)
proved lemma forall v0: Nat. v1: Nat. v2: Nat. (S (natmul-sub v0 v1 v2)) === (natmul-sub v0 (S v1) v2) (S (natmul-sub (S v0_70) v1 v2)) === (natmul-sub (S v0_70) (S v1) v2)
proved lemma forall v0: Nat. v1: Nat. v2: Nat. (S (natmul-sub v0 (S (add3 v1 v2)) v2)) === (natmul-sub v0 (add3 v1 (S (S v2))) v2) (S (natmul-sub v0 (S (add3 v1 v2)) v2)) === (natmul-sub v0 (add3 v1 (S (S v2))) v2)
proved lemma forall v0: Nat. v1: Nat. v2: Nat. (add3 v0 (S (natmul-sub v1 v2 v2))) === (natmul-sub v1 (add3 v0 (S v2)) v2) (add3 (S v0_90) (S (natmul-sub (S v1_180) (S v2_340) (S v2_340)))) === (natmul-sub (S v1_180) (add3 (S v0_90) (S (S v2_340))) (S v2_340))
proved lemma forall n: Nat. m: Nat. (mul3 n m) === (sol32 n m) (mul3 (S Z) (S (S (S (S (S m_150_380_570_820_1130)))))) === (sol32 (S Z) (S (S (S (S (S m_150_380_570_820_1130))))))
(uncyclic) Theorized 163 lemmas, fully attempted 44 lemmas, proved 38 lemmas
ta3-sol32 uncyclic: VALID (109908 ms)
Proving begin ta3-sol90: (mul3 n m) === (sol90 n m)
Property accepted by cvec analysis
proved lemma forall v0: Bool. v0 === (or False v0) True === (or False True)
proved lemma forall v0: Bool. v0 === (or v0 False) True === (or True False)
proved lemma forall v0: Nat. Z === (mul3 v0 Z) Z === (mul3 (S v0_30) Z)
(uncyclic) Theorized 40 lemmas, fully attempted 32 lemmas, proved 3 lemmas
ta3-sol90 uncyclic: INVALID (603 ms)
Proving begin ta3-sol116: (mul3 n m) === (sol116 n m)
Property accepted by cvec analysis
proved lemma forall v0: Nat. v1: Nat. (S (add1 v0 v1)) === (add1 v0 (S v1)) (S (add1 (S v0_60) v1)) === (add1 (S v0_60) (S v1))
proved lemma forall v0: Nat. v1: Nat. (add1 v0 v1) === (add3 v0 v1) (add1 (S v0_40) v1) === (add3 (S v0_40) v1)
proved lemma forall v0: Nat. v1: Nat. v2: Nat. (S (natmul-helper v0 v1 v2)) === (natmul-helper v0 v1 (S v2)) (S (natmul-helper (S v0_70) v1 v2)) === (natmul-helper (S v0_70) v1 (S v2))
proved lemma forall v0: Nat. v1: Nat. v2: Nat. (add3 v0 (S (natmul-helper v1 v2 v2))) === (natmul-helper v1 v2 (S (add1 v0 v2))) (add3 (S v0_90) (S (natmul-helper (S v1_230) v2 v2))) === (natmul-helper (S v1_230) v2 (S (add1 (S v0_90) v2)))
proved lemma forall n: Nat. m: Nat. (mul3 n m) === (sol116 n m) (mul3 (S Z) (S (S (S (S m_150_380_570_820))))) === (sol116 (S Z) (S (S (S (S m_150_380_570_820)))))
(uncyclic) Theorized 7 lemmas, fully attempted 7 lemmas, proved 4 lemmas
ta3-sol116 uncyclic: VALID (510 ms)
Proving begin ta4-ta5: (mul4 n m) === (mul5 n m)
Property accepted by cvec analysis
proved lemma forall v0: Nat. (S v0) === (add2 (S Z) v0) (S (S v0_50)) === (add2 (S Z) (S v0_50))
proved lemma forall v0: Nat. v1: Nat. (S (add3 v0 v1)) === (add3 v0 (S v1)) (S (add3 (S v0_110) v1)) === (add3 (S v0_110) (S v1))
proved lemma forall v0: Nat. v1: Nat. v2: Nat. (add2 (S v0) (add3 v1 v2)) === (add3 (add2 v0 v1) (S v2)) (add2 (S (S v0_140)) (add3 Z (S v2_370))) === (add3 (add2 (S v0_140) Z) (S (S v2_370)))
proved lemma forall n: Nat. m: Nat. (mul4 n m) === (mul5 n m)
(uncyclic) Theorized 5 lemmas, fully attempted 3 lemmas, proved 3 lemmas
ta4-ta5 uncyclic: VALID (533 ms)
Proving begin ta4-ta6: (mul4 n m) === (mul6 n m)
Property accepted by cvec analysis
proved lemma forall v0: Nat. Z === (mul6 Z v0) Z === (mul6 Z (S v0_30))
proved lemma forall v0: Nat. v1: Nat. (S (add4 v0 v1)) === (add4 (S v0) v1) (S (add4 v0 (S v1_60))) === (add4 (S v0) (S v1_60))
proved lemma forall v0: Nat. v1: Nat. (S v0) === (add4 (S (mul6 Z v1)) v0)
proved lemma forall v0: Nat. v0 === (add4 Z v0) (S v0_30) === (add4 Z (S v0_30))
proved lemma forall v0: Nat. v1: Nat. (S (add3 v0 v1)) === (add3 v0 (S v1)) (S (add3 (S v0_190) v1)) === (add3 (S v0_190) (S v1))
proved lemma forall v0: Nat. v1: Nat. v2: Nat. (add3 (add4 v0 v1) (S v2)) === (add4 (S v0) (add3 v1 v2))
proved lemma forall n: Nat. m: Nat. (mul4 n m) === (mul6 n m)
(uncyclic) Theorized 8 lemmas, fully attempted 7 lemmas, proved 6 lemmas
ta4-ta6 uncyclic: VALID (189 ms)
Proving begin ta4-ta7: (mul4 n m) === (mul7 n m)
Property accepted by cvec analysis
proved lemma forall v0: Nat. v1: Nat. (S (add3 v0 v1)) === (add3 v0 (S v1)) (S (add3 (S v0_60) v1)) === (add3 (S v0_60) (S v1))
proved lemma forall v0: Nat. v1: Nat. v2: Nat. (add1 v0 (add3 v1 v2)) === (add3 (add1 v0 v1) v2)
proved lemma forall v0: Nat. v1: Nat. v2: Nat. (S (add1 v0 (add3 v1 v2))) === (add3 (add1 v0 v1) (S v2)) (S (add1 Z (add3 (S v1_120) v2))) === (add3 (add1 Z (S v1_120)) (S v2))
proved lemma forall n: Nat. m: Nat. (mul4 n m) === (mul7 n m)
(uncyclic) Theorized 3 lemmas, fully attempted 3 lemmas, proved 3 lemmas
ta4-ta7 uncyclic: VALID (54 ms)
Proving begin ta4-sol32: (mul4 n m) === (sol32 n m)
Property accepted by cvec analysis
proved lemma forall v0: Nat. v1: Nat. v2: Nat. (add3 (natmul-sub v0 v1 v2) v2) === (natmul-sub v0 (add3 v1 v2) v2) (add3 (natmul-sub (S v0_70) v1 v2) v2) === (natmul-sub (S v0_70) (add3 v1 v2) v2)
proved lemma forall n: Nat. m: Nat. (mul4 n m) === (sol32 n m) (mul4 (S (S (S n_60_150_490))) (S (S m_260_760))) === (sol32 (S (S (S n_60_150_490))) (S (S m_260_760)))
(uncyclic) Theorized 6 lemmas, fully attempted 5 lemmas, proved 1 lemmas
ta4-sol32 uncyclic: VALID (80 ms)
Proving begin ta4-sol90: (mul4 n m) === (sol90 n m)
Property accepted by cvec analysis
proved lemma forall v0: Bool. v0 === (or False v0) True === (or False True)
proved lemma forall v0: Bool. v0 === (or v0 False) True === (or True False)
(uncyclic) Theorized 28 lemmas, fully attempted 24 lemmas, proved 2 lemmas
ta4-sol90 uncyclic: INVALID (2538 ms)
Proving begin ta4-sol116: (mul4 n m) === (sol116 n m)
Property accepted by cvec analysis
proved lemma forall v0: Nat. v1: Nat. (S (add1 v0 v1)) === (add1 v0 (S v1)) (S (add1 (S v0_60) v1)) === (add1 (S v0_60) (S v1))
proved lemma forall v0: Nat. v1: Nat. (add1 v0 v1) === (add3 v0 v1) (add1 (S v0_40) v1) === (add3 (S v0_40) v1)
proved lemma forall v0: Nat. v0 === (add1 v0 Z) (S v0_40) === (add1 (S v0_40) Z)
proved lemma forall v0: Nat. Z === (mul4 v0 Z) Z === (mul4 (S v0_30) Z)
proved lemma forall v0: Nat. v0 === (mul4 v0 (S Z)) (S v0_140) === (mul4 (S v0_140) (S Z))
proved lemma forall v0: Nat. v0 === (add1 (add1 v0 Z) Z) v0 === (add1 (add1 v0 Z) Z)
proved lemma forall v0: Nat. (add1 (mul4 v0 Z) Z) === (mul4 v0 Z) (add1 (mul4 v0 Z) Z) === (mul4 v0 Z)
proved lemma forall v0: Nat. v1: Nat. (add1 (add1 (add1 (mul4 v0 (S Z)) Z) Z) v1) === (natmul-helper v0 (S Z) v1) (add1 (add1 (add1 (mul4 (S v0_410) (S Z)) Z) Z) v1) === (natmul-helper (S v0_410) (S Z) v1)
proved lemma forall v0: Nat. v1: Nat. (add1 (add1 (add1 (mul4 v0 (S v1)) v1) Z) Z) === (add1 (mul4 v0 (S v1)) v1) (add1 (add1 (add1 (mul4 v0 (S v1)) v1) Z) Z) === (add1 (mul4 v0 (S v1)) v1)
Reach the limit
Reach the limit
Reach the limit
Reach the limit
Reach the limit
Reach the limit
Reach the limit
Reach the limit
Reach the limit
Reach the limit
Reach the limit
Reach the limit
Reach the limit
Reach the limit
Reach the limit
(uncyclic) Theorized 24 lemmas, fully attempted 20 lemmas, proved 9 lemmas
ta4-sol116 uncyclic: TIMEOUT (128453 ms)
Proving begin ta5-ta6: (mul5 n m) === (mul6 n m)
Property accepted by cvec analysis
proved lemma forall v0: Nat. v1: Nat. (add2 v0 v1) === (add4 v0 v1) (add2 v0 (S (S v1_40_120))) === (add4 v0 (S (S v1_40_120)))
proved lemma forall n: Nat. m: Nat. (mul5 n m) === (mul6 n m)
(uncyclic) Theorized 1 lemmas, fully attempted 1 lemmas, proved 1 lemmas
ta5-ta6 uncyclic: VALID (501 ms)
Proving begin ta5-ta7: (mul5 n m) === (mul7 n m)
Property accepted by cvec analysis
proved lemma forall v0: Nat. Z === (mul5 Z v0) Z === (mul5 Z (S v0_30))
proved lemma forall v0: Nat. v1: Nat. (add1 v0 v1) === (add2 v0 v1) (add1 (S v0_40) (S v1_90)) === (add2 (S v0_40) (S v1_90))
proved lemma forall n: Nat. m: Nat. (mul5 n m) === (mul7 n m)
(uncyclic) Theorized 5 lemmas, fully attempted 2 lemmas, proved 2 lemmas
ta5-ta7 uncyclic: VALID (29 ms)
Proving begin ta5-sol32: (mul5 n m) === (sol32 n m)
Property accepted by cvec analysis
proved lemma forall v0: Nat. v1: Nat. (S (add2 v0 v1)) === (add2 (S v0) v1) (S (add2 v0 (S v1_60))) === (add2 (S v0) (S v1_60))
proved lemma forall v0: Nat. Z === (natmul-sub v0 Z Z) Z === (natmul-sub (S v0_30) Z Z)
proved lemma forall v0: Nat. v1: Nat. (S (add3 v0 v1)) === (add3 v0 (S v1)) (S (add3 (S v0_60) v1)) === (add3 (S v0_60) (S v1))
proved lemma forall v0: Nat. v1: Nat. (S (natmul-sub v0 v1 (S (natmul-sub v0 Z Z)))) === (natmul-sub v0 (S v1) (S Z))
proved lemma forall v0: Nat. (S v0) === (natmul-sub v0 (S Z) (S (natmul-sub v0 Z Z)))
proved lemma forall v0: Nat. (S v0) === (natmul-sub v0 (S (natmul-sub v0 Z Z)) (S Z))
proved lemma forall v0: Nat. v1: Nat. (S (add2 v0 (natmul-sub v1 Z (S (natmul-sub v1 Z Z))))) === (add2 (S v0) v1)
proved lemma forall v0: Nat. v1: Nat. (S (add2 v0 (natmul-sub v1 (natmul-sub v1 Z Z) (S Z)))) === (add2 (S v0) v1)
proved lemma forall v0: Nat. v1: Nat. (add2 v0 v1) === (add2 v0 (natmul-sub v1 (natmul-sub v1 Z Z) (S Z)))
proved lemma forall v0: Nat. v1: Nat. (add2 v0 v1) === (add2 v0 (natmul-sub v1 Z (S (natmul-sub v1 Z Z))))
proved lemma forall v0: Nat. v1: Nat. (add2 v0 v1) === (add2 v0 (natmul-sub v1 (natmul-sub v1 Z Z) (S (natmul-sub v1 Z Z))))
proved lemma forall v0: Nat. v1: Nat. (S (add2 v0 v1)) === (add2 v0 (natmul-sub v1 (S (natmul-sub v1 Z Z)) (S Z)))
proved lemma forall v0: Nat. v1: Nat. (S (add2 v0 v1)) === (add2 v0 (natmul-sub v1 (S Z) (S (natmul-sub v1 Z Z))))
(uncyclic) Theorized 175 lemmas, fully attempted 109 lemmas, proved 13 lemmas
ta5-sol32 uncyclic: TIMEOUT (127964 ms)
Proving begin ta5-sol90: (mul5 n m) === (sol90 n m)
Property accepted by cvec analysis
proved lemma forall v0: Bool. v0 === (or False v0) True === (or False True)
proved lemma forall v0: Bool. v0 === (or v0 False) True === (or True False)
proved lemma forall v0: Nat. v0 === (add2 Z v0) (S v0_30) === (add2 Z (S v0_30))
proved lemma forall v0: Nat. (add2 Z (mul5 Z v0)) === (mul5 Z v0) (add2 Z (mul5 Z v0)) === (mul5 Z v0)
proved lemma forall v0: Nat. True === (eq Z (add2 Z (mul5 Z v0))) True === (eq Z (add2 Z (mul5 Z (S v0_150))))
Reach the limit
Reach the limit
Reach the limit
Reach the limit
(uncyclic) Theorized 48 lemmas, fully attempted 45 lemmas, proved 5 lemmas
ta5-sol90 uncyclic: INVALID (9903 ms)
Proving begin ta5-sol116: (mul5 n m) === (sol116 n m)
Property accepted by cvec analysis
proved lemma forall v0: Nat. v1: Nat. (S (add1 v0 v1)) === (add1 v0 (S v1)) (S (add1 (S v0_60) v1)) === (add1 (S v0_60) (S v1))
proved lemma forall v0: Nat. v1: Nat. v2: Nat. v3: Nat. (add2 v0 (natmul-helper v1 v2 (S v3))) === (add2 (S v0) (natmul-helper v1 v2 v3)) (add2 v0 (natmul-helper Z v2 (S (S v3_150)))) === (add2 (S v0) (natmul-helper Z v2 (S v3_150)))
proved lemma forall v0: Nat. v1: Nat. v2: Nat. v3: Nat. (add2 v0 (natmul-helper v1 v2 (add1 v3 (S v2)))) === (add2 (S v0) (natmul-helper v1 v2 (add1 v3 v2)))
proved lemma forall v0: Nat. v1: Nat. v2: Nat. (add2 (S (S (S v0))) (natmul-helper v0 v1 v2)) === (natmul-helper v0 (S v1) (S (S (S v2))))
proved lemma forall n: Nat. m: Nat. (mul5 n m) === (sol116 n m) (mul5 (S (S (S (S n_60_270_800_2670)))) (S (S (S m_140_480_1640)))) === (sol116 (S (S (S (S n_60_270_800_2670)))) (S (S (S m_140_480_1640))))
(uncyclic) Theorized 5 lemmas, fully attempted 4 lemmas, proved 4 lemmas
ta5-sol116 uncyclic: VALID (577 ms)
Proving begin ta6-ta7: (mul6 n m) === (mul7 n m)
Property accepted by cvec analysis
proved lemma forall v0: Nat. Z === (mul7 Z v0) Z === (mul7 Z (S v0_30))
proved lemma forall v0: Nat. v1: Nat. (S (add4 v0 v1)) === (add4 (S v0) v1) (S (add4 v0 (S v1_60))) === (add4 (S v0) (S v1_60))
proved lemma forall v0: Nat. v1: Nat. (add1 v0 v1) === (add4 v0 v1) (add1 Z (S (S v1_50_110))) === (add4 Z (S (S v1_50_110)))
proved lemma forall n: Nat. m: Nat. (mul6 n m) === (mul7 n m)
(uncyclic) Theorized 7 lemmas, fully attempted 3 lemmas, proved 3 lemmas
ta6-ta7 uncyclic: VALID (51 ms)
Proving begin ta6-sol32: (mul6 n m) === (sol32 n m)
Property accepted by cvec analysis
proved lemma forall v0: Nat. (S Z) === (natmul-sub v0 (S Z) Z) (S Z) === (natmul-sub (S v0_40) (S Z) Z)
proved lemma forall v0: Nat. v1: Nat. (S v0) === (add4 v0 (natmul-sub v1 (S Z) Z)) (S v0) === (add4 v0 (natmul-sub v1 (S Z) Z))
(uncyclic) Theorized 18 lemmas, fully attempted 7 lemmas, proved 2 lemmas
ta6-sol32 uncyclic: INVALID (7415 ms)
Proving begin ta6-sol90: (mul6 n m) === (sol90 n m)
Property accepted by cvec analysis
proved lemma forall v0: Bool. v0 === (or False v0) True === (or False True)
proved lemma forall v0: Bool. v0 === (or v0 False) True === (or True False)
(uncyclic) Theorized 28 lemmas, fully attempted 27 lemmas, proved 2 lemmas
ta6-sol90 uncyclic: INVALID (3003 ms)
Proving begin ta6-sol116: (mul6 n m) === (sol116 n m)
Property accepted by cvec analysis
proved lemma forall v0: Nat. v1: Nat. (S (add1 v0 v1)) === (add1 v0 (S v1)) (S (add1 (S v0_60) v1)) === (add1 (S v0_60) (S v1))
proved lemma forall v0: Nat. v1: Nat. v2: Nat. v3: Nat. (add4 v0 (natmul-helper v1 v2 (S v3))) === (add4 (S v0) (natmul-helper v1 v2 v3)) (add4 v0 (natmul-helper (S v1_100) v2 (S v3))) === (add4 (S v0) (natmul-helper (S v1_100) v2 v3))
proved lemma forall v0: Nat. v1: Nat. v2: Nat. v3: Nat. (add4 v0 (natmul-helper v1 v2 (add1 v3 (S v2)))) === (add4 (S v0) (natmul-helper v1 v2 (add1 v3 v2)))
proved lemma forall v0: Nat. v0 === (add1 v0 Z) (S v0_30) === (add1 (S v0_30) Z)
(uncyclic) Theorized 78 lemmas, fully attempted 12 lemmas, proved 4 lemmas
ta6-sol116 uncyclic: TIMEOUT (127989 ms)
Proving begin sol32-sol90: (sol32 n m) === (sol90 n m)
Property accepted by cvec analysis
proved lemma forall v0: Bool. v0 === (or False v0) True === (or False True)
proved lemma forall v0: Bool. v0 === (or v0 False) True === (or True False)
(uncyclic) Theorized 26 lemmas, fully attempted 25 lemmas, proved 2 lemmas
sol32-sol90 uncyclic: INVALID (3242 ms)
Proving begin sol32-sol116: (sol32 n m) === (sol116 n m)
Property accepted by cvec analysis
proved lemma forall v0: Nat. v1: Nat. (S (add1 v0 v1)) === (add1 v0 (S v1)) (S (add1 (S v0_60) v1)) === (add1 (S v0_60) (S v1))
proved lemma forall v0: Nat. v1: Nat. (S (add1 v0 v1)) === (add3 v0 (S v1))
proved lemma forall v0: Nat. (add1 v0 v0) === (add3 v0 v0)
proved lemma forall v0: Nat. v1: Nat. (add1 v0 v1) === (add3 v0 v1) (add1 (S (S v0_40_120)) v1) === (add3 (S (S v0_40_120)) v1)
proved lemma forall v0: Nat. v1: Nat. v2: Nat. (natmul-helper v0 v1 v2) === (natmul-sub v0 v2 v1)
proved lemma forall n: Nat. m: Nat. (sol32 n m) === (sol116 n m) (sol32 (S (S n_70_350)) (S m_190)) === (sol116 (S (S n_70_350)) (S m_190))
(uncyclic) Theorized 8 lemmas, fully attempted 5 lemmas, proved 5 lemmas
sol32-sol116 uncyclic: VALID (120 ms)
Proving begin sol90-sol116: (sol90 n m) === (sol116 n m)
Property accepted by cvec analysis
proved lemma forall v0: Bool. v0 === (or False v0) True === (or False True)
proved lemma forall v0: Bool. v0 === (or v0 False) True === (or True False)
(uncyclic) Theorized 26 lemmas, fully attempted 25 lemmas, proved 2 lemmas
sol90-sol116 uncyclic: INVALID (1328 ms)
Attempted 22 goals:
  11 solved (no cyclic)
