Proving begin optimize: (main inp0) === (mainNew inp0)
Property accepted by cvec analysis
proved lemma forall v0: List. v0 === (tf1 v0 v0) (Cons v0_20 v0_21) === (tf1 (Cons v0_20 v0_21) (Cons v0_20 v0_21))
proved lemma forall v0: Nat. v0 === (ite1 (lq Zero v0) v0 Zero) (Succ v0_40) === (ite1 (lq Zero (Succ v0_40)) (Succ v0_40) Zero)
proved lemma forall v0: Bool. v0 === (or False v0) True === (or False True)
proved lemma forall v0: Bool. v0 === (lq Zero (ite1 v0 (Succ Zero) Zero)) True === (lq Zero (ite1 True (Succ Zero) Zero))
proved lemma forall v0: Bool. v0 === (lq Zero (ite1 v0 (Succ (Succ Zero)) Zero)) True === (lq Zero (ite1 True (Succ (Succ Zero)) Zero))
proved lemma forall v0: Bool. (lq Zero (ite1 v0 (Succ Zero) Zero)) === (or False v0) (lq Zero (ite1 v0 (Succ Zero) Zero)) === (or False v0)
proved lemma forall v0: Bool. v0 === (lq Zero (ite1 (or False v0) (Succ Zero) Zero)) v0 === (lq Zero (ite1 (or False v0) (Succ Zero) Zero))
proved lemma forall v0: Bool. (lq Zero (ite1 v0 (Succ (Succ Zero)) Zero)) === (or False v0) (lq Zero (ite1 v0 (Succ (Succ Zero)) Zero)) === (or False v0)
proved lemma forall v0: Bool. v0 === (lq Zero (ite1 (or False v0) (Succ (Succ Zero)) Zero)) v0 === (lq Zero (ite1 (or False v0) (Succ (Succ Zero)) Zero))
proved lemma forall v0: Bool. (lq Zero (ite1 (or False v0) (Succ Zero) Zero)) === (or False v0) (lq Zero (ite1 (or False v0) (Succ Zero) Zero)) === (or False v0)
proved lemma forall v0: Bool. v1: List. v0 === (lq Zero (ite1 (not v0) Zero (Succ (snd2 (tf6 v1))))) True === (lq Zero (ite1 (not True) Zero (Succ (snd2 (tf6 v1)))))
proved lemma forall v0: Bool. (lq Zero (ite1 (or False v0) (Succ (Succ Zero)) Zero)) === (or False v0) (lq Zero (ite1 (or False v0) (Succ (Succ Zero)) Zero)) === (or False v0)
proved lemma forall v0: Bool. v1: List. v0 === (lq Zero (ite1 (not (or False v0)) Zero (Succ (snd2 (tf6 v1))))) v0 === (lq Zero (ite1 (not (or False v0)) Zero (Succ (snd2 (tf6 v1)))))
proved lemma forall v0: Bool. v1: List. (lq Zero (ite1 (not v0) Zero (Succ (snd2 (tf6 v1))))) === (or False v0) (lq Zero (ite1 (not v0) Zero (Succ (snd2 (tf6 v1))))) === (or False v0)
proved lemma forall v0: Bool. (lq Zero (ite1 v0 (Succ Zero) Zero)) === (lq Zero (ite1 v0 (Succ (Succ Zero)) Zero)) (lq Zero (ite1 v0 (Succ Zero) Zero)) === (lq Zero (ite1 v0 (Succ (Succ Zero)) Zero))
proved lemma forall v0: Nat. True === (lq Zero (ite1 (lq Zero v0) v0 (Succ v0))) True === (lq Zero (ite1 (lq Zero (Succ v0_600)) (Succ v0_600) (Succ (Succ v0_600))))
proved lemma forall v0: Nat. (Succ v0) === (ite1 (lq Zero v0) (Succ v0) (Succ Zero)) (Succ (Succ v0_600)) === (ite1 (lq Zero (Succ v0_600)) (Succ (Succ v0_600)) (Succ Zero))
proved lemma forall v0: Nat. True === (lq Zero (ite1 (lq (Succ Zero) v0) v0 (Succ Zero)))
proved lemma forall v0: Bool. v0 === (lq Zero (ite1 v0 (Succ (Succ (Succ Zero))) Zero)) True === (lq Zero (ite1 True (Succ (Succ (Succ Zero))) Zero))
proved lemma forall v0: Bool. (lq Zero (ite1 v0 (Succ (Succ (Succ Zero))) Zero)) === (or False v0) (lq Zero (ite1 v0 (Succ (Succ (Succ Zero))) Zero)) === (or False v0)
proved lemma forall v0: Bool. v0 === (lq Zero (ite1 (or False v0) (Succ (Succ (Succ Zero))) Zero)) v0 === (lq Zero (ite1 (or False v0) (Succ (Succ (Succ Zero))) Zero))
proved lemma forall v0: Bool. (lq Zero (ite1 (or False v0) (Succ (Succ (Succ Zero))) Zero)) === (or False v0) (lq Zero (ite1 (or False v0) (Succ (Succ (Succ Zero))) Zero)) === (or False v0)
proved lemma forall v0: Nat. (Succ Zero) === (ite1 (lq Zero (ite1 (lq Zero v0) v0 (Succ v0))) (Succ Zero) Zero) (Succ Zero) === (ite1 (lq Zero (ite1 (lq Zero v0) v0 (Succ v0))) (Succ Zero) Zero)
proved lemma forall v0: Nat. (ite1 (lq Zero v0) v0 (Succ v0)) === (ite1 (lq (Succ Zero) v0) v0 (Succ Zero)) (ite1 (lq Zero (Succ v0_840)) (Succ v0_840) (Succ (Succ v0_840))) === (ite1 (lq (Succ Zero) (Succ v0_840)) (Succ v0_840) (Succ Zero))
proved lemma forall v0: Bool. v1: List. (lq Zero (ite1 (not (or False v0)) Zero (Succ (snd2 (tf6 v1))))) === (or False v0) (lq Zero (ite1 (not (or False v0)) Zero (Succ (snd2 (tf6 v1))))) === (or False v0)
(uncyclic) Theorized 88 lemmas, fully attempted 63 lemmas, proved 25 lemmas
optimize uncyclic: TIMEOUT (60463 ms)
Attempted 1 goals:
  0 solved (no cyclic)
