Proving begin optimize: (main inp0) === (mainNew inp0)
Property accepted by cvec analysis
proved lemma forall v0: Nat. v0 === (plus v0 Zero) (Succ v0_30) === (plus (Succ v0_30) Zero)
proved lemma forall v0: Nat. v1: Nat. (plus v0 (plus v1 v1)) === (plus (plus v0 v1) v1) (plus (Succ v0_140) (plus v1 v1)) === (plus (plus (Succ v0_140) v1) v1)
proved lemma forall v0: Nat. v1: Nat. (Succ (plus v0 v1)) === (plus v0 (Succ v1)) (Succ (plus (Succ v0_140) v1)) === (plus (Succ v0_140) (Succ v1))
proved lemma forall v0: Nat. v1: Nat. (plus (plus v0 v0) (plus v1 v1)) === (plus (plus v0 v1) (plus v0 v1)) (plus (plus (Succ v0_160) (Succ v0_160)) (plus v1 v1)) === (plus (plus (Succ v0_160) v1) (plus (Succ v0_160) v1))
proved lemma forall v0: Nat. v1: Nat. v2: Nat. (plus (plus (plus v0 v0) (plus v1 v1)) v2) === (plus (plus (plus v0 v1) (plus v0 v1)) v2)
proved lemma forall v0: Nat. v1: Nat. v2: Nat. (plus (plus v0 v0) (plus v1 v2)) === (plus (plus v0 v1) (plus v0 v2)) (plus (plus (Succ v0_200) (Succ v0_200)) (plus v1 v2)) === (plus (plus (Succ v0_200) v1) (plus (Succ v0_200) v2))
proved lemma forall v0: Nat. v1: Nat. (plus v0 v1) === (plus (plus v1 Zero) v0) (plus (Succ v0_110) v1) === (plus (plus v1 Zero) (Succ v0_110))
proved lemma forall v0: Nat. v1: Nat. v2: Nat. (plus (plus v0 v1) v2) === (plus (plus v2 (plus v0 Zero)) (plus v1 Zero)) (plus (plus (Succ v0_180) v1) v2) === (plus (plus v2 (plus (Succ v0_180) Zero)) (plus v1 Zero))
proved lemma forall v0: Nat. v1: Nat. v2: Tree. (plus v0 (plus v1 (snd1 (tf7 v2)))) === (plus (snd1 (tf7 v2)) (plus v1 v0)) (plus v0 (plus v1 (snd1 (tf7 v2)))) === (plus (snd1 (tf7 v2)) (plus v1 v0))
proved lemma forall v0: Nat. v1: Nat. v2: Tree. (plus (plus v0 v1) (snd1 (tf7 v2))) === (plus (plus v1 (snd1 (tf7 v2))) v0) (plus (plus v0 v1) (snd1 (tf7 v2))) === (plus (plus v1 (snd1 (tf7 v2))) v0)
proved lemma forall v0: Nat. v1: Tree. v2: Nat. (plus v0 (plus (snd1 (tf7 v1)) v2)) === (plus (plus v2 v0) (snd1 (tf7 v1))) (plus v0 (plus (snd1 (tf7 v1)) v2)) === (plus (plus v2 v0) (snd1 (tf7 v1)))
proved lemma forall v0: Nat. v1: Tree. v2: Nat. (plus v0 (plus (snd1 (tf7 v1)) v2)) === (plus (snd1 (tf7 v1)) (plus v2 v0)) (plus v0 (plus (snd1 (tf7 v1)) v2)) === (plus (snd1 (tf7 v1)) (plus v2 v0))
proved lemma forall v0: Tree. v1: Nat. v2: Nat. (plus (plus (snd1 (tf7 v0)) v1) v2) === (plus (snd1 (tf7 v0)) (plus v1 v2)) (plus (plus (snd1 (tf7 v0)) v1) v2) === (plus (snd1 (tf7 v0)) (plus v1 v2))
proved lemma forall v0: Nat. v1: Tree. v2: Nat. (plus (plus v0 (snd1 (tf7 v1))) v2) === (plus (snd1 (tf7 v1)) (plus v0 v2)) (plus (plus v0 (snd1 (tf7 v1))) v2) === (plus (snd1 (tf7 v1)) (plus v0 v2))
proved lemma forall v0: Nat. v1: Nat. v2: Tree. (plus v0 (plus v1 (snd1 (tf7 v2)))) === (plus (plus v1 v0) (snd1 (tf7 v2))) (plus v0 (plus v1 (snd1 (tf7 v2)))) === (plus (plus v1 v0) (snd1 (tf7 v2)))
proved lemma forall v0: Nat. v1: Tree. v2: Nat. (plus (plus v0 (snd1 (tf7 v1))) v2) === (plus (plus (plus v0 Zero) v2) (snd1 (tf7 v1))) (plus (plus v0 (snd1 (tf7 v1))) v2) === (plus (plus (plus v0 Zero) v2) (snd1 (tf7 v1)))
proved lemma forall v0: Nat. v1: Tree. v2: Nat. (plus (plus v0 (plus (snd1 (tf7 v1)) v2)) v0) === (plus (plus (plus v2 v0) v0) (snd1 (tf7 v1))) (plus (plus v0 (plus (snd1 (tf7 v1)) v2)) v0) === (plus (plus (plus v2 v0) v0) (snd1 (tf7 v1)))
proved lemma forall v0: Nat. v1: Nat. v2: Tree. (plus v0 (plus v0 (plus v1 (snd1 (tf7 v2))))) === (plus (plus v1 (plus v0 v0)) (snd1 (tf7 v2))) (plus v0 (plus v0 (plus v1 (snd1 (tf7 v2))))) === (plus (plus v1 (plus v0 v0)) (snd1 (tf7 v2)))
(uncyclic) Theorized 190 lemmas, fully attempted 116 lemmas, proved 18 lemmas
optimize uncyclic: TIMEOUT (60525 ms)
Attempted 1 goals:
  0 solved (no cyclic)
