Proving begin optimize: (main inp0) === (mainNew inp0)
Property accepted by cvec analysis
proved lemma forall v0: Bool. v0 === (and True v0) True === (and True True)
proved lemma forall v0: Tuple3. (and True (fst3 v0)) === (fst3 v0) (and True (fst3 v0)) === (fst3 v0)
proved lemma forall v0: Tuple2. (and True (third2 v0)) === (third2 v0) (and True (third2 v0)) === (third2 v0)
proved lemma forall v0: SList. v1: CList. (fst2 (tf5 v0)) === (fst2 (tf5 (tf1 (tf3 v1) v0))) (fst2 (tf5 (Cons v0_80 v0_81))) === (fst2 (tf5 (tf1 (tf3 v1) (Cons v0_80 v0_81))))
proved lemma forall v0: CList. (fst2 (tf5 (tf3 v0))) === (snd3 (tf7 v0))
proved lemma forall v0: Nat. v1: CList. (lq v0 (fst2 (tf5 (tf3 v1)))) === (lq v0 (snd3 (tf7 v1)))
proved lemma forall v0: SList. v1: SList. v2: Nat. (snd2 (tf5 (tf1 v0 v1))) === (snd2 (tf5 (tf1 (Cons v2 v0) v1))) (snd2 (tf5 (tf1 v0 (Cons v1_100 v1_101)))) === (snd2 (tf5 (tf1 (Cons v2 v0) (Cons v1_100 v1_101))))
proved lemma forall v0: Nat. v1: SList. v0 === (snd2 (tf5 (tf1 (Elt v0) v1))) v0 === (snd2 (tf5 (tf1 (Elt v0) (Cons v1_60 v1_61))))
proved lemma forall v0: Nat. v1: CList. v0 === (snd2 (tf5 (tf1 (Elt v0) (tf3 v1)))) (Succ v0_2630) === (snd2 (tf5 (tf1 (Elt (Succ v0_2630)) (tf3 (Concat (Concat (Single v1_70_290_1370) v1_70_291) (Concat v1_71_670 v1_71_671))))))
proved lemma forall v0: SList. v1: Nat. v2: CList. (snd2 (tf5 v0)) === (snd2 (tf5 (tf1 (Cons v1 v0) (tf3 v2)))) (snd2 (tf5 (Cons v0_130 v0_131))) === (snd2 (tf5 (tf1 (Cons v1 (Cons v0_130 v0_131)) (tf3 v2))))
proved lemma forall v0: SList. v1: SList. v2: Nat. (fst2 (tf5 (tf1 v0 v1))) === (fst2 (tf5 (tf1 (Cons v2 v0) v1))) (fst2 (tf5 (tf1 v0 (Cons v1_100 v1_101)))) === (fst2 (tf5 (tf1 (Cons v2 v0) (Cons v1_100 v1_101))))
proved lemma forall v0: Nat. v1: SList. v2: SList. v3: Nat. (lq v0 (fst2 (tf5 (tf1 v1 v2)))) === (lq v0 (fst2 (tf5 (tf1 (Cons v3 v1) v2)))) (lq v0 (fst2 (tf5 (tf1 v1 v2)))) === (lq v0 (fst2 (tf5 (tf1 (Cons v3 v1) v2))))
proved lemma forall v0: Bool. v0 === (and v0 True) True === (and True True)
proved lemma forall v0: Nat. v1: Nat. (and (lq v0 v1) True) === (lq v0 v1) (and (lq v0 v1) True) === (lq v0 v1)
proved lemma forall v0: SList. v1: SList. v2: Nat. (snd2 (tf5 (tf1 v0 v1))) === (snd2 (tf5 (tf1 v0 (tf1 (Elt v2) v1)))) (snd2 (tf5 (tf1 v0 (Cons v1_110 v1_111)))) === (snd2 (tf5 (tf1 v0 (tf1 (Elt v2) (Cons v1_110 v1_111)))))
proved lemma forall v0: SList. v1: CList. (snd2 (tf5 v0)) === (snd2 (tf5 (tf1 v0 (tf3 v1)))) (snd2 (tf5 (Elt v0_80))) === (snd2 (tf5 (tf1 (Elt v0_80) (tf3 (Concat (Concat v1_130_350 v1_130_351) (Concat v1_131_730 v1_131_731))))))
proved lemma forall v0: SList. v1: SList. v2: CList. (snd2 (tf5 (tf1 v0 v1))) === (snd2 (tf5 (tf1 (tf1 v0 (tf3 v2)) v1))) (snd2 (tf5 (tf1 v0 (Cons v1_110 v1_111)))) === (snd2 (tf5 (tf1 (tf1 v0 (tf3 v2)) (Cons v1_110 v1_111))))
proved lemma forall v0: SList. v1: SList. v2: CList. (fst2 (tf5 (tf1 v0 v1))) === (fst2 (tf5 (tf1 (tf1 v0 (tf3 v2)) v1))) (fst2 (tf5 (tf1 v0 (Cons v1_110 v1_111)))) === (fst2 (tf5 (tf1 (tf1 v0 (tf3 v2)) (Cons v1_110 v1_111))))
proved lemma forall v0: SList. v1: SList. v2: CList. (fst2 (tf5 (tf1 v0 v1))) === (fst2 (tf5 (tf1 v0 (tf1 (tf3 v2) v1)))) (fst2 (tf5 (tf1 v0 (Cons v1_110 v1_111)))) === (fst2 (tf5 (tf1 v0 (tf1 (tf3 v2) (Cons v1_110 v1_111)))))
proved lemma forall v0: SList. v1: CList. v2: CList. (fst2 (tf5 (tf1 v0 (tf1 (tf3 v1) (tf3 v2))))) === (fst2 (tf5 (tf1 v0 (tf3 v2))))
proved lemma forall v0: SList. v1: Nat. (tf5 (tf1 (Elt Zero) v0)) === (tf5 (tf1 (Elt Zero) (tf1 (Elt v1) v0))) (tf5 (tf1 (Elt Zero) (Cons v0_100 v0_101))) === (tf5 (tf1 (Elt Zero) (tf1 (Elt v1) (Cons v0_100 v0_101))))
proved lemma forall v0: Nat. v1: CList. (tf5 (tf1 (Elt Zero) (tf1 (Elt v0) (tf3 v1)))) === (tf5 (tf1 (Elt Zero) (tf3 v1)))
proved lemma forall v0: CList. (tf5 (tf1 (Elt Zero) (tf1 (Elt Zero) (tf3 v0)))) === (tf5 (tf1 (Elt Zero) (tf3 v0))) (tf5 (tf1 (Elt Zero) (tf1 (Elt Zero) (tf3 v0)))) === (tf5 (tf1 (Elt Zero) (tf3 v0)))
proved lemma forall v0: SList. (tf5 (tf1 (Elt Zero) v0)) === (tf5 (tf1 (Elt Zero) (tf1 (Elt Zero) v0))) (tf5 (tf1 (Elt Zero) (Cons v0_70 v0_71))) === (tf5 (tf1 (Elt Zero) (tf1 (Elt Zero) (Cons v0_70 v0_71))))
(uncyclic) Theorized 177 lemmas, fully attempted 114 lemmas, proved 24 lemmas
optimize uncyclic: TIMEOUT (60248 ms)
Attempted 1 goals:
  0 solved (no cyclic)
