Proving begin optimize: (main inp0) === (mainNew inp0)
Property accepted by cvec analysis
proved lemma forall v0: Bool. v0 === (and v0 True) True === (and True True)
proved lemma forall v0: Tuple3. (and (snd3 v0) True) === (snd3 v0) (and (snd3 v0) True) === (snd3 v0)
proved lemma forall v0: Nat. v0 === (plus v0 Zero) (Succ v0_30) === (plus (Succ v0_30) Zero)
proved lemma forall v0: Nat. v1: Nat. (Succ (plus v0 v1)) === (plus v0 (Succ v1)) (Succ (plus (Succ v0_140) v1)) === (plus (Succ v0_140) (Succ v1))
proved lemma forall v0: Nat. v1: Tuple4. (plus v0 (fst4 v1)) === (plus (fst4 v1) v0)
proved lemma forall v0: Nat. v0 === (ite2 (gq v0 Zero) v0 Zero) (Succ v0_100) === (ite2 (gq (Succ v0_100) Zero) (Succ v0_100) Zero)
proved lemma forall v0: Nat. (gq v0 Zero) === (lq Zero v0) (gq (Succ v0_150) Zero) === (lq Zero (Succ v0_150))
proved lemma forall v0: List. True === (snd3 (tf5 v0)) True === (snd3 (tf5 (Cons v0_60 v0_61)))
proved lemma forall v0: List. v1: CnList. (snd3 (tf5 v0)) === (snd3 (tf5 (tf1 (tf3 v1) v0)))
proved lemma forall v0: CnList. True === (snd3 (tf5 (tf3 v0)))
proved lemma forall v0: Bool. v0 === (and True v0) True === (and True True)
proved lemma forall v0: Nat. v1: Nat. (lq Zero (plus v0 v1)) === (lq Zero (plus v1 v0)) (lq Zero (plus (Succ v0_400) v1)) === (lq Zero (plus v1 (Succ v0_400)))
proved lemma forall v0: Nat. v1: Nat. (gq (plus v0 v1) Zero) === (gq (plus v1 v0) Zero)
proved lemma forall v0: Nat. v1: Nat. (plus v0 v1) === (plus (ite2 (lq Zero v1) v1 Zero) v0) (plus (Succ v0_530) v1) === (plus (ite2 (lq Zero v1) v1 Zero) (Succ v0_530))
proved lemma forall v0: Nat. v1: List. (plus v0 (fst3 (tf5 v1))) === (plus (fst3 (tf5 v1)) v0)
proved lemma forall v0: Nat. v1: Nat. (plus v0 v1) === (plus v1 (ite2 (lq Zero v0) v0 Zero))
proved lemma forall v0: Nat. v1: Tuple3. (plus v0 (fst3 v1)) === (plus (fst3 v1) v0) (plus Zero (fst3 (MakeTuple3 v1_60 v1_61))) === (plus (fst3 (MakeTuple3 v1_60 v1_61)) Zero)
proved lemma forall v0: Nat. (gq v0 Zero) === (gq (plus v0 v0) Zero) (gq (Succ v0_380) Zero) === (gq (plus (Succ v0_380) (Succ v0_380)) Zero)
proved lemma forall v0: Nat. (gq v0 Zero) === (lq Zero (plus v0 v0))
proved lemma forall v0: Nat. (gq (plus v0 v0) Zero) === (lq Zero v0)
proved lemma forall v0: Nat. (lq Zero v0) === (lq Zero (plus v0 v0))
(uncyclic) Theorized 114 lemmas, fully attempted 79 lemmas, proved 21 lemmas
optimize uncyclic: TIMEOUT (60241 ms)
Attempted 1 goals:
  0 solved (no cyclic)
