Proving begin optimize: (main inp0) === (mainNew inp0)
Property accepted by cvec analysis
proved lemma forall v0: Nat. v0 === (plus v0 Zero) (Succ v0_30) === (plus (Succ v0_30) Zero)
proved lemma forall v0: Bool. v1: Nat. (ite2 v0 v1 v1) === (plus v1 Zero) (ite2 True v1 v1) === (plus v1 Zero)
proved lemma forall v0: Bool. v1: Nat. (Succ (ite2 v0 v1 v1)) === (ite2 v0 (Succ v1) (Succ v1))
proved lemma forall v0: Nat. v0 === (ite2 (lq (plus v0 Zero) v0) v0 (plus v0 Zero))
proved lemma forall v0: Nat. v1: List. v0 === (ite2 (lq v0 (snd3 (tf7 v1))) v0 v0) (Succ v0_110) === (ite2 (lq (Succ v0_110) (snd3 (tf7 v1))) (Succ v0_110) (Succ v0_110))
proved lemma forall v0: Nat. False === (lq v0 v0) False === (lq (Succ v0_90) (Succ v0_90))
proved lemma forall v0: List. False === (lq (snd3 (tf7 v0)) (snd3 (tf7 v0))) False === (lq (snd3 (tf7 v0)) (snd3 (tf7 v0)))
proved lemma forall v0: List. False === (lq (fst3 (tf7 v0)) (fst3 (tf7 v0))) False === (lq (fst3 (tf7 v0)) (fst3 (tf7 v0)))
proved lemma forall v0: Nat. v1: Nat. (lq v0 v0) === (lq (plus v1 v0) (plus v1 v0)) (lq v0 v0) === (lq (plus v1 v0) (plus v1 v0))
proved lemma forall v0: Tuple3. v0 === (MakeTuple3 (fst3 v0) (snd3 v0)) (MakeTuple3 v0_40 v0_41) === (MakeTuple3 (fst3 (MakeTuple3 v0_40 v0_41)) (snd3 (MakeTuple3 v0_40 v0_41)))
proved lemma forall v0: Tree. (MakeTuple3 (fst3 (tf9 v0)) (snd3 (tf9 v0))) === (tf9 v0)
proved lemma forall v0: Nat. v1: Nat. False === (lq (plus v0 v1) v0) False === (lq (plus (Succ v0_210) v1) (Succ v0_210))
proved lemma forall v0: Nat. v1: Nat. (ite2 (lq (plus v0 v1) v0) v0 (plus v0 v1)) === (plus v0 v1)
proved lemma forall v0: Nat. v0 === (ite2 (lq Zero v0) v0 Zero) (Succ v0_160) === (ite2 (lq Zero (Succ v0_160)) (Succ v0_160) Zero)
proved lemma forall v0: Nat. v1: Nat. True === (lq Zero (plus v0 (Succ v1))) True === (lq Zero (plus (Succ v0_380) (Succ v1)))
proved lemma forall v0: Nat. v1: Nat. (Succ (plus v0 v1)) === (plus v0 (Succ v1)) (Succ (plus (Succ v0_590) v1)) === (plus (Succ v0_590) (Succ v1))
proved lemma forall v0: Nat. v1: Nat. (lq v0 (plus v1 v0)) === (lq Zero v1)
proved lemma forall v0: Nat. v1: Nat. (lq Zero v0) === (lq (plus v1 Zero) (plus v0 v1))
proved lemma forall v0: Nat. v1: Nat. True === (lq Zero (plus v0 (Succ (ite2 (lq Zero v1) v1 Zero)))) True === (lq Zero (plus v0 (Succ (ite2 (lq Zero v1) v1 Zero))))
proved lemma forall v0: Nat. v1: Nat. True === (lq Zero (plus (ite2 (lq Zero v0) v0 Zero) (Succ v1))) True === (lq Zero (plus (ite2 (lq Zero v0) v0 Zero) (Succ v1)))
proved lemma forall v0: Nat. v1: Nat. (lq Zero v0) === (lq (ite2 (lq Zero v1) v1 Zero) (plus v0 v1)) (lq Zero v0) === (lq (ite2 (lq Zero v1) v1 Zero) (plus v0 v1))
proved lemma forall v0: Nat. v1: Nat. (lq v0 (plus v1 (ite2 (lq Zero v0) v0 Zero))) === (lq Zero v1) (lq v0 (plus v1 (ite2 (lq Zero v0) v0 Zero))) === (lq Zero v1)
proved lemma forall v0: Nat. v1: Nat. (lq v0 (plus v1 v0)) === (lq (Succ v0) (plus v1 (Succ v0))) (lq v0 (plus v1 v0)) === (lq (Succ v0) (plus v1 (Succ v0)))
proved lemma forall v0: Nat. v1: Nat. (lq v0 (plus (ite2 (lq Zero v1) v1 Zero) v0)) === (lq Zero v1) (lq v0 (plus (ite2 (lq Zero v1) v1 Zero) v0)) === (lq Zero v1)
proved lemma forall v0: Nat. v1: List. False === (lq (plus v0 (snd3 (tf7 v1))) (plus v0 (snd3 (tf7 v1)))) False === (lq (plus v0 (snd3 (tf7 v1))) (plus v0 (snd3 (tf7 v1))))
proved lemma forall v0: Nat. v1: List. False === (lq (plus v0 (fst3 (tf7 v1))) (plus v0 (fst3 (tf7 v1)))) False === (lq (plus v0 (fst3 (tf7 v1))) (plus v0 (fst3 (tf7 v1))))
