Proving begin optimize: (main inp0) === (mainNew inp0)
Property accepted by cvec analysis
proved lemma forall v0: Nat. v0 === (ite1 (lq Zero v0) v0 Zero) (Succ v0_40) === (ite1 (lq Zero (Succ v0_40)) (Succ v0_40) Zero)
proved lemma forall v0: Nat. v0 === (plus v0 Zero) (Succ v0_100) === (plus (Succ v0_100) Zero)
proved lemma forall v0: Nat. (lq Zero v0) === (lq Zero (plus v0 Zero)) (lq Zero v0) === (lq Zero (plus v0 Zero))
proved lemma forall v0: Nat. v1: Nat. True === (lq Zero (plus v0 (Succ v1))) True === (lq Zero (plus (Succ v0_220) (Succ v1)))
proved lemma forall v0: Nat. v1: Nat. (Succ (plus v0 v1)) === (plus v0 (Succ v1)) (Succ (plus (Succ v0_320) v1)) === (plus (Succ v0_320) (Succ v1))
proved lemma forall v0: Nat. v1: Nat. True === (lq Zero (plus (plus v0 Zero) (Succ v1))) True === (lq Zero (plus (plus v0 Zero) (Succ v1)))
proved lemma forall v0: Nat. v1: Nat. True === (lq Zero (plus v0 (Succ (plus v1 Zero)))) True === (lq Zero (plus v0 (Succ (plus v1 Zero))))
proved lemma forall v0: Nat. v1: Nat. (Succ (plus v0 v1)) === (plus (plus v0 Zero) (Succ v1)) (Succ (plus v0 v1)) === (plus (plus v0 Zero) (Succ v1))
proved lemma forall v0: Nat. v1: Nat. (Succ (plus v0 (plus v1 Zero))) === (plus v0 (Succ v1)) (Succ (plus v0 (plus v1 Zero))) === (plus v0 (Succ v1))
proved lemma forall v0: Nat. v1: Nat. (Succ (plus (plus v0 Zero) v1)) === (plus v0 (Succ v1)) (Succ (plus (plus v0 Zero) v1)) === (plus v0 (Succ v1))
proved lemma forall v0: Nat. v1: Nat. (Succ (plus v0 v1)) === (plus v0 (Succ (plus v1 Zero))) (Succ (plus v0 v1)) === (plus v0 (Succ (plus v1 Zero)))
proved lemma forall v0: Nat. v1: Nat. True === (lq Zero (plus (plus v0 Zero) (Succ (plus v1 Zero)))) True === (lq Zero (plus (plus v0 Zero) (Succ (plus v1 Zero))))
proved lemma forall v0: Nat. v1: Nat. (Succ (plus v0 v1)) === (plus (plus v0 Zero) (Succ (plus v1 Zero))) (Succ (plus v0 v1)) === (plus (plus v0 Zero) (Succ (plus v1 Zero)))
proved lemma forall v0: Nat. v1: Nat. (Succ (plus (plus v0 Zero) (plus v1 Zero))) === (plus v0 (Succ v1)) (Succ (plus (plus v0 Zero) (plus v1 Zero))) === (plus v0 (Succ v1))
(uncyclic) Theorized 81 lemmas, fully attempted 36 lemmas, proved 14 lemmas
optimize uncyclic: TIMEOUT (60629 ms)
Attempted 1 goals:
  0 solved (no cyclic)
