Proving begin optimize: (main inp0) === (mainNew inp0)
Property accepted by cvec analysis
proved lemma forall v0: Nat. v0 === (ite3 (lq Zero v0) v0 Zero) (Succ v0_40) === (ite3 (lq Zero (Succ v0_40)) (Succ v0_40) Zero)
proved lemma forall v0: List. v0 === (tf15 v0 v0) (Cons v0_20 v0_21) === (tf15 (Cons v0_20 v0_21) (Cons v0_20 v0_21))
proved lemma forall v0: CList. v1: Nat. v0 === (ite5 (leq v1 Zero) v0 v0) v0 === (ite5 (leq (Succ v1_100) Zero) v0 v0)
proved lemma forall v0: CList. v0 === (tf17 v0)
proved lemma forall v0: Nat. v0 === (plus v0 Zero) (Succ v0_100) === (plus (Succ v0_100) Zero)
proved lemma forall v0: List. (plus (tf19 v0) Zero) === (tf19 v0) (plus (tf19 v0) Zero) === (tf19 v0)
proved lemma forall v0: Nat. (lq Zero v0) === (lq Zero (plus v0 Zero)) (lq Zero v0) === (lq Zero (plus v0 Zero))
proved lemma forall v0: Nat. v1: Nat. True === (lq Zero (plus v0 (Succ v1))) True === (lq Zero (plus (Succ v0_220) (Succ v1)))
proved lemma forall v0: Nat. v1: Nat. (plus v0 v1) === (plus v1 v0) (plus (Succ v0_210) (Succ v1_360)) === (plus (Succ v1_360) (Succ v0_210))
proved lemma forall v0: List. (ite3 (lq Zero (tf5 v0)) (tf5 v0) Zero) === (tf5 v0) (ite3 (lq Zero (tf5 v0)) (tf5 v0) Zero) === (tf5 v0)
proved lemma forall v0: List. (tf19 v0) === (tf5 (tf15 v0 v0)) (tf19 (Cons v0_40 v0_41)) === (tf5 (tf15 (Cons v0_40 v0_41) (Cons v0_40 v0_41)))
proved lemma forall v0: List. (lq Zero (tf19 v0)) === (lq Zero (tf5 v0))
proved lemma forall v0: Bool. v0 === (and True v0) True === (and True True)
proved lemma forall v0: Bool. v0 === (and v0 True) True === (and True True)
proved lemma forall v0: Tuple4. (and (snd4 v0) True) === (snd4 v0) (and (snd4 v0) True) === (snd4 v0)
proved lemma forall v0: CList. (and True (tf11 v0)) === (tf11 v0) (and True (tf11 v0)) === (tf11 v0)
proved lemma forall v0: CList. (and True (tf11 v0)) === (tf11 (tf17 v0)) (and True (tf11 v0)) === (tf11 (tf17 v0))
proved lemma forall v0: CList. (and True (tf11 (tf17 v0))) === (tf11 v0) (and True (tf11 (tf17 v0))) === (tf11 v0)
proved lemma forall v0: NList. True === (snd4 (tf13 v0)) True === (snd4 (tf13 (Ncons v0_70 v0_71)))
proved lemma forall v0: NList. v1: CList. (snd4 (tf13 v0)) === (snd4 (tf13 (tf1 v0 v1)))
proved lemma forall v0: CList. True === (snd4 (tf13 (tf3 v0)))
proved lemma forall v0: CList. True === (snd4 (tf13 (tf3 (tf17 v0))))
(uncyclic) Theorized 122 lemmas, fully attempted 94 lemmas, proved 22 lemmas
optimize uncyclic: TIMEOUT (61462 ms)
Attempted 1 goals:
  0 solved (no cyclic)
