Proving begin optimize: (main inp0) === (mainNew inp0)
Property accepted by cvec analysis
proved lemma forall v0: Tree. (tf5 v0) === (tf5 (tf7 v0)) (tf5 (Node v0_40 v0_41 v0_42)) === (tf5 (tf7 (Node v0_40 v0_41 v0_42)))
proved lemma forall v0: Tree. (tf7 v0) === (tf7 (tf7 v0)) (tf7 (Node v0_30 v0_31 v0_32)) === (tf7 (tf7 (Node v0_30 v0_31 v0_32)))
proved lemma forall v0: Bool. v0 === (and v0 True) True === (and True True)
proved lemma forall v0: Nat. (and (nateq Zero v0) True) === (nateq Zero v0) (and (nateq Zero v0) True) === (nateq Zero v0)
proved lemma forall v0: Nat. v0 === (ite1 (lq Zero v0) v0 Zero) (Succ v0_70) === (ite1 (lq Zero (Succ v0_70)) (Succ v0_70) Zero)
proved lemma forall v0: Tree. (ite1 (lq Zero (tf1 v0)) (tf1 v0) Zero) === (tf1 v0) (ite1 (lq Zero (tf1 v0)) (tf1 v0) Zero) === (tf1 v0)
proved lemma forall v0: Bool. v0 === (and True v0) True === (and True True)
proved lemma forall v0: Tree. (and True (tf3 v0)) === (tf3 v0) (and True (tf3 v0)) === (tf3 v0)
proved lemma forall v0: Bool. v1: Tree. v0 === (lq Zero (ite1 v0 (Succ (tf5 v1)) Zero)) True === (lq Zero (ite1 True (Succ (tf5 v1)) Zero))
proved lemma forall v0: Tree. (lq Zero (tf1 v0)) === (lq Zero (tf5 v0)) (lq Zero (tf1 (Node v0_220 v0_221 v0_222))) === (lq Zero (tf5 (Node v0_220 v0_221 v0_222)))
proved lemma forall v0: Tree. (and (and (nateq Zero (tf1 v0)) True) (tf3 v0)) === (nateq Zero (tf1 v0)) (and (and (nateq Zero (tf1 (Node v0_80 v0_81 v0_82))) True) (tf3 (Node v0_80 v0_81 v0_82))) === (nateq Zero (tf1 (Node v0_80 v0_81 v0_82)))
proved lemma forall v0: Tree. (lq Zero (ite1 (and (nateq Zero (tf1 v0)) (tf3 v0)) (Succ (tf5 v0)) Zero)) === (nateq Zero (tf1 v0)) (lq Zero (ite1 (and (nateq Zero (tf1 v0)) (tf3 v0)) (Succ (tf5 v0)) Zero)) === (nateq Zero (tf1 v0))
proved lemma forall v0: Tree. (tf1 v0) === (tf1 (tf7 v0)) (tf1 (Node v0_270 v0_271 v0_272)) === (tf1 (tf7 (Node v0_270 v0_271 v0_272)))
proved lemma forall v0: Tree. v1: Nat. (lq (tf1 v0) v1) === (lq (tf1 (tf7 v0)) v1) (lq (tf1 v0) v1) === (lq (tf1 (tf7 v0)) v1)
proved lemma forall v0: Tree. v1: Nat. (ite1 (lq (tf1 v0) v1) v1 (tf1 v0)) === (ite1 (lq (tf1 (tf7 v0)) v1) v1 (tf1 (tf7 v0))) (ite1 (lq (tf1 v0) v1) v1 (tf1 v0)) === (ite1 (lq (tf1 (tf7 v0)) v1) v1 (tf1 (tf7 v0)))
proved lemma forall v0: Tree. v1: Nat. (lq Zero (ite1 (lq (tf1 v0) v1) v1 (tf1 v0))) === (lq Zero (ite1 (lq (tf1 (tf7 v0)) v1) v1 (tf1 (tf7 v0)))) (lq Zero (ite1 (lq (tf1 v0) v1) v1 (tf1 v0))) === (lq Zero (ite1 (lq (tf1 (tf7 v0)) v1) v1 (tf1 (tf7 v0))))
(uncyclic) Theorized 194 lemmas, fully attempted 147 lemmas, proved 16 lemmas
optimize uncyclic: TIMEOUT (60043 ms)
Attempted 1 goals:
  0 solved (no cyclic)
