Proving begin optimize: (main inp0) === (mainNew inp0)
Property accepted by cvec analysis
proved lemma forall v0: Tree. (tf1 v0) === (tf1 (tf5 v0)) (tf1 (Node v0_40 v0_41 v0_42)) === (tf1 (tf5 (Node v0_40 v0_41 v0_42)))
proved lemma forall v0: Nat. v0 === (ite1 (lq Zero v0) v0 Zero) (Succ v0_40) === (ite1 (lq Zero (Succ v0_40)) (Succ v0_40) Zero)
proved lemma forall v0: Tree. (tf5 v0) === (tf5 (tf5 v0)) (tf5 (Node v0_30 v0_31 v0_32)) === (tf5 (tf5 (Node v0_30 v0_31 v0_32)))
proved lemma forall v0: Tree. (tf5 v0) === (tf5 (tf5 (tf5 (tf5 v0))))
proved lemma forall v0: Tree. (tf5 v0) === (tf5 (tf5 (tf5 v0)))
proved lemma forall v0: Bool. v1: Nat. v0 === (lq Zero (ite1 v0 (Succ v1) Zero)) True === (lq Zero (ite1 True (Succ v1) Zero))
proved lemma forall v0: Tree. (tf5 v0) === (tf5 (tf5 (tf5 (tf5 (tf5 v0))))) (tf5 v0) === (tf5 (tf5 (tf5 (tf5 (tf5 v0)))))
proved lemma forall v0: Tree. Zero === (ite1 (lq Zero (tf1 v0)) Zero Zero) Zero === (ite1 (lq Zero (tf1 (Node v0_160 v0_161 v0_162))) Zero Zero)
proved lemma forall v0: Tree. False === (lq Zero (ite1 (lq Zero (tf1 v0)) Zero Zero))
proved lemma forall v0: Tree. (tf5 v0) === (tf5 (tf5 (tf5 (tf5 (tf5 (tf5 v0)))))) (tf5 v0) === (tf5 (tf5 (tf5 (tf5 (tf5 (tf5 v0))))))
proved lemma forall v0: Tree. (tf5 v0) === (tf5 (tf5 (tf5 (tf5 (tf5 (tf5 (tf5 v0))))))) (tf5 v0) === (tf5 (tf5 (tf5 (tf5 (tf5 (tf5 (tf5 v0)))))))
proved lemma forall v0: Tree. (tf5 v0) === (tf5 (tf5 (tf5 (tf5 (tf5 (tf5 (tf5 (tf5 v0)))))))) (tf5 v0) === (tf5 (tf5 (tf5 (tf5 (tf5 (tf5 (tf5 (tf5 v0))))))))
proved lemma forall v0: Bool. v0 === (and v0 True) True === (and True True)
proved lemma forall v0: Nat. (and (nateq Zero v0) True) === (nateq Zero v0) (and (nateq Zero v0) True) === (nateq Zero v0)
proved lemma forall v0: Tree. (tf5 v0) === (tf5 (tf5 (tf5 (tf5 (tf5 (tf5 (tf5 (tf5 (tf5 v0))))))))) (tf5 v0) === (tf5 (tf5 (tf5 (tf5 (tf5 (tf5 (tf5 (tf5 (tf5 v0)))))))))
proved lemma forall v0: Nat. True === (lq Zero (plus v0 (Succ Zero))) True === (lq Zero (plus (Succ v0_200) (Succ Zero)))
proved lemma forall v0: Nat. (lq Zero (plus v0 (Succ Zero))) === (lq Zero (plus (plus v0 (Succ Zero)) (Succ Zero)))
proved lemma forall v0: Tree. True === (lq Zero (plus (tf7 v0) (Succ Zero)))
proved lemma forall v0: Bool. v1: Tree. v0 === (lq Zero (ite1 v0 (plus (tf7 v1) (Succ Zero)) Zero))
proved lemma forall v0: Tree. True === (lq Zero (plus (plus (tf7 v0) (Succ Zero)) (Succ Zero)))
proved lemma forall v0: Tree. (and (nateq Zero (tf1 v0)) (tf3 v0)) === (nateq Zero (tf1 v0)) (and (nateq Zero (tf1 (Node v0_290 v0_291 v0_292))) (tf3 (Node v0_290 v0_291 v0_292))) === (nateq Zero (tf1 (Node v0_290 v0_291 v0_292)))
proved lemma forall v0: Tree. (tf5 v0) === (tf5 (tf5 (tf5 (tf5 (tf5 (tf5 (tf5 (tf5 (tf5 (tf5 v0)))))))))) (tf5 v0) === (tf5 (tf5 (tf5 (tf5 (tf5 (tf5 (tf5 (tf5 (tf5 (tf5 v0))))))))))
proved lemma forall v0: Bool. v0 === (and True v0) True === (and True True)
proved lemma forall v0: Tree. (and True (tf3 v0)) === (tf3 v0) (and True (tf3 v0)) === (tf3 v0)
proved lemma forall v0: Tree. (lq Zero (tf1 v0)) === (lq Zero (tf7 v0)) (lq Zero (tf1 (Node Zero (Node v0_241_1070 v0_241_1071 v0_241_1072) v0_242))) === (lq Zero (tf7 (Node Zero (Node v0_241_1070 v0_241_1071 v0_241_1072) v0_242)))
proved lemma forall v0: Tree. (tf7 v0) === (tf7 (tf5 v0)) (tf7 (Node v0_340 v0_341 v0_342)) === (tf7 (tf5 (Node v0_340 v0_341 v0_342)))
proved lemma forall v0: Tree. (tf3 v0) === (tf3 (tf5 v0)) (tf3 (Node v0_180 v0_181 v0_182)) === (tf3 (tf5 (Node v0_180 v0_181 v0_182)))
(uncyclic) Theorized 256 lemmas, fully attempted 233 lemmas, proved 27 lemmas
optimize uncyclic: TIMEOUT (60092 ms)
Attempted 1 goals:
  0 solved (no cyclic)
