Proving begin optimize: (main inp0) === (mainNew inp0)
Property accepted by cvec analysis
proved lemma forall v0: MList. v0 === (tf9 v0 v0) (Icons v0_20 v0_21 v0_22) === (tf9 (Icons v0_20 v0_21 v0_22) (Icons v0_20 v0_21 v0_22))
proved lemma forall v0: MList. (tf1 v0) === (tf1 (tf9 v0 v0))
proved lemma forall v0: Nat. v1: Nat. v2: MList. (Icons v0 v1 v2) === (Icons v0 v1 (tf9 v2 v2)) (Icons v0 v1 v2) === (Icons v0 v1 (tf9 v2 v2))
proved lemma forall v0: MList. (tf3 (tf1 v0)) === (tf3 (tf1 (tf9 v0 v0))) (tf3 (tf1 v0)) === (tf3 (tf1 (tf9 v0 v0)))
proved lemma forall v0: Nat. v1: Nat. v0 === (ite2 (lq v1 v1) v0 v0) v0 === (ite2 (lq (Succ v1_40) (Succ v1_40)) v0 v0)
proved lemma forall v0: Nat. v0 === (ite2 (lq v0 v0) v0 v0)
proved lemma forall v0: Nat. False === (lq v0 v0) False === (lq (Succ v0_40) (Succ v0_40))
proved lemma forall v0: Nat. v1: Nat. v2: List. v0 === (ite2 (lq v1 v1) (tf3 v2) v0) (Succ v0_130) === (ite2 (lq v1 v1) (tf3 v2) (Succ v0_130))
proved lemma forall v0: Nat. v1: List. v0 === (ite2 (lq v0 v0) (tf3 v1) v0)
proved lemma forall v0: Nat. v0 === (plus v0 Zero) (Succ v0_120) === (plus (Succ v0_120) Zero)
proved lemma forall v0: Nat. v0 === (ite2 (lq Zero v0) v0 Zero) (Succ v0_160) === (ite2 (lq Zero (Succ v0_160)) (Succ v0_160) Zero)
proved lemma forall v0: Nat. v1: Nat. True === (lq Zero (plus v0 (Succ v1))) True === (lq Zero (plus (Succ v0_340) (Succ v1)))
proved lemma forall v0: Nat. v1: Nat. True === (lq Zero (plus v0 (Succ (plus v1 Zero)))) True === (lq Zero (plus v0 (Succ (plus v1 Zero))))
proved lemma forall v0: Nat. v1: Nat. True === (lq Zero (plus (plus v0 Zero) (Succ v1))) True === (lq Zero (plus (plus v0 Zero) (Succ v1)))
proved lemma forall v0: Nat. v1: Nat. (Succ (plus v0 v1)) === (plus v0 (Succ v1)) (Succ (plus (Succ v0_510) v1)) === (plus (Succ v0_510) (Succ v1))
proved lemma forall v0: Nat. v1: Nat. (lq v0 (plus v1 v0)) === (lq Zero v1)
proved lemma forall v0: Nat. v1: Nat. (lq v0 (plus (plus v1 Zero) v0)) === (lq Zero v1)
proved lemma forall v0: Nat. v1: Nat. (lq Zero v0) === (lq (plus v1 Zero) (plus v0 v1))
proved lemma forall v0: Nat. v1: Nat. (lq v0 (plus v1 v0)) === (lq Zero (plus v1 Zero))
proved lemma forall v0: Nat. v1: Nat. (lq v0 (plus v1 (plus v0 Zero))) === (lq Zero v1)
proved lemma forall v0: Nat. v1: Nat. True === (lq Zero (plus (plus v0 Zero) (Succ (plus v1 Zero)))) True === (lq Zero (plus (plus v0 Zero) (Succ (plus v1 Zero))))
proved lemma forall v0: Nat. v1: Nat. (lq v0 (plus v1 (plus v0 Zero))) === (lq Zero (plus v1 Zero)) (lq v0 (plus v1 (plus v0 Zero))) === (lq Zero (plus v1 Zero))
proved lemma forall v0: Nat. v1: Nat. (lq Zero v0) === (lq (plus v1 Zero) (plus (plus v0 Zero) v1)) (lq Zero v0) === (lq (plus v1 Zero) (plus (plus v0 Zero) v1))
proved lemma forall v0: Nat. v1: Nat. (lq Zero (plus v0 Zero)) === (lq (plus v1 Zero) (plus v0 v1)) (lq Zero (plus v0 Zero)) === (lq (plus v1 Zero) (plus v0 v1))
proved lemma forall v0: Nat. v1: Nat. (lq Zero v0) === (lq (plus v1 Zero) (plus v0 (plus v1 Zero))) (lq Zero v0) === (lq (plus v1 Zero) (plus v0 (plus v1 Zero)))
proved lemma forall v0: Nat. v1: Nat. True === (lq Zero (plus (ite2 (lq Zero v0) v0 Zero) (Succ v1))) True === (lq Zero (plus (ite2 (lq Zero v0) v0 Zero) (Succ v1)))
proved lemma forall v0: Nat. v1: Nat. (lq v0 (plus (plus v1 Zero) (plus v0 Zero))) === (lq Zero v1) (lq v0 (plus (plus v1 Zero) (plus v0 Zero))) === (lq Zero v1)
proved lemma forall v0: Nat. v1: Nat. True === (lq Zero (plus v0 (Succ (ite2 (lq Zero v1) v1 Zero)))) True === (lq Zero (plus v0 (Succ (ite2 (lq Zero v1) v1 Zero))))
proved lemma forall v0: Nat. v1: Nat. (lq Zero v0) === (lq (ite2 (lq Zero v1) v1 Zero) (plus v0 v1)) (lq Zero v0) === (lq (ite2 (lq Zero v1) v1 Zero) (plus v0 v1))
proved lemma forall v0: Nat. v1: Nat. (lq Zero v0) === (lq (Succ v1) (plus v0 (Succ (plus v1 Zero)))) (lq Zero v0) === (lq (Succ v1) (plus v0 (Succ (plus v1 Zero))))
proved lemma forall v0: Nat. v1: Nat. (lq Zero v0) === (lq (Succ v1) (plus v0 (Succ v1)))
proved lemma forall v0: Nat. v1: Nat. v2: Nat. (lq v0 (plus v1 v2)) === (lq (Succ v0) (plus v1 (Succ v2))) (lq v0 (plus v1 v2)) === (lq (Succ v0) (plus v1 (Succ v2)))
proved lemma forall v0: Nat. v1: Nat. (lq Zero v0) === (lq (Succ v1) (plus (plus v0 Zero) (Succ v1))) (lq Zero v0) === (lq (Succ v1) (plus (plus v0 Zero) (Succ v1)))
proved lemma forall v0: Nat. v1: Nat. (lq Zero v0) === (lq (Succ (plus v1 Zero)) (plus v0 (Succ v1))) (lq Zero v0) === (lq (Succ (plus v1 Zero)) (plus v0 (Succ v1)))
proved lemma forall v0: Nat. v1: Nat. (lq v0 (plus (ite2 (lq Zero v1) v1 Zero) v0)) === (lq Zero v1) (lq v0 (plus (ite2 (lq Zero v1) v1 Zero) v0)) === (lq Zero v1)
proved lemma forall v0: Nat. v1: Nat. (lq v0 (plus v1 (ite2 (lq Zero v0) v0 Zero))) === (lq Zero v1) (lq v0 (plus v1 (ite2 (lq Zero v0) v0 Zero))) === (lq Zero v1)
proved lemma forall v0: Nat. v1: MList. (plus v0 (tf3 (tf1 v1))) === (plus v0 (tf3 (tf1 (tf9 v1 v1)))) (plus v0 (tf3 (tf1 v1))) === (plus v0 (tf3 (tf1 (tf9 v1 v1))))
(uncyclic) Theorized 92 lemmas, fully attempted 83 lemmas, proved 37 lemmas
optimize uncyclic: TIMEOUT (60067 ms)
Attempted 1 goals:
  0 solved (no cyclic)
