Proving begin optimize: (main inp0) === (mainNew inp0)
Property accepted by cvec analysis
proved lemma forall v0: NList. v0 === (tf5 v0 v0) (Ncons v0_20 v0_21) === (tf5 (Ncons v0_20 v0_21) (Ncons v0_20 v0_21))
proved lemma forall v0: Bool. v0 === (and v0 True) True === (and True True)
proved lemma forall v0: Bool. v0 === (and True v0) True === (and True True)
proved lemma forall v0: Nat. (and (leq v0 Zero) True) === (leq v0 Zero) (and (leq v0 Zero) True) === (leq v0 Zero)
proved lemma forall v0: Nat. v0 === (ite2 (lq Zero v0) v0 Zero) (Succ v0_80) === (ite2 (lq Zero (Succ v0_80)) (Succ v0_80) Zero)
proved lemma forall v0: Tuple3. (ite2 (lq Zero (snd3 v0)) (snd3 v0) Zero) === (snd3 v0) (ite2 (lq Zero (snd3 v0)) (snd3 v0) Zero) === (snd3 v0)
proved lemma forall v0: Bool. v0 === (and v0 v0) True === (and True True)
proved lemma forall v0: Nat. (and (leq v0 Zero) (leq v0 Zero)) === (leq v0 Zero) (and (leq v0 Zero) (leq v0 Zero)) === (leq v0 Zero)
proved lemma forall v0: Nat. (and (leq v0 (Succ Zero)) (leq v0 (Succ Zero))) === (leq v0 (Succ Zero)) (and (leq v0 (Succ Zero)) (leq v0 (Succ Zero))) === (leq v0 (Succ Zero))
proved lemma forall v0: Nat. (gq v0 Zero) === (lq Zero v0) (gq (Succ v0_190) Zero) === (lq Zero (Succ v0_190))
proved lemma forall v0: Nat. Zero === (ite2 (lq Zero v0) Zero v0) Zero === (ite2 (lq Zero (Succ v0_240)) Zero (Succ v0_240))
proved lemma forall v0: Nat. False === (lq Zero (ite2 (lq Zero v0) Zero v0))
proved lemma forall v0: List. Zero === (ite2 (lq Zero (fst3 (tf1 v0))) Zero (fst3 (tf1 v0))) Zero === (ite2 (lq Zero (fst3 (tf1 (Cons v0_260 v0_261)))) Zero (fst3 (tf1 (Cons v0_260 v0_261))))
proved lemma forall v0: List. False === (lq Zero (ite2 (gq (fst3 (tf1 v0)) Zero) Zero (fst3 (tf1 v0))))
proved lemma forall v0: List. False === (gq (ite2 (gq (fst3 (tf1 v0)) Zero) Zero (fst3 (tf1 v0))) Zero)
proved lemma forall v0: List. False === (lq Zero (ite2 (lq Zero (fst3 (tf1 v0))) Zero (fst3 (tf1 v0))))
proved lemma forall v0: List. False === (gq (ite2 (lq Zero (fst3 (tf1 v0))) Zero (fst3 (tf1 v0))) Zero)
proved lemma forall v0: NList. Zero === (ite2 (gq (fst4 (tf3 v0)) Zero) Zero (fst4 (tf3 v0))) Zero === (ite2 (gq (fst4 (tf3 (Ncons v0_110 v0_111))) Zero) Zero (fst4 (tf3 (Ncons v0_110 v0_111))))
proved lemma forall v0: Nat. v1: Nat. (leq v0 v1) === (lq v0 (Succ v1)) (leq (Succ v0_370) (Succ v1_520)) === (lq (Succ v0_370) (Succ (Succ v1_520)))
proved lemma forall v0: Nat. v1: Nat. (leq v0 v1) === (lq v0 (Succ (ite2 (gq v1 Zero) v1 Zero))) (leq v0 v1) === (lq v0 (Succ (ite2 (gq v1 Zero) v1 Zero)))
proved lemma forall v0: Nat. v1: Nat. (leq v0 (ite2 (gq v1 Zero) v1 Zero)) === (lq v0 (Succ v1)) (leq v0 (ite2 (gq v1 Zero) v1 Zero)) === (lq v0 (Succ v1))
(uncyclic) Theorized 180 lemmas, fully attempted 162 lemmas, proved 21 lemmas
optimize uncyclic: TIMEOUT (61267 ms)
Attempted 1 goals:
  0 solved (no cyclic)
