Proving begin optimize: (main inp0) === (mainNew inp0)
Property accepted by cvec analysis
proved lemma forall v0: Tree. (tf1 v0) === (tf1 (tf5 v0)) (tf1 (Node v0_40 v0_41 v0_42)) === (tf1 (tf5 (Node v0_40 v0_41 v0_42)))
proved lemma forall v0: Nat. v0 === (ite1 (lq Zero v0) v0 Zero) (Succ v0_40) === (ite1 (lq Zero (Succ v0_40)) (Succ v0_40) Zero)
proved lemma forall v0: Tree. (tf5 v0) === (tf5 (tf5 v0)) (tf5 (Node v0_30 v0_31 v0_32)) === (tf5 (tf5 (Node v0_30 v0_31 v0_32)))
proved lemma forall v0: Tree. (tf5 v0) === (tf5 (tf5 (tf5 (tf5 v0))))
proved lemma forall v0: Tree. (tf5 v0) === (tf5 (tf5 (tf5 v0)))
proved lemma forall v0: Bool. v1: Nat. v0 === (lq Zero (ite1 v0 (Succ v1) Zero)) True === (lq Zero (ite1 True (Succ v1) Zero))
proved lemma forall v0: Tree. (tf5 v0) === (tf5 (tf5 (tf5 (tf5 (tf5 v0))))) (tf5 v0) === (tf5 (tf5 (tf5 (tf5 (tf5 v0)))))
proved lemma forall v0: Tree. Zero === (ite1 (lq Zero (tf1 v0)) Zero Zero) Zero === (ite1 (lq Zero (tf1 (Node v0_150 v0_151 v0_152))) Zero Zero)
proved lemma forall v0: Tree. False === (lq Zero (ite1 (lq Zero (tf1 v0)) Zero Zero))
proved lemma forall v0: Tree. (tf5 v0) === (tf5 (tf5 (tf5 (tf5 (tf5 (tf5 v0)))))) (tf5 v0) === (tf5 (tf5 (tf5 (tf5 (tf5 (tf5 v0))))))
proved lemma forall v0: Tree. (tf5 v0) === (tf5 (tf5 (tf5 (tf5 (tf5 (tf5 (tf5 v0))))))) (tf5 v0) === (tf5 (tf5 (tf5 (tf5 (tf5 (tf5 (tf5 v0)))))))
proved lemma forall v0: Bool. v0 === (and v0 True) True === (and True True)
proved lemma forall v0: Nat. (and (nateq Zero v0) True) === (nateq Zero v0) (and (nateq Zero v0) True) === (nateq Zero v0)
proved lemma forall v0: Tree. (tf5 v0) === (tf5 (tf5 (tf5 (tf5 (tf5 (tf5 (tf5 (tf5 v0)))))))) (tf5 v0) === (tf5 (tf5 (tf5 (tf5 (tf5 (tf5 (tf5 (tf5 v0))))))))
proved lemma forall v0: Tree. (tf5 v0) === (tf5 (tf5 (tf5 (tf5 (tf5 (tf5 (tf5 (tf5 (tf5 v0))))))))) (tf5 v0) === (tf5 (tf5 (tf5 (tf5 (tf5 (tf5 (tf5 (tf5 (tf5 v0)))))))))
proved lemma forall v0: Tree. (tf5 v0) === (tf5 (tf5 (tf5 (tf5 (tf5 (tf5 (tf5 (tf5 (tf5 (tf5 v0)))))))))) (tf5 v0) === (tf5 (tf5 (tf5 (tf5 (tf5 (tf5 (tf5 (tf5 (tf5 (tf5 v0))))))))))
proved lemma forall v0: Bool. v0 === (and True v0) True === (and True True)
proved lemma forall v0: Tree. (and True (tf3 v0)) === (tf3 v0) (and True (tf3 v0)) === (tf3 v0)
proved lemma forall v0: Bool. v1: Nat. (lq Zero (ite1 v0 (Succ Zero) v1)) === (lq Zero (plus v1 (ite1 v0 (Succ Zero) v1))) (lq Zero (ite1 True (Succ Zero) (Succ v1_340))) === (lq Zero (plus (Succ v1_340) (ite1 True (Succ Zero) (Succ v1_340))))
proved lemma forall v0: Tree. v1: Bool. (and (and (nateq Zero (tf1 v0)) v1) (tf3 v0)) === (and (nateq Zero (tf1 v0)) v1) (and (and (nateq Zero (tf1 (Node v0_400 v0_401 v0_402))) v1) (tf3 (Node v0_400 v0_401 v0_402))) === (and (nateq Zero (tf1 (Node v0_400 v0_401 v0_402))) v1)
proved lemma forall v0: Tree. (tf3 v0) === (tf3 (tf5 v0)) (tf3 (Node v0_180 v0_181 v0_182)) === (tf3 (tf5 (Node v0_180 v0_181 v0_182)))
(uncyclic) Theorized 252 lemmas, fully attempted 205 lemmas, proved 21 lemmas
optimize uncyclic: TIMEOUT (60306 ms)
Attempted 1 goals:
  0 solved (no cyclic)
