Proving begin optimize: (main inp0) === (mainNew inp0)
Property accepted by cvec analysis
proved lemma forall v0: List. v1: UList. (tf1 v0 v1) === (tf1 v0 (tf11 v1)) (tf1 v0 (Usplit v1_50 v1_51 v1_52 v1_53)) === (tf1 v0 (tf11 (Usplit v1_50 v1_51 v1_52 v1_53)))
proved lemma forall v0: Bool. v0 === (and True v0) True === (and True True)
proved lemma forall v0: UList. (tf11 v0) === (tf11 (tf11 v0)) (tf11 (Usplit v0_30 v0_31 v0_32 v0_33)) === (tf11 (tf11 (Usplit v0_30 v0_31 v0_32 v0_33)))
proved lemma forall v0: UList. (tf11 v0) === (tf11 (tf11 (tf11 (tf11 v0))))
proved lemma forall v0: UList. (tf11 v0) === (tf11 (tf11 (tf11 v0)))
proved lemma forall v0: Nat. v1: Nat. (gq v0 v1) === (lq v1 v0) (gq (Succ v0_80) (Succ v1_130)) === (lq (Succ v1_130) (Succ v0_80))
proved lemma forall v0: UList. (tf11 v0) === (tf11 (tf11 (tf11 (tf11 (tf11 v0))))) (tf11 v0) === (tf11 (tf11 (tf11 (tf11 (tf11 v0)))))
proved lemma forall v0: UList. (tf11 v0) === (tf11 (tf11 (tf11 (tf11 (tf11 (tf11 v0)))))) (tf11 v0) === (tf11 (tf11 (tf11 (tf11 (tf11 (tf11 v0))))))
proved lemma forall v0: UList. (tf11 v0) === (tf11 (tf11 (tf11 (tf11 (tf11 (tf11 (tf11 v0))))))) (tf11 v0) === (tf11 (tf11 (tf11 (tf11 (tf11 (tf11 (tf11 v0)))))))
proved lemma forall v0: Bool. v0 === (and v0 True) True === (and True True)
proved lemma forall v0: Nat. v1: Nat. (and (gq v0 v1) (gq v0 Zero)) === (gq v0 v1)
proved lemma forall v0: Nat. v1: UList. (and (gq v0 (tf13 v1)) (lq Zero v0)) === (gq v0 (tf13 v1))
proved lemma forall v0: UList. v1: Nat. (and (lq (tf13 v0) v1) (gq v1 Zero)) === (lq (tf13 v0) v1) (and (lq (tf13 v0) v1) (gq v1 Zero)) === (lq (tf13 v0) v1)
proved lemma forall v0: Nat. v1: UList. (and (gq v0 (tf13 v1)) (gq v0 Zero)) === (lq (tf13 v1) v0) (and (gq v0 (tf13 v1)) (gq v0 Zero)) === (lq (tf13 v1) v0)
proved lemma forall v0: Nat. v1: UList. (and (gq v0 (tf13 v1)) (lq Zero v0)) === (lq (tf13 v1) v0) (and (gq v0 (tf13 v1)) (lq Zero v0)) === (lq (tf13 v1) v0)
proved lemma forall v0: UList. v1: Nat. (and (lq (tf13 v0) v1) (lq Zero v1)) === (lq (tf13 v0) v1) (and (lq (tf13 v0) v1) (lq Zero v1)) === (lq (tf13 v0) v1)
proved lemma forall v0: UList. v1: Nat. (and (lq (tf13 v0) v1) (lq Zero v1)) === (gq v1 (tf13 v0)) (and (lq (tf13 v0) v1) (lq Zero v1)) === (gq v1 (tf13 v0))
proved lemma forall v0: UList. v1: Nat. (and (lq (tf13 v0) v1) (gq v1 Zero)) === (gq v1 (tf13 v0)) (and (lq (tf13 v0) v1) (gq v1 Zero)) === (gq v1 (tf13 v0))
proved lemma forall v0: UList. (tf11 v0) === (tf11 (tf11 (tf11 (tf11 (tf11 (tf11 (tf11 (tf11 v0)))))))) (tf11 v0) === (tf11 (tf11 (tf11 (tf11 (tf11 (tf11 (tf11 (tf11 v0))))))))
proved lemma forall v0: Nat. v0 === (ite3 (gq v0 Zero) v0 Zero) (Succ v0_100) === (ite3 (gq (Succ v0_100) Zero) (Succ v0_100) Zero)
proved lemma forall v0: Nat. v0 === (ite3 (lq Zero v0) v0 Zero) (Succ v0_100) === (ite3 (lq Zero (Succ v0_100)) (Succ v0_100) Zero)
proved lemma forall v0: Nat. (gq v0 Zero) === (gq (ite3 (gq v0 Zero) v0 Zero) Zero) (gq v0 Zero) === (gq (ite3 (gq v0 Zero) v0 Zero) Zero)
proved lemma forall v0: Nat. (gq v0 Zero) === (gq (ite3 (lq Zero v0) v0 Zero) Zero) (gq v0 Zero) === (gq (ite3 (lq Zero v0) v0 Zero) Zero)
proved lemma forall v0: List. (ite3 (gq (tf9 v0) Zero) (tf9 v0) Zero) === (tf9 v0) (ite3 (gq (tf9 v0) Zero) (tf9 v0) Zero) === (tf9 v0)
proved lemma forall v0: Nat. (lq Zero v0) === (lq Zero (ite3 (gq v0 Zero) v0 Zero)) (lq Zero v0) === (lq Zero (ite3 (gq v0 Zero) v0 Zero))
proved lemma forall v0: List. (ite3 (lq Zero (tf9 v0)) (tf9 v0) Zero) === (tf9 v0) (ite3 (lq Zero (tf9 v0)) (tf9 v0) Zero) === (tf9 v0)
proved lemma forall v0: Nat. (lq Zero v0) === (lq Zero (ite3 (lq Zero v0) v0 Zero)) (lq Zero v0) === (lq Zero (ite3 (lq Zero v0) v0 Zero))
proved lemma forall v0: Nat. Zero === (ite3 (lq Zero v0) Zero Zero) Zero === (ite3 (lq Zero (Succ v0_280)) Zero Zero)
proved lemma forall v0: Nat. False === (lq Zero (ite3 (lq Zero v0) Zero Zero))
proved lemma forall v0: Bool. v1: Nat. v0 === (lq Zero (ite3 v0 (Succ v1) Zero)) True === (lq Zero (ite3 True (Succ v1) Zero))
proved lemma forall v0: Bool. v1: Nat. v0 === (gq (ite3 v0 (Succ v1) Zero) Zero)
proved lemma forall v0: Bool. v1: Nat. v0 === (gq (ite3 v0 (Succ (ite3 (lq Zero v1) v1 Zero)) Zero) Zero) v0 === (gq (ite3 v0 (Succ (ite3 (lq Zero v1) v1 Zero)) Zero) Zero)
proved lemma forall v0: Bool. v1: Nat. v0 === (lq Zero (ite3 v0 (Succ (ite3 (gq v1 Zero) v1 Zero)) Zero)) v0 === (lq Zero (ite3 v0 (Succ (ite3 (gq v1 Zero) v1 Zero)) Zero))
proved lemma forall v0: Bool. v1: Nat. v0 === (gq (ite3 v0 (Succ (ite3 (gq v1 Zero) v1 Zero)) Zero) Zero) v0 === (gq (ite3 v0 (Succ (ite3 (gq v1 Zero) v1 Zero)) Zero) Zero)
proved lemma forall v0: Bool. v1: Nat. v0 === (lq Zero (ite3 v0 (Succ (ite3 (lq Zero v1) v1 Zero)) Zero)) v0 === (lq Zero (ite3 v0 (Succ (ite3 (lq Zero v1) v1 Zero)) Zero))
proved lemma forall v0: UList. False === (lq Zero (ite3 (gq (tf9 (tf1 (Nil Null) v0)) Zero) Zero Zero)) False === (lq Zero (ite3 (gq (tf9 (tf1 (Nil Null) v0)) Zero) Zero Zero))
proved lemma forall v0: List. (gq (ite3 (gq (tf9 v0) Zero) (tf9 v0) Zero) Zero) === (gq (tf9 v0) Zero) (gq (ite3 (gq (tf9 v0) Zero) (tf9 v0) Zero) Zero) === (gq (tf9 v0) Zero)
proved lemma forall v0: List. (gq (ite3 (lq Zero (tf9 v0)) (tf9 v0) Zero) Zero) === (gq (tf9 v0) Zero) (gq (ite3 (lq Zero (tf9 v0)) (tf9 v0) Zero) Zero) === (gq (tf9 v0) Zero)
proved lemma forall v0: List. (lq Zero (ite3 (gq (tf9 v0) Zero) (tf9 v0) Zero)) === (lq Zero (tf9 v0)) (lq Zero (ite3 (gq (tf9 v0) Zero) (tf9 v0) Zero)) === (lq Zero (tf9 v0))
proved lemma forall v0: List. (lq Zero (ite3 (lq Zero (tf9 v0)) (tf9 v0) Zero)) === (lq Zero (tf9 v0)) (lq Zero (ite3 (lq Zero (tf9 v0)) (tf9 v0) Zero)) === (lq Zero (tf9 v0))
proved lemma forall v0: List. v1: Nat. (gq (ite3 (gq (tf9 v0) Zero) (Succ v1) Zero) Zero) === (gq (tf9 v0) Zero) (gq (ite3 (gq (tf9 v0) Zero) (Succ v1) Zero) Zero) === (gq (tf9 v0) Zero)
proved lemma forall v0: List. v1: Nat. (gq (ite3 (lq Zero (tf9 v0)) (Succ v1) Zero) Zero) === (gq (tf9 v0) Zero) (gq (ite3 (lq Zero (tf9 v0)) (Succ v1) Zero) Zero) === (gq (tf9 v0) Zero)
proved lemma forall v0: List. v1: Nat. (lq Zero (ite3 (lq Zero (tf9 v0)) (Succ v1) Zero)) === (lq Zero (tf9 v0)) (lq Zero (ite3 (lq Zero (tf9 v0)) (Succ v1) Zero)) === (lq Zero (tf9 v0))
proved lemma forall v0: List. v1: Nat. (lq Zero (ite3 (gq (tf9 v0) Zero) (Succ v1) Zero)) === (lq Zero (tf9 v0)) (lq Zero (ite3 (gq (tf9 v0) Zero) (Succ v1) Zero)) === (lq Zero (tf9 v0))
proved lemma forall v0: UList. (tf11 v0) === (tf11 (tf11 (tf11 (tf11 (tf11 (tf11 (tf11 (tf11 (tf11 v0))))))))) (tf11 v0) === (tf11 (tf11 (tf11 (tf11 (tf11 (tf11 (tf11 (tf11 (tf11 v0)))))))))
proved lemma forall v0: UList. (tf11 v0) === (tf11 (tf11 (tf11 (tf11 (tf11 (tf11 (tf11 (tf11 (tf11 (tf11 v0)))))))))) (tf11 v0) === (tf11 (tf11 (tf11 (tf11 (tf11 (tf11 (tf11 (tf11 (tf11 (tf11 v0))))))))))
(uncyclic) Theorized 220 lemmas, fully attempted 160 lemmas, proved 46 lemmas
optimize uncyclic: TIMEOUT (60245 ms)
Attempted 1 goals:
  0 solved (no cyclic)
