Proving begin optimize: (main inp0) === (mainNew inp0)
Property accepted by cvec analysis
proved lemma forall v0: Bool. v0 === (and True v0) True === (and True True)
proved lemma forall v0: Tuple2. (and True (snd2 v0)) === (snd2 v0) (and True (snd2 v0)) === (snd2 v0)
proved lemma forall v0: Tuple2. (and True (fst2 v0)) === (fst2 v0) (and True (fst2 v0)) === (fst2 v0)
proved lemma forall v0: Bool. v0 === (and v0 True) True === (and True True)
proved lemma forall v0: Bool. v0 === (or False v0) True === (or False True)
proved lemma forall v0: Bool. v0 === (or v0 False) True === (or True False)
proved lemma forall v0: Bool. v1: Bool. (or v0 v1) === (or (and (and v1 True) True) v0) (or False True) === (or (and (and True True) True) False)
proved lemma forall v0: Bool. v1: CList. v0 === (or v0 (and v0 (snd2 (tf7 v1)))) True === (or True (and True (snd2 (tf7 v1))))
proved lemma forall v0: List. v1: List. v2: Bool. (third2 (tf5 (tf1 v0 v1))) === (third2 (tf5 (tf1 (Cons v2 v0) v1))) (third2 (tf5 (tf1 v0 (Cons v1_300 v1_301)))) === (third2 (tf5 (tf1 (Cons v2 v0) (Cons v1_300 v1_301))))
proved lemma forall v0: Bool. v1: List. v0 === (third2 (tf5 (tf1 (Elt v0) v1))) True === (third2 (tf5 (tf1 (Elt True) (Cons v1_230 v1_231))))
proved lemma forall v0: List. v1: CList. (third2 (tf5 v0)) === (third2 (tf5 (tf1 v0 (tf3 v1)))) (third2 (tf5 (Elt False))) === (third2 (tf5 (tf1 (Elt False) (tf3 (Concat (Concat v1_160_520 v1_160_521) (Concat v1_161_980 v1_161_981))))))
proved lemma forall v0: CList. (third2 (tf5 (tf3 v0))) === (third2 (tf7 v0))
proved lemma forall v0: CList. v1: CList. (third2 (tf5 (tf1 (tf3 v0) (tf3 v1)))) === (third2 (tf5 (tf3 v0)))
proved lemma forall v0: Bool. v0 === (and v0 v0) True === (and True True)
(uncyclic) Theorized 209 lemmas, fully attempted 170 lemmas, proved 14 lemmas
optimize uncyclic: TIMEOUT (60214 ms)
Attempted 1 goals:
  0 solved (no cyclic)
