Proving begin optimize: (main inp0) === (mainNew inp0)
Property accepted by cvec analysis
proved lemma forall v0: Nat. v0 === (plus v0 Zero) (Succ v0_30) === (plus (Succ v0_30) Zero)
proved lemma forall v0: List. (plus (tf10 v0) Zero) === (tf10 v0) (plus (tf10 v0) Zero) === (tf10 v0)
proved lemma forall v0: Nat. v1: Nat. (plus v0 v1) === (plus v1 v0) (plus (Succ v0_100) (Succ v1_190)) === (plus (Succ v1_190) (Succ v0_100))
proved lemma forall v0: List. (tf12 v0) === (tf7 (tf5 v0)) (tf12 (Cons (Succ v0_80_250) v0_81)) === (tf7 (tf5 (Cons (Succ v0_80_250) v0_81)))
proved lemma forall v0: List. v1: List. (tf7 (tf1 v0 v1)) === (tf7 (tf1 v0 (tf1 (Cons Zero (Nil Null)) v1))) (tf7 (tf1 v0 (Cons v1_160 v1_161))) === (tf7 (tf1 v0 (tf1 (Cons Zero (Nil Null)) (Cons v1_160 v1_161))))
proved lemma forall v0: List. v1: List. (tf7 (tf1 v0 (tf1 (Cons Zero (Nil Null)) (tf3 v1)))) === (tf7 (tf1 v0 (tf3 v1)))
proved lemma forall v0: Nat. v1: List. v2: List. (Succ (tf7 (tf1 (Cons v0 v1) v2))) === (tf7 (tf1 (Cons (Succ v0) v1) v2)) (Succ (tf7 (tf1 (Cons (Succ v0_230) v1) (Cons v2_2500 v2_2501)))) === (tf7 (tf1 (Cons (Succ (Succ v0_230)) v1) (Cons v2_2500 v2_2501)))
proved lemma forall v0: Nat. v1: List. (tf1 (Cons v0 (Nil Null)) v1) === (tf1 (Nil Null) (tf1 (Cons v0 (Nil Null)) v1)) (tf1 (Cons (Succ v0_110) (Nil Null)) (Cons v1_190 v1_191)) === (tf1 (Nil Null) (tf1 (Cons (Succ v0_110) (Nil Null)) (Cons v1_190 v1_191)))
proved lemma forall v0: List. (tf1 (Nil Null) (tf3 v0)) === (tf3 v0)
proved lemma forall v0: Nat. v1: List. (plus v0 (tf7 v1)) === (tf7 (tf1 (Cons v0 (Nil Null)) v1)) (plus Zero (tf7 (Cons v1_20340 v1_20341))) === (tf7 (tf1 (Cons Zero (Nil Null)) (Cons v1_20340 v1_20341)))
proved lemma forall v0: List. v1: Nat. (plus (tf7 (tf1 (Nil Null) v0)) v1) === (tf7 (tf1 (Nil Null) (tf1 (Cons v1 (Nil Null)) v0)))
proved lemma forall v0: List. v1: Nat. (plus (tf7 v0) v1) === (tf7 (tf1 (Cons v1 (Nil Null)) v0))
proved lemma forall v0: Nat. v1: List. (plus v0 (tf7 (tf1 (Nil Null) v1))) === (tf7 (tf1 (Nil Null) (tf1 (Cons v0 (Nil Null)) v1)))
proved lemma forall v0: List. (tf10 v0) === (tf7 (tf1 (Nil Null) (tf3 v0)))
proved lemma forall v0: List. (tf7 v0) === (tf7 (tf1 (Nil Null) v0)) (tf7 v0) === (tf7 (tf1 (Nil Null) v0))
proved lemma forall v0: List. v1: List. v2: Unit. (tf1 v0 v1) === (tf1 v0 (tf1 (Nil v2) v1)) (tf1 v0 (Cons v1_70 v1_71)) === (tf1 v0 (tf1 (Nil v2) (Cons v1_70 v1_71)))
proved lemma forall v0: List. v1: List. v2: Unit. (tf1 v0 v1) === (tf1 v0 (tf1 (Nil Null) (tf1 (Nil v2) v1))) (tf1 v0 v1) === (tf1 v0 (tf1 (Nil Null) (tf1 (Nil v2) v1)))
proved lemma forall v0: List. (tf7 v0) === (tf7 (tf1 (Cons Zero (Nil Null)) (tf1 (Nil Null) v0))) (tf7 v0) === (tf7 (tf1 (Cons Zero (Nil Null)) (tf1 (Nil Null) v0)))
proved lemma forall v0: List. (tf7 (tf1 (Cons Zero (Nil Null)) v0)) === (tf7 (tf1 (Nil Null) v0)) (tf7 (tf1 (Cons Zero (Nil Null)) v0)) === (tf7 (tf1 (Nil Null) v0))
proved lemma forall v0: List. v1: List. v2: Unit. (tf1 v0 v1) === (tf1 v0 (tf1 (Nil Null) (tf1 (Nil Null) (tf1 (Nil v2) v1)))) (tf1 v0 v1) === (tf1 v0 (tf1 (Nil Null) (tf1 (Nil Null) (tf1 (Nil v2) v1))))
proved lemma forall v0: Nat. v1: Unit. v2: List. (tf1 (Cons v0 (Nil Null)) (tf1 (Nil v1) v2)) === (tf1 (Cons (plus v0 Zero) (Nil Null)) v2) (tf1 (Cons v0 (Nil Null)) (tf1 (Nil v1) v2)) === (tf1 (Cons (plus v0 Zero) (Nil Null)) v2)
proved lemma forall v0: List. v1: List. v2: Nat. (plus (tf7 (tf1 v0 v1)) v2) === (tf7 (tf1 v0 (tf1 (Cons v2 (Nil Null)) v1))) (plus (tf7 (tf1 v0 (Cons v1_2630 v1_2631))) v2) === (tf7 (tf1 v0 (tf1 (Cons v2 (Nil Null)) (Cons v1_2630 v1_2631))))
proved lemma forall v0: Nat. v1: Unit. v2: List. (plus v0 (tf7 (tf1 (Nil v1) v2))) === (tf7 (tf1 (Nil v1) (tf1 (Cons v0 (Nil Null)) v2)))
proved lemma forall v0: Nat. v1: List. v2: List. (plus v0 (tf7 (tf1 v1 (tf3 v2)))) === (tf7 (tf1 v1 (tf1 (Cons v0 (Nil Null)) (tf3 v2))))
proved lemma forall v0: Nat. v1: List. v2: List. (plus v0 (tf7 (tf1 v1 v2))) === (tf7 (tf1 v1 (tf1 (Cons v0 (Nil Null)) v2)))
proved lemma forall v0: List. v1: List. (plus (tf10 v0) (tf7 v1)) === (tf7 (tf1 v1 (tf3 v0))) (plus (tf10 (Cons (Succ v0_190_3740) v0_191)) (tf7 (Cons v1_470 v1_471))) === (tf7 (tf1 (Cons v1_470 v1_471) (tf3 (Cons (Succ v0_190_3740) v0_191))))
proved lemma forall inp0: Zipper. (main inp0) === (mainNew inp0)
(uncyclic) Theorized 99 lemmas, fully attempted 45 lemmas, proved 26 lemmas
optimize uncyclic: VALID (30269 ms)
Attempted 1 goals:
  1 solved (no cyclic)
