Proving begin ta1-ta2: (add1 n m) === (add2 n m)
Property accepted by cvec analysis
proved lemma forall n: Nat. m: Nat. (add1 n m) === (add2 n m) (add1 (S n_40) (S m_90)) === (add2 (S n_40) (S m_90))
(uncyclic) Theorized 0 lemmas, fully attempted 0 lemmas, proved 0 lemmas
ta1-ta2 uncyclic: VALID (3 ms)
Proving begin ta1-ta2: (add1 n m) === (add2 n m)
Property accepted by cvec analysis
proved lemma forall n: Nat. m: Nat. (add1 n m) === (add2 n m) (add1 (S n_40) (S m_90)) === (add2 (S n_40) (S m_90))
(uncyclic) Theorized 0 lemmas, fully attempted 0 lemmas, proved 0 lemmas
ta1-ta2 uncyclic: VALID (3 ms)
Proving begin ta1-ta3: (add1 n m) === (add3 n m)
Property accepted by cvec analysis
proved lemma forall n: Nat. m: Nat. (add1 n m) === (add3 n m) (add1 (S (S n_40_120)) m) === (add3 (S (S n_40_120)) m)
(uncyclic) Theorized 0 lemmas, fully attempted 0 lemmas, proved 0 lemmas
ta1-ta3 uncyclic: VALID (3 ms)
Proving begin ta1-ta4: (add1 n m) === (add4 n m)
Property accepted by cvec analysis
proved lemma forall v0: Nat. v1: Nat. (S (add4 v0 v1)) === (add4 (S v0) v1) (S (add4 v0 (S v1_60))) === (add4 (S v0) (S v1_60))
proved lemma forall n: Nat. m: Nat. (add1 n m) === (add4 n m) (add1 Z (S (S m_50_110))) === (add4 Z (S (S m_50_110)))
(uncyclic) Theorized 2 lemmas, fully attempted 1 lemmas, proved 1 lemmas
ta1-ta4 uncyclic: VALID (9 ms)
Proving begin ta1-sol4: (add1 n m) === (sol4 n m)
Property accepted by cvec analysis
proved lemma forall v0: Nat. v0 === (sol4 Z v0) (S v0_30) === (sol4 Z (S v0_30))
proved lemma forall v0: Nat. (S v0) === (sol4 (S Z) v0) (S (S v0_100)) === (sol4 (S Z) (S v0_100))
proved lemma forall v0: Nat. v1: Nat. (S (add1 v0 v1)) === (add1 v0 (S v1)) (S (add1 (S v0_60) v1)) === (add1 (S v0_60) (S v1))
proved lemma forall n: Nat. m: Nat. (add1 n m) === (sol4 n m)
(uncyclic) Theorized 9 lemmas, fully attempted 3 lemmas, proved 3 lemmas
ta1-sol4 uncyclic: VALID (49 ms)
Proving begin ta1-sol6: (add1 n m) === (sol6 n m)
Property accepted by cvec analysis
proved lemma forall v0: Nat. v0 === (sol6 v0 Z) (S v0_30) === (sol6 (S v0_30) Z)
proved lemma forall v0: Nat. v1: Nat. (sol6 v0 v1) === (sol6 v1 v0) (sol6 (S v0_40) (S v1_90)) === (sol6 (S v1_90) (S v0_40))
proved lemma forall n: Nat. m: Nat. (add1 n m) === (sol6 n m)
(uncyclic) Theorized 10 lemmas, fully attempted 2 lemmas, proved 2 lemmas
ta1-sol6 uncyclic: VALID (34 ms)
Proving begin ta1-sol11: (add1 n m) === (sol11 n m)
Property accepted by cvec analysis
proved lemma forall n: Nat. m: Nat. (add1 n m) === (sol11 n m) (add1 (S n_40) (S m_90)) === (sol11 (S n_40) (S m_90))
(uncyclic) Theorized 0 lemmas, fully attempted 0 lemmas, proved 0 lemmas
ta1-sol11 uncyclic: VALID (3 ms)
Proving begin ta1-sol143: (add1 n m) === (sol143 n m)
Property accepted by cvec analysis
proved lemma forall v0: Nat. v1: Nat. (add v0 v1) === (add1 v1 v0) (add v0 (S (S v1_40_120))) === (add1 (S (S v1_40_120)) v0)
proved lemma forall v0: Nat. v1: Nat. (S (add1 v0 v1)) === (add (S v1) v0) (S (add1 (S v0_80) v1)) === (add (S v1) (S v0_80))
proved lemma forall v0: Nat. v0 === (add Z v0) (S v0_40) === (add Z (S v0_40))
proved lemma forall v0: Nat. v1: Nat. (add (S v0) v1) === (add (S v1) v0) (add (S (S v0_80)) v1) === (add (S v1) (S v0_80))
proved lemma forall n: Nat. m: Nat. (add1 n m) === (sol143 n m) (add1 (S n_110) (S m_340)) === (sol143 (S n_110) (S m_340))
(uncyclic) Theorized 9 lemmas, fully attempted 6 lemmas, proved 4 lemmas
ta1-sol143 uncyclic: VALID (72 ms)
Proving begin ta2-ta3: (add2 n m) === (add3 n m)
Property accepted by cvec analysis
proved lemma forall n: Nat. m: Nat. (add2 n m) === (add3 n m) (add2 (S n_40) (S m_120)) === (add3 (S n_40) (S m_120))
(uncyclic) Theorized 0 lemmas, fully attempted 0 lemmas, proved 0 lemmas
ta2-ta3 uncyclic: VALID (3 ms)
Proving begin ta2-ta4: (add2 n m) === (add4 n m)
Property accepted by cvec analysis
proved lemma forall n: Nat. m: Nat. (add2 n m) === (add4 n m) (add2 n (S (S m_40_120))) === (add4 n (S (S m_40_120)))
(uncyclic) Theorized 0 lemmas, fully attempted 0 lemmas, proved 0 lemmas
ta2-ta4 uncyclic: VALID (2 ms)
Proving begin ta2-sol4: (add2 n m) === (sol4 n m)
Property accepted by cvec analysis
proved lemma forall v0: Nat. v0 === (add2 Z v0) (S v0_30) === (add2 Z (S v0_30))
proved lemma forall v0: Nat. v0 === (sol4 Z v0) (S v0_30) === (sol4 Z (S v0_30))
proved lemma forall v0: Nat. (S v0) === (add2 (S Z) v0) (S (S v0_150)) === (add2 (S Z) (S v0_150))
proved lemma forall v0: Nat. (add2 (S Z) v0) === (sol4 (S Z) v0) (add2 (S Z) (S v0_150)) === (sol4 (S Z) (S v0_150))
proved lemma forall v0: Nat. v0 === (sol4 v0 Z) (S v0_90) === (sol4 (S v0_90) Z)
proved lemma forall v0: Nat. v1: Nat. (S (add2 v0 v1)) === (add2 (S v0) v1) (S (add2 (S v0_210) (S v1_400))) === (add2 (S (S v0_210)) (S v1_400))
proved lemma forall n: Nat. m: Nat. (add2 n m) === (sol4 n m)
(uncyclic) Theorized 25 lemmas, fully attempted 6 lemmas, proved 6 lemmas
ta2-sol4 uncyclic: VALID (6879 ms)
Proving begin ta2-sol6: (add2 n m) === (sol6 n m)
Property accepted by cvec analysis
proved lemma forall v0: Nat. v1: Nat. (sol6 v0 v1) === (sol6 v1 v0) (sol6 (S v0_40) (S v1_90)) === (sol6 (S v1_90) (S v0_40))
proved lemma forall n: Nat. m: Nat. (add2 n m) === (sol6 n m)
(uncyclic) Theorized 3 lemmas, fully attempted 1 lemmas, proved 1 lemmas
ta2-sol6 uncyclic: VALID (18 ms)
Proving begin ta2-sol11: (add2 n m) === (sol11 n m)
Property accepted by cvec analysis
proved lemma forall n: Nat. m: Nat. (add2 n m) === (sol11 n m) (add2 (S n_60) Z) === (sol11 (S n_60) Z)
(uncyclic) Theorized 0 lemmas, fully attempted 0 lemmas, proved 0 lemmas
ta2-sol11 uncyclic: VALID (2 ms)
Proving begin ta2-sol143: (add2 n m) === (sol143 n m)
Property accepted by cvec analysis
proved lemma forall v0: Nat. v0 === (add2 Z v0) (S v0_30) === (add2 Z (S v0_30))
proved lemma forall v0: Nat. v1: Nat. (add v0 v1) === (add2 v0 v1) (add v0 (S (S v1_40_120))) === (add2 v0 (S (S v1_40_120)))
proved lemma forall n: Nat. m: Nat. (add2 n m) === (sol143 n m) (add2 Z (S m_130)) === (sol143 Z (S m_130))
(uncyclic) Theorized 9 lemmas, fully attempted 4 lemmas, proved 2 lemmas
ta2-sol143 uncyclic: VALID (94 ms)
Proving begin ta3-ta4: (add3 n m) === (add4 n m)
Property accepted by cvec analysis
(uncyclic) Theorized 45 lemmas, fully attempted 0 lemmas, proved 0 lemmas
ta3-ta4 uncyclic: TIMEOUT (128853 ms)
Proving begin ta3-sol4: (add3 n m) === (sol4 n m)
Property accepted by cvec analysis
proved lemma forall v0: Nat. v0 === (sol4 v0 Z) (S v0_30) === (sol4 (S v0_30) Z)
proved lemma forall v0: Nat. (S v0) === (sol4 v0 (S Z)) (S (S v0_100)) === (sol4 (S v0_100) (S Z))
proved lemma forall v0: Nat. v1: Nat. (S (add3 v0 v1)) === (add3 v0 (S v1)) (S (add3 (S v0_190) v1)) === (add3 (S v0_190) (S v1))
proved lemma forall n: Nat. m: Nat. (add3 n m) === (sol4 n m)
(uncyclic) Theorized 10 lemmas, fully attempted 3 lemmas, proved 3 lemmas
ta3-sol4 uncyclic: VALID (134 ms)
Proving begin ta3-sol6: (add3 n m) === (sol6 n m)
Property accepted by cvec analysis
proved lemma forall v0: Nat. v0 === (sol6 v0 Z) (S v0_30) === (sol6 (S v0_30) Z)
proved lemma forall v0: Nat. v1: Nat. (sol6 v0 v1) === (sol6 v1 v0) (sol6 (S v0_40) (S v1_90)) === (sol6 (S v1_90) (S v0_40))
proved lemma forall n: Nat. m: Nat. (add3 n m) === (sol6 n m)
(uncyclic) Theorized 6 lemmas, fully attempted 2 lemmas, proved 2 lemmas
ta3-sol6 uncyclic: VALID (46 ms)
Proving begin ta3-sol11: (add3 n m) === (sol11 n m)
Property accepted by cvec analysis
proved lemma forall n: Nat. m: Nat. (add3 n m) === (sol11 n m) (add3 (S n_40) (S m_120)) === (sol11 (S n_40) (S m_120))
(uncyclic) Theorized 0 lemmas, fully attempted 0 lemmas, proved 0 lemmas
ta3-sol11 uncyclic: VALID (3 ms)
Proving begin ta3-sol143: (add3 n m) === (sol143 n m)
Property accepted by cvec analysis
proved lemma forall v0: Nat. v1: Nat. (add v0 v1) === (add3 v1 v0) (add v0 (S v1_40)) === (add3 (S v1_40) v0)
(uncyclic) Theorized 65 lemmas, fully attempted 13 lemmas, proved 1 lemmas
ta3-sol143 uncyclic: TIMEOUT (128882 ms)
Proving begin ta4-sol4: (add4 n m) === (sol4 n m)
Property accepted by cvec analysis
proved lemma forall v0: Nat. v0 === (sol4 Z v0) (S v0_30) === (sol4 Z (S v0_30))
proved lemma forall v0: Nat. (S v0) === (sol4 (S Z) v0) (S (S v0_100)) === (sol4 (S Z) (S v0_100))
proved lemma forall v0: Nat. v1: Nat. (S (sol4 v0 v1)) === (sol4 (S v0) v1) (S (sol4 (S v0_140) (S v1_290))) === (sol4 (S (S v0_140)) (S v1_290))
proved lemma forall v0: Nat. v1: Nat. (S (sol4 v0 v1)) === (sol4 v0 (S v1))
(uncyclic) Theorized 461 lemmas, fully attempted 4 lemmas, proved 4 lemmas
ta4-sol4 uncyclic: TIMEOUT (120033 ms)
Proving begin ta4-sol6: (add4 n m) === (sol6 n m)
Property accepted by cvec analysis
proved lemma forall v0: Nat. v1: Nat. (sol6 v0 v1) === (sol6 v1 v0) (sol6 (S v0_40) (S v1_90)) === (sol6 (S v1_90) (S v0_40))
proved lemma forall v0: Nat. v1: Nat. (add4 v0 v1) === (sol6 v1 v0)
proved lemma forall n: Nat. m: Nat. (add4 n m) === (sol6 n m) (add4 Z (S (S m_50_110))) === (sol6 Z (S (S m_50_110)))
(uncyclic) Theorized 4 lemmas, fully attempted 2 lemmas, proved 2 lemmas
ta4-sol6 uncyclic: VALID (191 ms)
Proving begin ta4-sol11: (add4 n m) === (sol11 n m)
Property accepted by cvec analysis
proved lemma forall n: Nat. m: Nat. (add4 n m) === (sol11 n m) (add4 n (S (S m_40_120))) === (sol11 n (S (S m_40_120)))
(uncyclic) Theorized 0 lemmas, fully attempted 0 lemmas, proved 0 lemmas
ta4-sol11 uncyclic: VALID (5 ms)
Proving begin ta4-sol143: (add4 n m) === (sol143 n m)
Property accepted by cvec analysis
proved lemma forall v0: Nat. v1: Nat. (add v0 v1) === (add4 v0 v1) (add v0 (S v1_40)) === (add4 v0 (S v1_40))
(uncyclic) Theorized 59 lemmas, fully attempted 9 lemmas, proved 1 lemmas
ta4-sol143 uncyclic: TIMEOUT (122772 ms)
Proving begin sol4-sol6: (add4 n m) === (sol6 n m)
Property accepted by cvec analysis
proved lemma forall v0: Nat. v0 === (sol6 v0 Z) (S v0_30) === (sol6 (S v0_30) Z)
proved lemma forall v0: Nat. v1: Nat. (sol6 v0 v1) === (sol6 v1 v0) (sol6 (S v0_40) (S v1_90)) === (sol6 (S v1_90) (S v0_40))
proved lemma forall v0: Nat. v1: Nat. (add4 v0 v1) === (sol6 v1 v0)
proved lemma forall n: Nat. m: Nat. (add4 n m) === (sol6 n m) (add4 Z (S (S m_50_110))) === (sol6 Z (S (S m_50_110)))
(uncyclic) Theorized 6 lemmas, fully attempted 3 lemmas, proved 3 lemmas
sol4-sol6 uncyclic: VALID (178 ms)
Proving begin sol4-sol11: (add4 n m) === (sol11 n m)
Property accepted by cvec analysis
proved lemma forall n: Nat. m: Nat. (add4 n m) === (sol11 n m) (add4 n (S (S m_40_120))) === (sol11 n (S (S m_40_120)))
(uncyclic) Theorized 0 lemmas, fully attempted 0 lemmas, proved 0 lemmas
sol4-sol11 uncyclic: VALID (5 ms)
Proving begin sol4-sol143: (sol6 n m) === (sol143 n m)
Property accepted by cvec analysis
proved lemma forall v0: Nat. v0 === (sol6 v0 Z) (S v0_30) === (sol6 (S v0_30) Z)
proved lemma forall v0: Nat. v1: Nat. (sol6 v0 v1) === (sol6 v1 v0) (sol6 (S v0_40) (S v1_90)) === (sol6 (S v1_90) (S v0_40))
proved lemma forall v0: Nat. v1: Nat. (S (sol6 v0 v1)) === (add (S v1) v0) (S (sol6 (S v0_180) v1)) === (add (S v1) (S v0_180))
proved lemma forall v0: Nat. v1: Nat. (S (add v0 v1)) === (add (S v1) v0) (S (add Z (S v1_290))) === (add (S (S v1_290)) Z)
proved lemma forall v0: Nat. (S v0) === (add Z (add (S Z) v0)) (S v0) === (add Z (add (S Z) v0))
proved lemma forall v0: Nat. (add Z v0) === (add Z (add Z v0))
proved lemma forall v0: Nat. v0 === (add Z (add Z v0))
proved lemma forall v0: Nat. v1: Nat. (add v0 (add Z v1)) === (sol6 v0 v1) (add (S v0_120) (add Z (S v1_280))) === (sol6 (S v0_120) (S v1_280))
proved lemma forall n: Nat. m: Nat. (sol6 n m) === (sol143 n m) (sol6 (S (S n_110_750)) (S m_250)) === (sol143 (S (S n_110_750)) (S m_250))
(uncyclic) Theorized 32 lemmas, fully attempted 10 lemmas, proved 8 lemmas
sol4-sol143 uncyclic: VALID (939 ms)
Proving begin sol6-sol11: (sol6 n m) === (sol11 n m)
Property accepted by cvec analysis
proved lemma forall v0: Nat. v0 === (oneadd v0) (S v0_20) === (oneadd (S v0_20))
proved lemma forall v0: Nat. v1: Nat. (sol6 v0 v1) === (sol6 v1 v0) (sol6 (S v0_40) (S v1_90)) === (sol6 (S v1_90) (S v0_40))
proved lemma forall n: Nat. m: Nat. (sol6 n m) === (sol11 n m)
(uncyclic) Theorized 4 lemmas, fully attempted 2 lemmas, proved 2 lemmas
sol6-sol11 uncyclic: VALID (38 ms)
Proving begin sol6-sol143: (sol6 n m) === (sol143 n m)
Property accepted by cvec analysis
proved lemma forall v0: Nat. v0 === (sol6 v0 Z) (S v0_30) === (sol6 (S v0_30) Z)
proved lemma forall v0: Nat. v1: Nat. (sol6 v0 v1) === (sol6 v1 v0) (sol6 (S v0_40) (S v1_90)) === (sol6 (S v1_90) (S v0_40))
proved lemma forall v0: Nat. v1: Nat. (S (sol6 v0 v1)) === (add (S v1) v0) (S (sol6 (S v0_180) v1)) === (add (S v1) (S v0_180))
proved lemma forall v0: Nat. v1: Nat. (S (add v0 v1)) === (add (S v1) v0) (S (add Z (S v1_290))) === (add (S (S v1_290)) Z)
proved lemma forall v0: Nat. (S v0) === (add Z (add (S Z) v0)) (S v0) === (add Z (add (S Z) v0))
proved lemma forall v0: Nat. (add Z v0) === (add Z (add Z v0))
proved lemma forall v0: Nat. v0 === (add Z (add Z v0))
proved lemma forall v0: Nat. v1: Nat. (add v0 (add Z v1)) === (sol6 v0 v1) (add (S v0_120) (add Z (S v1_280))) === (sol6 (S v0_120) (S v1_280))
proved lemma forall n: Nat. m: Nat. (sol6 n m) === (sol143 n m) (sol6 (S (S n_110_750)) (S m_250)) === (sol143 (S (S n_110_750)) (S m_250))
(uncyclic) Theorized 32 lemmas, fully attempted 10 lemmas, proved 8 lemmas
sol6-sol143 uncyclic: VALID (921 ms)
Proving begin sol11-sol143: (sol11 n m) === (sol143 n m)
Property accepted by cvec analysis
proved lemma forall v0: Nat. v0 === (oneadd v0) (S v0_20) === (oneadd (S v0_20))
proved lemma forall v0: Nat. v0 === (sol11 Z v0) (S v0_60) === (sol11 Z (S v0_60))
proved lemma forall v0: Nat. (S v0) === (sol11 (S Z) v0) (S (S v0_150)) === (sol11 (S Z) (S v0_150))
proved lemma forall v0: Nat. v1: Nat. (S (sol11 v0 v1)) === (add (S v1) v0) (S (sol11 (S v0_210) (S v1_540))) === (add (S (S v1_540)) (S v0_210))
proved lemma forall v0: Nat. v1: Nat. (add (S v0) v1) === (sol11 (S Z) (sol11 v1 v0))
proved lemma forall v0: Nat. v1: Nat. (add v0 v1) === (sol11 v1 v0) (add Z (S (S (S v1_60_220_410)))) === (sol11 (S (S (S v1_60_220_410))) Z)
proved lemma forall n: Nat. m: Nat. (sol11 n m) === (sol143 n m) (sol11 (S (S n_110_900)) (S m_510)) === (sol143 (S (S n_110_900)) (S m_510))
(uncyclic) Theorized 70 lemmas, fully attempted 8 lemmas, proved 6 lemmas
sol11-sol143 uncyclic: VALID (13219 ms)
Attempted 29 goals:
  25 solved (no cyclic)
