Proving begin clam_1: (double x) === (plus x x)
Property accepted by cvec analysis
proved lemma forall v0: Nat. v1: Nat. (S (plus v0 v1)) === (plus v0 (S v1)) (S (plus (S v0_60) v1)) === (plus (S v0_60) (S v1))
proved lemma forall x: Nat. (double x) === (plus x x)
(uncyclic) Theorized 3 lemmas, fully attempted 1 lemmas, proved 1 lemmas
clam_1 uncyclic: VALID (23 ms)
Proving begin clam_2: (len (append x y)) === (len (append y x))
Property accepted by cvec analysis
proved lemma forall v0: (List a). v0 === (append v0 Nil) (Cons v0_30 v0_31) === (append (Cons v0_30 v0_31) Nil)
proved lemma forall v0: (List a). v1: a. (S (len v0)) === (len (append v0 (Cons v1 Nil))) (S (len (Cons v0_120 v0_121))) === (len (append (Cons v0_120 v0_121) (Cons v1 Nil)))
proved lemma forall v0: (List a). v1: (List a). v2: a. (S (len (append v0 v1))) === (len (append v0 (Cons v2 v1))) (S (len (append (Cons v0_160 v0_161) v1))) === (len (append (Cons v0_160 v0_161) (Cons v2 v1)))
proved lemma forall x: (List a). y: (List a). (len (append x y)) === (len (append y x))
(uncyclic) Theorized 4 lemmas, fully attempted 3 lemmas, proved 3 lemmas
clam_2 uncyclic: VALID (190 ms)
Proving begin clam_3: (len (append x y)) === (plus (len x) (len y))
Property accepted by cvec analysis
proved lemma forall x: (List a). y: (List a). (len (append x y)) === (plus (len x) (len y)) (len (append (Cons x_70 x_71) y)) === (plus (len (Cons x_70 x_71)) (len y))
(uncyclic) Theorized 0 lemmas, fully attempted 0 lemmas, proved 0 lemmas
clam_3 uncyclic: VALID (15 ms)
Proving begin clam_4: (len (append x x)) === (double (len x))
Property accepted by cvec analysis
proved lemma forall v0: (List a). v1: (List a). v2: a. (S (len (append v0 v1))) === (len (append v0 (Cons v2 v1))) (S (len (append (Cons v0_90 v0_91) v1))) === (len (append (Cons v0_90 v0_91) (Cons v2 v1)))
proved lemma forall x: (List a). (len (append x x)) === (double (len x))
(uncyclic) Theorized 3 lemmas, fully attempted 1 lemmas, proved 1 lemmas
clam_4 uncyclic: VALID (169 ms)
Proving begin clam_5: (len (rev x)) === (len x)
Property accepted by cvec analysis
proved lemma forall v0: (List a). v1: a. (S (len v0)) === (len (append v0 (Cons v1 Nil))) (S (len (Cons v0_80 v0_81))) === (len (append (Cons v0_80 v0_81) (Cons v1 Nil)))
proved lemma forall x: (List a). (len (rev x)) === (len x)
(uncyclic) Theorized 1 lemmas, fully attempted 1 lemmas, proved 1 lemmas
clam_5 uncyclic: VALID (54 ms)
Proving begin clam_6: (len (rev (append x y))) === (plus (len x) (len y))
Property accepted by cvec analysis
proved lemma forall v0: (List a). v1: a. (S (len v0)) === (len (append v0 (Cons v1 Nil))) (S (len (Cons v0_80 v0_81))) === (len (append (Cons v0_80 v0_81) (Cons v1 Nil)))
proved lemma forall x: (List a). y: (List a). (len (rev (append x y))) === (plus (len x) (len y)) (len (rev (append Nil (Cons y_110 y_111)))) === (plus (len Nil) (len (Cons y_110 y_111)))
(uncyclic) Theorized 1 lemmas, fully attempted 1 lemmas, proved 1 lemmas
clam_6 uncyclic: VALID (101 ms)
Proving begin clam_7: (len (qreva x y)) === (plus (len x) (len y))
Property accepted by cvec analysis
proved lemma forall v0: Nat. v1: Nat. (S (plus v0 v1)) === (plus v0 (S v1)) (S (plus (S v0_60) v1)) === (plus (S v0_60) (S v1))
proved lemma forall x: (List a). y: (List a). (len (qreva x y)) === (plus (len x) (len y))
(uncyclic) Theorized 2 lemmas, fully attempted 1 lemmas, proved 1 lemmas
clam_7 uncyclic: VALID (73 ms)
Proving begin clam_8: (drop x (drop y z)) === (drop y (drop x z))
Property accepted by cvec analysis
proved lemma forall v0: Nat. v1: (List a). (drop (S v0) v1) === (drop (S Z) (drop v0 v1)) (drop (S (S v0_80)) (Cons v1_130 v1_131)) === (drop (S Z) (drop (S v0_80) (Cons v1_130 v1_131)))
proved lemma forall x: Nat. y: Nat. z: (List a). (drop x (drop y z)) === (drop y (drop x z))
(uncyclic) Theorized 6 lemmas, fully attempted 1 lemmas, proved 1 lemmas
clam_8 uncyclic: VALID (231 ms)
Proving begin clam_9: (drop w (drop x (drop y z))) === (drop y (drop x (drop w z)))
Property accepted by cvec analysis
proved lemma forall v0: Nat. v1: (List a). (drop v0 (drop (S Z) v1)) === (drop (S v0) v1) (drop (S v0_80) (drop (S Z) (Cons v1_150 v1_151))) === (drop (S (S v0_80)) (Cons v1_150 v1_151))
proved lemma forall v0: Nat. v1: Nat. v2: (List a). (drop v0 (drop v1 v2)) === (drop v1 (drop v0 v2))
proved lemma forall w: Nat. x: Nat. y: Nat. z: (List a). (drop w (drop x (drop y z))) === (drop y (drop x (drop w z)))
(uncyclic) Theorized 7 lemmas, fully attempted 2 lemmas, proved 2 lemmas
clam_9 uncyclic: VALID (228 ms)
Proving begin clam_10: (rev (rev x)) === x
Property accepted by cvec analysis
proved lemma forall v0: a. v1: (List a). (Cons v0 (rev v1)) === (rev (append v1 (Cons v0 Nil))) (Cons v0 (rev (Cons v1_80 v1_81))) === (rev (append (Cons v1_80 v1_81) (Cons v0 Nil)))
proved lemma forall x: (List a). (rev (rev x)) === x
(uncyclic) Theorized 1 lemmas, fully attempted 1 lemmas, proved 1 lemmas
clam_10 uncyclic: VALID (62 ms)
Proving begin clam_11: (rev (append (rev x) (rev y))) === (append y x)
Property accepted by cvec analysis
proved lemma forall v0: (List a). v0 === (append v0 Nil) (Cons v0_30 v0_31) === (append (Cons v0_30 v0_31) Nil)
proved lemma forall v0: a. v1: (List a). (Cons v0 (rev v1)) === (rev (append v1 (Cons v0 Nil))) (Cons v0 (rev (Cons v1_150 v1_151))) === (rev (append (Cons v1_150 v1_151) (Cons v0 Nil)))
proved lemma forall v0: (List a). v0 === (rev (rev v0))
proved lemma forall v0: a. v1: (List a). (Cons v0 v1) === (rev (append (rev v1) (Cons v0 Nil)))
proved lemma forall v0: (List a). v1: (List a). v2: (List a). (append v0 (append v1 v2)) === (append (append v0 v1) v2) (append (Cons v0_390 v0_391) (append v1 v2)) === (append (append (Cons v0_390 v0_391) v1) v2)
proved lemma forall x: (List a). y: (List a). (rev (append (rev x) (rev y))) === (append y x)
(uncyclic) Theorized 35 lemmas, fully attempted 5 lemmas, proved 5 lemmas
clam_11 uncyclic: VALID (13166 ms)
Proving begin clam_12: (qreva x y) === (append (rev x) y)
Property accepted by cvec analysis
proved lemma forall v0: (List a). v1: a. v2: (List a). (append v0 (Cons v1 v2)) === (append (append v0 (Cons v1 Nil)) v2) (append (Cons v0_90 v0_91) (Cons v1 v2)) === (append (append (Cons v0_90 v0_91) (Cons v1 Nil)) v2)
proved lemma forall x: (List a). y: (List a). (qreva x y) === (append (rev x) y)
(uncyclic) Theorized 1 lemmas, fully attempted 1 lemmas, proved 1 lemmas
clam_12 uncyclic: VALID (180 ms)
Proving begin clam_13: (half (plus x x)) === x
Property accepted by cvec analysis
proved lemma forall v0: Nat. v1: Nat. (S (plus v0 v1)) === (plus v0 (S v1)) (S (plus (S v0_60) v1)) === (plus (S v0_60) (S v1))
proved lemma forall x: Nat. (half (plus x x)) === x
(uncyclic) Theorized 5 lemmas, fully attempted 4 lemmas, proved 1 lemmas
clam_13 uncyclic: VALID (44 ms)
Proving begin clam_15: (plus x (S x)) === (S (plus x x))
Property accepted by cvec analysis
proved lemma forall v0: Nat. v1: Nat. (S (plus v0 v1)) === (plus v0 (S v1)) (S (plus (S v0_60) v1)) === (plus (S v0_60) (S v1))
proved lemma forall x: Nat. (plus x (S x)) === (S (plus x x))
(uncyclic) Theorized 1 lemmas, fully attempted 1 lemmas, proved 1 lemmas
clam_15 uncyclic: VALID (11 ms)
Proving begin clam_16: (even (plus x x)) === True
Property accepted by cvec analysis
proved lemma forall v0: Bool. v0 === (not (not v0)) True === (not (not True))
proved lemma forall v0: Nat. v1: Nat. (S (plus v0 v1)) === (plus v0 (S v1)) (S (plus (S v0_60) v1)) === (plus (S v0_60) (S v1))
proved lemma forall x: Nat. (even (plus x x)) === True
(uncyclic) Theorized 3 lemmas, fully attempted 2 lemmas, proved 2 lemmas
clam_16 uncyclic: VALID (30 ms)
Proving begin clam_17: (rev (rev (append x y))) === (append (rev (rev x)) (rev (rev y)))
Property accepted by cvec analysis
proved lemma forall v0: a. v1: (List a). (Cons v0 (rev v1)) === (rev (append v1 (Cons v0 Nil))) (Cons v0 (rev (Cons v1_80 v1_81))) === (rev (append (Cons v1_80 v1_81) (Cons v0 Nil)))
proved lemma forall v0: (List a). v0 === (rev (rev v0))
proved lemma forall x: (List a). y: (List a). (rev (rev (append x y))) === (append (rev (rev x)) (rev (rev y)))
(uncyclic) Theorized 4 lemmas, fully attempted 2 lemmas, proved 2 lemmas
clam_17 uncyclic: VALID (232 ms)
Proving begin clam_18: (rev (append (rev x) y)) === (append (rev y) x)
Property accepted by cvec analysis
proved lemma forall v0: (List a). v0 === (append v0 Nil) (Cons v0_30 v0_31) === (append (Cons v0_30 v0_31) Nil)
proved lemma forall v0: a. v1: (List a). (Cons v0 (rev v1)) === (rev (append v1 (Cons v0 Nil))) (Cons v0 (rev (Cons v1_150 v1_151))) === (rev (append (Cons v1_150 v1_151) (Cons v0 Nil)))
proved lemma forall v0: a. v1: (List a). (Cons v0 v1) === (rev (append (rev v1) (Cons v0 Nil)))
proved lemma forall v0: (List a). v0 === (rev (rev v0)) (Cons v0_80 v0_81) === (rev (rev (Cons v0_80 v0_81)))
proved lemma forall v0: (List a). v1: a. (append v0 (Cons v1 Nil)) === (append (rev (rev v0)) (Cons v1 Nil)) (append v0 (Cons v1 Nil)) === (append (rev (rev v0)) (Cons v1 Nil))
proved lemma forall v0: (List a). v1: (List a). v2: (List a). (append v0 (append v1 v2)) === (append (append v0 v1) v2) (append (Cons v0_390 v0_391) (append v1 v2)) === (append (append (Cons v0_390 v0_391) v1) v2)
proved lemma forall x: (List a). y: (List a). (rev (append (rev x) y)) === (append (rev y) x)
(uncyclic) Theorized 36 lemmas, fully attempted 6 lemmas, proved 6 lemmas
clam_18 uncyclic: VALID (12916 ms)
Proving begin clam_19: (append (rev (rev x)) y) === (rev (rev (append x y)))
Property accepted by cvec analysis
proved lemma forall v0: a. v1: (List a). (Cons v0 (rev v1)) === (rev (append v1 (Cons v0 Nil))) (Cons v0 (rev (Cons v1_80 v1_81))) === (rev (append (Cons v1_80 v1_81) (Cons v0 Nil)))
proved lemma forall v0: (List a). v0 === (rev (rev v0))
proved lemma forall v0: (List a). v1: (List a). (append v0 v1) === (append (rev (rev v0)) v1)
proved lemma forall x: (List a). y: (List a). (append (rev (rev x)) y) === (rev (rev (append x y)))
(uncyclic) Theorized 5 lemmas, fully attempted 3 lemmas, proved 3 lemmas
clam_19 uncyclic: VALID (250 ms)
Proving begin clam_20: (even (len (append x x))) === True
Property accepted by cvec analysis
proved lemma forall v0: Bool. v0 === (not (not v0)) True === (not (not True))
proved lemma forall v0: (List a). v1: (List a). v2: a. (S (len (append v0 v1))) === (len (append v0 (Cons v2 v1))) (S (len (append (Cons v0_90 v0_91) v1))) === (len (append (Cons v0_90 v0_91) (Cons v2 v1)))
proved lemma forall x: (List a). (even (len (append x x))) === True
(uncyclic) Theorized 6 lemmas, fully attempted 2 lemmas, proved 2 lemmas
clam_20 uncyclic: VALID (393 ms)
Proving begin clam_21: (rotate (len x) (append x y)) === (append y x)
Property accepted by cvec analysis
proved lemma forall v0: (List a). v0 === (append v0 Nil) (Cons v0_30 v0_31) === (append (Cons v0_30 v0_31) Nil)
proved lemma forall v0: (List a). Nil === (rotate (len v0) Nil) Nil === (rotate (len (Cons v0_70 v0_71)) Nil)
proved lemma forall v0: (List a). v1: (List a). Nil === (rotate (len (append v0 v1)) Nil)
proved lemma forall v0: (List a). v1: (List a). v0 === (append (rotate (len v1) Nil) v0)
proved lemma forall v0: (List a). v1: a. (S (len v0)) === (len (append v0 (Cons v1 Nil))) (S (len (Cons v0_120 v0_121))) === (len (append (Cons v0_120 v0_121) (Cons v1 Nil)))
proved lemma forall v0: (List a). (len v0) === (len (rotate (S Z) v0))
proved lemma forall v0: (List a). (len v0) === (len (rotate (S (S Z)) v0)) (len (Cons v0_1890 v0_1891)) === (len (rotate (S (S Z)) (Cons v0_1890 v0_1891)))
proved lemma forall Z === (len Nil) Z === (len Nil)
proved lemma forall Nil === (rotate (S Z) Nil) Nil === (rotate (S Z) Nil)
proved lemma forall Z === (len (append Nil Nil)) Z === (len (append Nil Nil))
proved lemma forall Z === (len (rotate (S Z) Nil)) Z === (len (rotate (S Z) Nil))
proved lemma forall Nil === (rotate (S (S Z)) Nil) Nil === (rotate (S (S Z)) Nil)
proved lemma forall v0: (List a). Z === (len (rotate (len v0) Nil)) Z === (len (rotate (len v0) Nil))
proved lemma forall v0: (List a). (append Nil Nil) === (rotate (len v0) Nil) (append Nil Nil) === (rotate (len v0) Nil)
proved lemma forall Nil === (rotate (S Z) (append Nil Nil)) Nil === (rotate (S Z) (append Nil Nil))
proved lemma forall (append Nil Nil) === (rotate (S Z) Nil) (append Nil Nil) === (rotate (S Z) Nil)
proved lemma forall v0: (List a). Nil === (rotate (len (append v0 Nil)) Nil) Nil === (rotate (len (append v0 Nil)) Nil)
proved lemma forall v0: (List a). Nil === (rotate (len v0) (append Nil Nil)) Nil === (rotate (len v0) (append Nil Nil))
proved lemma forall Z === (len (rotate (S (S Z)) Nil)) Z === (len (rotate (S (S Z)) Nil))
proved lemma forall v0: (List a). Z === (len (rotate (len v0) (append Nil Nil))) Z === (len (rotate (len v0) (append Nil Nil)))
proved lemma forall Nil === (rotate (S (S Z)) (append Nil Nil)) Nil === (rotate (S (S Z)) (append Nil Nil))
proved lemma forall (append Nil Nil) === (rotate (S (S Z)) Nil) (append Nil Nil) === (rotate (S (S Z)) Nil)
proved lemma forall v0: (List a). Nil === (rotate (S Z) (rotate (len v0) Nil)) Nil === (rotate (S Z) (rotate (len v0) Nil))
proved lemma forall v0: (List a). Z === (len (rotate (len (append v0 Nil)) Nil)) Z === (len (rotate (len (append v0 Nil)) Nil))
proved lemma forall v0: (List a). (rotate (S Z) Nil) === (rotate (len v0) Nil) (rotate (S Z) Nil) === (rotate (len v0) Nil)
proved lemma forall v0: (List a). Nil === (rotate (len (rotate (S Z) v0)) Nil) Nil === (rotate (len (rotate (S Z) v0)) Nil)
proved lemma forall Z === (len (rotate (S Z) (append Nil Nil))) Z === (len (rotate (S Z) (append Nil Nil)))
proved lemma forall (append Nil Nil) === (rotate (S Z) (append Nil Nil)) (append Nil Nil) === (rotate (S Z) (append Nil Nil))
proved lemma forall v0: Nat. Nil === (rotate v0 Nil) Nil === (rotate (S v0_110) Nil)
proved lemma forall v0: Nat. (rotate v0 Nil) === (rotate (S Z) (rotate v0 Nil))
proved lemma forall v0: (List a). Nil === (rotate (len (append v0 Nil)) (append Nil Nil)) Nil === (rotate (len (append v0 Nil)) (append Nil Nil))
proved lemma forall v0: (List a). Nil === (rotate (len (append v0 (append Nil Nil))) Nil) Nil === (rotate (len (append v0 (append Nil Nil))) Nil)
proved lemma forall v0: (List a). (append Nil Nil) === (rotate (len (append v0 Nil)) Nil) (append Nil Nil) === (rotate (len (append v0 Nil)) Nil)
proved lemma forall v0: (List a). (append Nil Nil) === (rotate (len v0) (append Nil Nil)) (append Nil Nil) === (rotate (len v0) (append Nil Nil))
proved lemma forall v0: (List a). Z === (len (rotate (S Z) (rotate (len v0) Nil))) Z === (len (rotate (S Z) (rotate (len v0) Nil)))
proved lemma forall v0: (List a). Nil === (rotate (len (rotate (S (S Z)) v0)) Nil) Nil === (rotate (len (rotate (S (S Z)) v0)) Nil)
proved lemma forall v0: (List a). Z === (len (rotate (len (rotate (S Z) v0)) Nil)) Z === (len (rotate (len (rotate (S Z) v0)) Nil))
proved lemma forall v0: (List a). Nil === (rotate (S (S Z)) (rotate (len v0) Nil)) Nil === (rotate (S (S Z)) (rotate (len v0) Nil))
proved lemma forall v0: (List a). (rotate (S (S Z)) Nil) === (rotate (len v0) Nil) (rotate (S (S Z)) Nil) === (rotate (len v0) Nil)
proved lemma forall Z === (len (rotate (S (S Z)) (append Nil Nil))) Z === (len (rotate (S (S Z)) (append Nil Nil)))
proved lemma forall (rotate (S Z) Nil) === (rotate (S (S Z)) Nil) (rotate (S Z) Nil) === (rotate (S (S Z)) Nil)
proved lemma forall Z === (len (rotate (S Z) (rotate (S Z) Nil))) Z === (len (rotate (S Z) (rotate (S Z) Nil)))
