Proving begin optimize: (main inp0) === (mainNew inp0)
Property accepted by cvec analysis
proved lemma forall v0: List. v0 === (tf1 v0 v0) (Cons v0_20 v0_21) === (tf1 (Cons v0_20 v0_21) (Cons v0_20 v0_21))
proved lemma forall v0: Nat. v0 === (ite1 (lq Zero v0) v0 Zero) (Succ v0_40) === (ite1 (lq Zero (Succ v0_40)) (Succ v0_40) Zero)
proved lemma forall v0: Bool. v0 === (or False v0) True === (or False True)
proved lemma forall v0: Bool. v0 === (lq Zero (ite1 (not v0) Zero (Succ Zero))) True === (lq Zero (ite1 (not True) Zero (Succ Zero)))
proved lemma forall v0: Bool. v0 === (not (not v0)) True === (not (not True))
proved lemma forall v0: Bool. (not (not v0)) === (or False v0) (not (not v0)) === (or False v0)
proved lemma forall v0: Bool. v0 === (not (not (or False v0))) v0 === (not (not (or False v0)))
proved lemma forall v0: Bool. v0 === (not (not (not (not v0)))) v0 === (not (not (not (not v0))))
proved lemma forall v0: Bool. (not (not (or False v0))) === (or False v0) (not (not (or False v0))) === (or False v0)
proved lemma forall v0: Bool. (not (not (not (not v0)))) === (or False v0) (not (not (not (not v0)))) === (or False v0)
proved lemma forall v0: Bool. (lq Zero (ite1 v0 Zero (Succ Zero))) === (not v0) (lq Zero (ite1 v0 Zero (Succ Zero))) === (not v0)
proved lemma forall v0: Bool. (not (not (not v0))) === (not (or False v0)) (not (not (not v0))) === (not (or False v0))
proved lemma forall v0: Bool. v0 === (not (not (not (not (or False v0))))) v0 === (not (not (not (not (or False v0)))))
proved lemma forall v0: Bool. v0 === (not (not (not (not (not (not v0)))))) v0 === (not (not (not (not (not (not v0))))))
proved lemma forall v0: Bool. v0 === (lq Zero (ite1 (not v0) Zero (Succ (Succ Zero)))) True === (lq Zero (ite1 (not True) Zero (Succ (Succ Zero))))
proved lemma forall v0: Bool. v0 === (lq Zero (ite1 (not (or False v0)) Zero (Succ Zero))) v0 === (lq Zero (ite1 (not (or False v0)) Zero (Succ Zero)))
proved lemma forall v0: Bool. (lq Zero (ite1 (not v0) Zero (Succ Zero))) === (or False v0) (lq Zero (ite1 (not v0) Zero (Succ Zero))) === (or False v0)
proved lemma forall v0: Bool. v1: List. v0 === (lq Zero (ite1 (not v0) Zero (Succ (snd2 (tf6 v1))))) True === (lq Zero (ite1 (not True) Zero (Succ (snd2 (tf6 v1)))))
proved lemma forall v0: Bool. v0 === (lq Zero (ite1 (not (or False v0)) Zero (Succ (Succ Zero)))) v0 === (lq Zero (ite1 (not (or False v0)) Zero (Succ (Succ Zero))))
proved lemma forall v0: Bool. (lq Zero (ite1 (not v0) Zero (Succ (Succ Zero)))) === (or False v0) (lq Zero (ite1 (not v0) Zero (Succ (Succ Zero)))) === (or False v0)
proved lemma forall v0: Bool. (lq Zero (ite1 (not (or False v0)) Zero (Succ Zero))) === (or False v0) (lq Zero (ite1 (not (or False v0)) Zero (Succ Zero))) === (or False v0)
proved lemma forall v0: Bool. v1: List. v0 === (lq Zero (ite1 (not (or False v0)) Zero (Succ (snd2 (tf6 v1))))) v0 === (lq Zero (ite1 (not (or False v0)) Zero (Succ (snd2 (tf6 v1)))))
proved lemma forall v0: Bool. v1: List. (lq Zero (ite1 (not v0) Zero (Succ (snd2 (tf6 v1))))) === (or False v0) (lq Zero (ite1 (not v0) Zero (Succ (snd2 (tf6 v1))))) === (or False v0)
proved lemma forall v0: Bool. (lq Zero (ite1 (not (or False v0)) Zero (Succ (Succ Zero)))) === (or False v0) (lq Zero (ite1 (not (or False v0)) Zero (Succ (Succ Zero)))) === (or False v0)
proved lemma forall v0: Bool. (lq Zero (ite1 v0 Zero (Succ Zero))) === (lq Zero (ite1 v0 Zero (Succ (Succ Zero)))) (lq Zero (ite1 v0 Zero (Succ Zero))) === (lq Zero (ite1 v0 Zero (Succ (Succ Zero))))
proved lemma forall v0: Nat. True === (lq Zero (ite1 (lq Zero v0) v0 (Succ v0))) True === (lq Zero (ite1 (lq Zero (Succ v0_1270)) (Succ v0_1270) (Succ (Succ v0_1270))))
proved lemma forall v0: Nat. False === (not (lq Zero (ite1 (lq Zero v0) v0 (Succ v0)))) False === (not (lq Zero (ite1 (lq Zero v0) v0 (Succ v0))))
proved lemma forall v0: Nat. (Succ v0) === (ite1 (lq Zero v0) (Succ v0) (Succ Zero)) (Succ (Succ v0_1230)) === (ite1 (lq Zero (Succ v0_1230)) (Succ (Succ v0_1230)) (Succ Zero))
proved lemma forall v0: Nat. True === (lq Zero (ite1 (lq (Succ Zero) v0) v0 (Succ Zero)))
proved lemma forall v0: Nat. False === (not (lq Zero (ite1 (lq (Succ Zero) v0) v0 (Succ Zero)))) False === (not (lq Zero (ite1 (lq (Succ Zero) v0) v0 (Succ Zero))))
proved lemma forall v0: Nat. Zero === (ite1 (lq Zero (ite1 (lq Zero v0) v0 (Succ v0))) Zero (Succ Zero)) Zero === (ite1 (lq Zero (ite1 (lq Zero v0) v0 (Succ v0))) Zero (Succ Zero))
proved lemma forall v0: Bool. v0 === (lq Zero (ite1 (not v0) Zero (Succ (Succ (Succ Zero))))) True === (lq Zero (ite1 (not True) Zero (Succ (Succ (Succ Zero)))))
proved lemma forall v0: Bool. (lq Zero (ite1 v0 Zero (Succ (Succ (Succ Zero))))) === (not v0)
proved lemma forall v0: Bool. v0 === (not (lq Zero (ite1 v0 Zero (Succ (Succ (Succ Zero))))))
proved lemma forall v0: Bool. v0 === (lq Zero (ite1 (not (or False v0)) Zero (Succ (Succ (Succ Zero))))) v0 === (lq Zero (ite1 (not (or False v0)) Zero (Succ (Succ (Succ Zero)))))
proved lemma forall v0: Bool. (lq Zero (ite1 (not v0) Zero (Succ (Succ (Succ Zero))))) === (or False v0) (lq Zero (ite1 (not v0) Zero (Succ (Succ (Succ Zero))))) === (or False v0)
proved lemma forall v0: Nat. Zero === (ite1 (lq Zero (ite1 (lq (Succ Zero) v0) v0 (Succ Zero))) Zero (Succ Zero)) Zero === (ite1 (lq Zero (ite1 (lq (Succ Zero) v0) v0 (Succ Zero))) Zero (Succ Zero))
proved lemma forall v0: Nat. Zero === (ite1 (lq Zero (ite1 (lq Zero v0) v0 (Succ v0))) Zero (Succ (Succ Zero))) Zero === (ite1 (lq Zero (ite1 (lq Zero v0) v0 (Succ v0))) Zero (Succ (Succ Zero)))
proved lemma forall v0: Nat. (ite1 (lq Zero v0) v0 (Succ v0)) === (ite1 (lq (Succ Zero) v0) v0 (Succ Zero)) (ite1 (lq Zero (Succ v0_1770)) (Succ v0_1770) (Succ (Succ v0_1770))) === (ite1 (lq (Succ Zero) (Succ v0_1770)) (Succ v0_1770) (Succ Zero))
(uncyclic) Theorized 69 lemmas, fully attempted 55 lemmas, proved 39 lemmas
optimize uncyclic: TIMEOUT (61498 ms)
Attempted 1 goals:
  0 solved (no cyclic)
