Proving begin optimize: (main inp0) === (mainNew inp0)
Property accepted by cvec analysis
proved lemma forall v0: Bool. v0 === (or False v0) True === (or False True)
proved lemma forall v0: Bool. v0 === (and v0 True) True === (and True True)
proved lemma forall v0: Bool. v0 === (or v0 False) True === (or True False)
proved lemma forall v0: Bool. (and (not v0) True) === (not v0) (and (not v0) True) === (not v0)
proved lemma forall v0: Tuple2. (or (snd2 v0) False) === (snd2 v0) (or (snd2 v0) False) === (snd2 v0)
proved lemma forall v0: Bool. v0 === (and True v0) True === (and True True)
proved lemma forall v0: Bool. v1: CList. (and v0 True) === (or (and (snd3 (tf7 v1)) v0) (and v0 True)) (and True True) === (or (and (snd3 (tf7 v1)) True) (and True True))
proved lemma forall v0: Bool. v1: Bool. (and v0 v1) === (and v1 v0) (and True v1) === (and v1 True)
proved lemma forall v0: Bool. v1: CList. v0 === (or v0 (and v0 (not (third3 (tf7 v1))))) True === (or True (and True (not (third3 (tf7 v1)))))
proved lemma forall v0: Bool. v1: Tuple3. v0 === (or v0 (and v0 (not (third3 v1)))) True === (or True (and True (not (third3 v1))))
proved lemma forall v0: Tuple3. (or (snd3 v0) (and (snd3 v0) (not (third3 v0)))) === (snd3 v0)
proved lemma forall v0: Bool. v1: Bool. v2: CList. (and v0 v1) === (and (and v0 v1) (or v0 (snd3 (tf7 v2)))) (and True v1) === (and (and True v1) (or True (snd3 (tf7 v2))))
proved lemma forall v0: Bool. v1: CList. v0 === (or (and (and v0 (not (third3 (tf7 v1)))) (or v0 (snd3 (tf7 v1)))) v0) True === (or (and (and True (not (third3 (tf7 v1)))) (or True (snd3 (tf7 v1)))) True)
proved lemma forall v0: Bool. v1: Bool. v0 === (or (and v1 v0) v0) True === (or (and v1 True) True)
proved lemma forall v0: Bool. v1: Bool. v0 === (or (and v1 (or v0 v0)) v0) v0 === (or (and v1 (or v0 v0)) v0)
proved lemma forall v0: Bool. v1: Bool. (or v0 v0) === (or (and v1 v0) v0) (or v0 v0) === (or (and v1 v0) v0)
proved lemma forall v0: Bool. v1: Bool. v0 === (or (and v1 v0) (or v0 v0)) v0 === (or (and v1 v0) (or v0 v0))
Reach the limit
proved lemma forall v0: Bool. v1: Bool. v0 === (or (and v1 (or v0 v0)) (or v0 v0)) v0 === (or (and v1 (or v0 v0)) (or v0 v0))
proved lemma forall v0: Bool. v1: Bool. (or v0 v0) === (or (and v1 (or v0 v0)) v0) (or v0 v0) === (or (and v1 (or v0 v0)) v0)
proved lemma forall v0: Bool. v1: Bool. (or v0 v0) === (or (and v1 v0) (or v0 v0)) (or v0 v0) === (or (and v1 v0) (or v0 v0))
proved lemma forall v0: Bool. v1: Bool. v2: Bool. (or v0 v1) === (or (and v2 v1) (or v0 v1)) (or True v1) === (or (and v2 v1) (or True v1))
proved lemma forall v0: Bool. v1: Bool. v2: Bool. (or v0 v1) === (or (and v2 (or v1 v1)) (or v0 v1)) (or v0 v1) === (or (and v2 (or v1 v1)) (or v0 v1))
proved lemma forall v0: Bool. v1: Bool. v2: CList. v0 === (or (and v1 (or (and v0 (snd3 (tf7 v2))) v0)) v0) v0 === (or (and v1 (or (and v0 (snd3 (tf7 v2))) v0)) v0)
proved lemma forall v0: Bool. v1: Bool. v2: CList. v0 === (or (and v1 v0) (or (and v0 (snd3 (tf7 v2))) v0)) v0 === (or (and v1 v0) (or (and v0 (snd3 (tf7 v2))) v0))
proved lemma forall v0: Bool. v1: CList. v2: Bool. v0 === (or (and (or (and v0 (snd3 (tf7 v1))) v0) v2) v0) v0 === (or (and (or (and v0 (snd3 (tf7 v1))) v0) v2) v0)
proved lemma forall v0: Bool. v1: Bool. v2: Bool. (or (and v0 v1) v0) === (or (and v2 (or (and v0 v1) v0)) v0) (or (and v0 v1) v0) === (or (and v2 (or (and v0 v1) v0)) v0)
proved lemma forall v0: Bool. v1: Bool. v2: Bool. (or (and v0 v1) v1) === (or (and v2 (or (and v1 v0) v1)) v1) (or (and v0 v1) v1) === (or (and v2 (or (and v1 v0) v1)) v1)
proved lemma forall v0: Bool. v1: Bool. v2: CList. v0 === (or (and v1 (or (and v0 (snd3 (tf7 v2))) v0)) (or v0 v0)) v0 === (or (and v1 (or (and v0 (snd3 (tf7 v2))) v0)) (or v0 v0))
proved lemma forall v0: Bool. v1: CList. v2: Bool. (or v0 v0) === (or (and (or (and v0 (snd3 (tf7 v1))) v0) v2) v0) (or v0 v0) === (or (and (or (and v0 (snd3 (tf7 v1))) v0) v2) v0)
proved lemma forall v0: Bool. v1: CList. v2: Bool. v0 === (or (and (or (and v0 (snd3 (tf7 v1))) v0) v2) (or v0 v0)) v0 === (or (and (or (and v0 (snd3 (tf7 v1))) v0) v2) (or v0 v0))
proved lemma forall v0: Bool. v1: Bool. v2: CList. v0 === (or (and v1 (or v0 v0)) (or (and v0 (snd3 (tf7 v2))) v0)) v0 === (or (and v1 (or v0 v0)) (or (and v0 (snd3 (tf7 v2))) v0))
proved lemma forall v0: Bool. v1: Bool. v2: CList. (or v0 v0) === (or (and v1 (or (and v0 (snd3 (tf7 v2))) v0)) v0) (or v0 v0) === (or (and v1 (or (and v0 (snd3 (tf7 v2))) v0)) v0)
proved lemma forall v0: Bool. v1: Bool. v2: Bool. (or (and v0 v1) v1) === (or (and v2 (or (and v1 v0) v1)) (or v1 v1)) (or (and v0 v1) v1) === (or (and v2 (or (and v1 v0) v1)) (or v1 v1))
proved lemma forall v0: Bool. v1: Bool. v2: Bool. (or (and v0 v1) v0) === (or (and v2 (or (and v0 v1) v0)) (or v0 v0)) (or (and v0 v1) v0) === (or (and v2 (or (and v0 v1) v0)) (or v0 v0))
proved lemma forall v0: Bool. v1: Bool. v2: CList. (or v0 v0) === (or (and v1 (or (and v0 (snd3 (tf7 v2))) v0)) (or v0 v0)) (or v0 v0) === (or (and v1 (or (and v0 (snd3 (tf7 v2))) v0)) (or v0 v0))
proved lemma forall v0: Bool. v1: Bool. v2: Tuple3. (or (and v0 v1) (or (and v0 (snd3 v2)) v0)) === (or (and v0 (snd3 v2)) v0) (or (and v0 v1) (or (and v0 (snd3 v2)) v0)) === (or (and v0 (snd3 v2)) v0)
proved lemma forall v0: Bool. v1: Tuple3. v2: Bool. (or (and v0 (snd3 v1)) v0) === (or (and (or (and v0 (snd3 v1)) v0) v2) v0) (or (and v0 (snd3 v1)) v0) === (or (and (or (and v0 (snd3 v1)) v0) v2) v0)
proved lemma forall v0: Bool. v1: Bool. v2: CList. v3: Bool. (or v0 v1) === (or (and (or (and (snd3 (tf7 v2)) v1) v1) v3) (or v0 v1)) (or v0 v1) === (or (and (or (and (snd3 (tf7 v2)) v1) v1) v3) (or v0 v1))
proved lemma forall v0: Bool. v1: Tuple3. v2: Bool. (or (and v0 (or (and (snd3 v1) v2) v2)) v2) === (or (and v2 (snd3 v1)) v2) (or (and v0 (or (and (snd3 v1) v2) v2)) v2) === (or (and v2 (snd3 v1)) v2)
proved lemma forall v0: Bool. v1: CList. v2: Bool. (or v0 v0) === (or (and (or (and v0 (snd3 (tf7 v1))) v0) v2) (or v0 v0)) (or v0 v0) === (or (and (or (and v0 (snd3 (tf7 v1))) v0) v2) (or v0 v0))
proved lemma forall v0: Bool. v1: Bool. v2: Tuple3. (or (and v0 (or (and v1 (snd3 v2)) v1)) v1) === (or (and v1 (snd3 v2)) v1) (or (and v0 (or (and v1 (snd3 v2)) v1)) v1) === (or (and v1 (snd3 v2)) v1)
proved lemma forall v0: Bool. v1: Bool. v2: Tuple3. (or (and v0 v1) (or (and v1 (snd3 v2)) v1)) === (or (and v1 (snd3 v2)) v1) (or (and v0 v1) (or (and v1 (snd3 v2)) v1)) === (or (and v1 (snd3 v2)) v1)
proved lemma forall v0: Bool. v1: Bool. v2: Bool. v3: CList. (or v0 v1) === (or (and v2 (or (and (snd3 (tf7 v3)) v1) v1)) (or v0 v1)) (or v0 v1) === (or (and v2 (or (and (snd3 (tf7 v3)) v1) v1)) (or v0 v1))
(uncyclic) Theorized 200 lemmas, fully attempted 181 lemmas, proved 43 lemmas
optimize uncyclic: TIMEOUT (62967 ms)
Attempted 1 goals:
  0 solved (no cyclic)
