Proving begin optimize: (main inp0) === (mainNew inp0)
Property accepted by cvec analysis
proved lemma forall v0: CList. v1: Nat. v0 === (ite4 (leq v1 Zero) v0 v0) v0 === (ite4 (leq (Succ v1_50) Zero) v0 v0)
proved lemma forall v0: CList. v0 === (tf13 v0 v0)
proved lemma forall v0: Nat. v1: CList. v2: CList. (Concat v0 v1 v2) === (Concat v0 v1 (tf13 v2 v2)) (Concat v0 v1 v2) === (Concat v0 v1 (tf13 v2 v2))
proved lemma forall v0: Bool. v0 === (and True v0) True === (and True True)
proved lemma forall v0: Tuple3. (and True (snd3 v0)) === (snd3 v0) (and True (snd3 v0)) === (snd3 v0)
proved lemma forall v0: CList. (and True (tf9 v0)) === (tf9 v0) (and True (tf9 v0)) === (tf9 v0)
proved lemma forall v0: List. True === (snd3 (tf11 v0)) True === (snd3 (tf11 (Cons v0_60 v0_61)))
proved lemma forall v0: List. v1: CList. (snd3 (tf11 v0)) === (snd3 (tf11 (tf1 v0 (tf3 v1))))
proved lemma forall v0: CList. True === (snd3 (tf11 (tf3 v0)))
proved lemma forall v0: Bool. v0 === (and v0 True) True === (and True True)
proved lemma forall v0: Nat. (and (lq Zero v0) True) === (lq Zero v0) (and (lq Zero v0) True) === (lq Zero v0)
proved lemma forall v0: Nat. v1: CList. v0 === (ite2 (and True (snd3 (tf11 (tf3 v1)))) v0 (fst3 (tf11 (tf3 v1)))) v0 === (ite2 (and True (snd3 (tf11 (tf3 v1)))) v0 (fst3 (tf11 (tf3 v1))))
proved lemma forall v0: CList. v1: Nat. v2: Nat. (ite2 (and True (snd3 (tf11 (tf3 v0)))) (plus v1 v2) v1) === (plus v1 v2) (ite2 (and True (snd3 (tf11 (tf3 v0)))) (plus v1 v2) v1) === (plus v1 v2)
proved lemma forall v0: Nat. v0 === (ite2 (lq Zero v0) v0 Zero) (Succ v0_80) === (ite2 (lq Zero (Succ v0_80)) (Succ v0_80) Zero)
(uncyclic) Theorized 148 lemmas, fully attempted 129 lemmas, proved 14 lemmas
optimize uncyclic: TIMEOUT (60070 ms)
Attempted 1 goals:
  0 solved (no cyclic)
