Proving begin optimize: (main inp0) === (mainNew inp0)
Property accepted by cvec analysis
proved lemma forall v0: Nat. v1: Nat. v0 === (ite1 (lq v1 v1) v0 v0) v0 === (ite1 (lq (Succ v1_40) (Succ v1_40)) v0 v0)
proved lemma forall v0: Nat. v0 === (ite1 (lq v0 v0) v0 v0)
proved lemma forall v0: Nat. v1: Nat. (Succ (plus v0 v1)) === (plus v0 (Succ v1)) (Succ (plus (Succ v0_200) v1)) === (plus (Succ v0_200) (Succ v1))
proved lemma forall v0: Nat. v1: Nat. (lq v0 v0) === (lq (Succ (plus v1 v0)) v0)
proved lemma forall v0: List. (snd2 (tf7 v0)) === (tf1 (tf5 v0)) (snd2 (tf7 (Cons v0_50 v0_51))) === (tf1 (tf5 (Cons v0_50 v0_51)))
proved lemma forall v0: Nat. False === (lq v0 v0) False === (lq (Succ v0_40) (Succ v0_40))
proved lemma forall v0: Nat. v1: Nat. (lq v0 v0) === (lq (plus v1 v0) (plus v1 v0)) (lq (Succ v0_90) (Succ v0_90)) === (lq (plus v1 (Succ v0_90)) (plus v1 (Succ v0_90)))
proved lemma forall v0: List. (tf1 v0) === (tf3 v0)
proved lemma forall v0: Nat. v1: Nat. (lq v0 v0) === (lq (plus v1 v0) v0)
proved lemma forall v0: Nat. v1: Nat. (lq v0 v0) === (lq (plus v0 v1) v1)
proved lemma forall v0: List. (snd2 (tf7 v0)) === (tf3 (tf5 v0))
Reach the limit
proved lemma forall v0: Nat. v1: List. (plus v0 (snd2 (tf7 v1))) === (plus v0 (tf1 (tf5 v1))) (plus v0 (snd2 (tf7 v1))) === (plus v0 (tf1 (tf5 v1)))
Reach the limit
Reach the limit
(uncyclic) Theorized 84 lemmas, fully attempted 76 lemmas, proved 12 lemmas
optimize uncyclic: TIMEOUT (61433 ms)
Attempted 1 goals:
  0 solved (no cyclic)
