Proving begin optimize: (main inp0) === (mainNew inp0)
Property accepted by cvec analysis
proved lemma forall v0: Nat. v0 === (ite2 (gq v0 Zero) v0 Zero) (Succ v0_40) === (ite2 (gq (Succ v0_40) Zero) (Succ v0_40) Zero)
proved lemma forall v0: Bool. v0 === (and True v0) True === (and True True)
proved lemma forall v0: Nat. v0 === (plus v0 Zero) (Succ v0_100) === (plus (Succ v0_100) Zero)
proved lemma forall v0: List. v1: Unit. (tf7 v0) === (tf7 (tf3 (Nil v1) v0)) (tf7 (Cons v0_220 v0_221)) === (tf7 (tf3 (Nil v1) (Cons v0_220 v0_221)))
proved lemma forall v0: List. v1: Unit. (gq (tf7 v0) Zero) === (gq (tf7 (tf3 (Nil v1) v0)) Zero)
proved lemma forall v0: Bool. v0 === (and v0 True) True === (and True True)
proved lemma forall v0: Nat. v1: List. (plus v0 (tf7 v1)) === (tf7 (tf3 (Cons v0 (Nil Null)) v1)) (plus (Succ v0_380) (tf7 (Cons v1_580 v1_581))) === (tf7 (tf3 (Cons (Succ v0_380) (Nil Null)) (Cons v1_580 v1_581)))
proved lemma forall v0: List. v1: List. v2: Unit. (tf3 v0 v1) === (tf3 v0 (tf3 (Nil v2) v1)) (tf3 v0 (Cons v1_70 v1_71)) === (tf3 v0 (tf3 (Nil v2) (Cons v1_70 v1_71)))
proved lemma forall v0: List. v1: Unit. v2: CList. (tf3 v0 (tf3 (Nil v1) (tf5 (tf9 v2)))) === (tf3 v0 (tf5 (tf9 v2)))
proved lemma forall v0: List. v1: Unit. v2: CList. (tf3 v0 (tf3 (Nil v1) (tf5 v2))) === (tf3 v0 (tf5 v2))
proved lemma forall v0: List. v1: List. (plus (tf7 v0) (tf7 v1)) === (tf7 (tf3 v0 v1)) (plus (tf7 (Cons v0_310 v0_311)) (tf7 (Cons v1_630 v1_631))) === (tf7 (tf3 (Cons v0_310 v0_311) (Cons v1_630 v1_631)))
proved lemma forall v0: Bool. v1: CList. (ite2 v0 (tf11 v1) Zero) === (ite2 (and True v0) (tf7 (tf5 (tf9 v1))) Zero) (ite2 True (tf11 (Concat v1_440 v1_441)) Zero) === (ite2 (and True True) (tf7 (tf5 (tf9 (Concat v1_440 v1_441)))) Zero)
proved lemma forall v0: Bool. v1: CList. (gq (ite2 v0 (tf11 v1) Zero) Zero) === (gq (ite2 v0 (tf7 (tf5 (tf9 v1))) Zero) Zero)
proved lemma forall v0: Bool. v1: CList. (ite2 v0 (tf11 v1) Zero) === (ite2 v0 (tf7 (tf5 (tf9 v1))) Zero)
proved lemma forall inp0: CList. (main inp0) === (mainNew inp0)
(uncyclic) Theorized 134 lemmas, fully attempted 70 lemmas, proved 14 lemmas
optimize uncyclic: VALID (15392 ms)
Attempted 1 goals:
  1 solved (no cyclic)
