Proving begin optimize: (main inp0) === (mainNew inp0)
Property accepted by cvec analysis
proved lemma forall v0: NList. v0 === (tf13 v0 v0) (Ncons v0_20 v0_21) === (tf13 (Ncons v0_20 v0_21) (Ncons v0_20 v0_21))
proved lemma forall v0: Nat. v0 === (ite2 (lq Zero v0) v0 Zero) (Succ v0_40) === (ite2 (lq Zero (Succ v0_40)) (Succ v0_40) Zero)
proved lemma forall v0: Tuple3. (ite2 (lq Zero (snd3 v0)) (snd3 v0) Zero) === (snd3 v0) (ite2 (lq Zero (snd3 v0)) (snd3 v0) Zero) === (snd3 v0)
proved lemma forall v0: Nat. Zero === (ite2 (lq Zero v0) Zero v0) Zero === (ite2 (lq Zero (Succ v0_100)) Zero (Succ v0_100))
proved lemma forall v0: Nat. False === (lq Zero (ite2 (lq Zero v0) Zero v0))
proved lemma forall v0: Bool. v0 === (and True v0) True === (and True True)
proved lemma forall v0: Nat. v1: Nat. (and True (leq v0 v1)) === (leq v0 v1) (and True (leq v0 v1)) === (leq v0 v1)
proved lemma forall v0: Bool. v0 === (ite5 v0 True) True === (ite5 True True)
proved lemma forall v0: Nat. v1: Nat. (ite5 (leq v0 v1) True) === (leq v0 v1) (ite5 (leq v0 v1) True) === (leq v0 v1)
proved lemma forall v0: Nat. (leq (Succ Zero) v0) === (lq Zero v0) (leq (Succ Zero) (Succ v0_210)) === (lq Zero (Succ v0_210))
proved lemma forall v0: Nat. (geq Zero v0) === (leq v0 Zero) (geq Zero (Succ v0_280)) === (leq (Succ v0_280) Zero)
proved lemma forall v0: Nat. v1: Nat. (geq v0 v1) === (leq v1 v0) (geq (Succ v0_340) (Succ v1_490)) === (leq (Succ v1_490) (Succ v0_340))
proved lemma forall v0: Nat. (leq v0 Zero) === (lq v0 (Succ Zero)) (leq (Succ v0_330) Zero) === (lq (Succ v0_330) (Succ Zero))
proved lemma forall v0: Nat. (geq Zero v0) === (lq v0 (Succ Zero))
(uncyclic) Theorized 131 lemmas, fully attempted 96 lemmas, proved 14 lemmas
optimize uncyclic: TIMEOUT (60070 ms)
Attempted 1 goals:
  0 solved (no cyclic)
