Proving begin optimize: (main inp0) === (mainNew inp0)
Property accepted by cvec analysis
proved lemma forall v0: Nat. v1: Nat. (gq v0 v1) === (lq v1 v0) (gq (Succ v0_40) (Succ v1_80)) === (lq (Succ v1_80) (Succ v0_40))
proved lemma forall v0: Nat. v1: Nat. (nateq v0 v1) === (nateq v1 v0) (nateq (Succ v0_40) (Succ v1_80)) === (nateq (Succ v1_80) (Succ v0_40))
proved lemma forall v0: Nat. v1: Nat. (Succ Zero) === (ite2 (lq v0 v1) (Succ Zero) (Succ Zero)) (Succ Zero) === (ite2 (lq (Succ v0_70) (Succ v1_120)) (Succ Zero) (Succ Zero))
proved lemma forall v0: Bool. (Succ (ite2 v0 (Succ Zero) Zero)) === (ite2 v0 (Succ (Succ Zero)) (Succ Zero)) (Succ (ite2 True (Succ Zero) Zero)) === (ite2 True (Succ (Succ Zero)) (Succ Zero))
proved lemma forall v0: Nat. v0 === (ite2 (gq v0 Zero) v0 Zero) (Succ v0_50) === (ite2 (gq (Succ v0_50) Zero) (Succ v0_50) Zero)
proved lemma forall v0: Bool. v0 === (gq (ite2 v0 (Succ Zero) Zero) Zero) True === (gq (ite2 True (Succ Zero) Zero) Zero)
proved lemma forall v0: Nat. (lq v0 (Succ Zero)) === (nateq v0 Zero) (lq (Succ v0_320) (Succ Zero)) === (nateq (Succ v0_320) Zero)
proved lemma forall v0: Nat. (lq v0 (Succ Zero)) === (nateq Zero v0)
proved lemma forall v0: Nat. (gq (Succ Zero) v0) === (nateq Zero v0)
proved lemma forall v0: Nat. (gq (Succ Zero) v0) === (nateq v0 Zero)
proved lemma forall v0: Nat. (Succ v0) === (ite2 (gq v0 Zero) (Succ v0) (Succ Zero)) (Succ (Succ v0_340)) === (ite2 (gq (Succ v0_340) Zero) (Succ (Succ v0_340)) (Succ Zero))
proved lemma forall v0: Nat. True === (gq (ite2 (lq (Succ Zero) v0) v0 (Succ Zero)) Zero)
proved lemma forall v0: Nat. True === (lq Zero (ite2 (lq (Succ Zero) v0) v0 (Succ Zero))) True === (lq Zero (ite2 (lq (Succ Zero) (Succ v0_380)) (Succ v0_380) (Succ Zero)))
proved lemma forall v0: Nat. True === (gq (ite2 (gq v0 (Succ Zero)) v0 (Succ Zero)) Zero) True === (gq (ite2 (gq (Succ v0_370) (Succ Zero)) (Succ v0_370) (Succ Zero)) Zero)
proved lemma forall v0: Nat. True === (lq Zero (ite2 (gq v0 (Succ Zero)) v0 (Succ Zero))) True === (lq Zero (ite2 (gq (Succ v0_380) (Succ Zero)) (Succ v0_380) (Succ Zero)))
proved lemma forall v0: Nat. v1: Nat. (gq (ite2 (nateq v0 v1) (Succ Zero) Zero) Zero) === (nateq v0 v1) (gq (ite2 (nateq v0 v1) (Succ Zero) Zero) Zero) === (nateq v0 v1)
(uncyclic) Theorized 179 lemmas, fully attempted 148 lemmas, proved 16 lemmas
optimize uncyclic: TIMEOUT (60704 ms)
Attempted 1 goals:
  0 solved (no cyclic)
