Proving begin ta1-ta3: (ta1 lst) === (ta3 lst)
Property accepted by cvec analysis
proved lemma forall v0: Bool. v0 === (ite v0 True False) True === (ite True True False)
proved lemma forall v0: Nat. v1: Nat. (eq v0 v1) === (eq v1 v0) (eq (S v0_140) (S v1_210)) === (eq (S v1_210) (S v0_140))
Reach the limit
Reach the limit
Reach the limit
Reach the limit
Reach the limit
Reach the limit
Reach the limit
Reach the limit
Reach the limit
Reach the limit
Reach the limit
Reach the limit
Reach the limit
Reach the limit
Reach the limit
Reach the limit
Reach the limit
Reach the limit
Reach the limit
Reach the limit
Reach the limit
Reach the limit
Reach the limit
Reach the limit
Reach the limit
Reach the limit
Reach the limit
Reach the limit
(uncyclic) Theorized 6 lemmas, fully attempted 4 lemmas, proved 2 lemmas
ta1-ta3 uncyclic: TIMEOUT (120347 ms)
Proving begin ta1-ta4: (ta1 lst) === (ta4 lst)
Property accepted by cvec analysis
proved lemma forall v0: Bool. (ite v0 False True) === (ite v0 False (ite v0 g_33 True)) (ite True False True) === (ite True False (ite True g_33 True))
proved lemma forall v0: Bool. (ite v0 False True) === (ite v0 False (ite v0 False True)) (ite True False True) === (ite True False (ite True False True))
proved lemma forall v0: Nat. True === (ite (eq Z v0) (eq Z v0) True) True === (ite (eq Z v0) (eq Z v0) True)
proved lemma forall v0: Bool. v1: Nat. v2: Nat. v0 === (ite (eq (S v1) v2) v0 v0) v0 === (ite (eq (S v1) v2) v0 v0)
proved lemma forall v0: Nat. v1: Nat. True === (ite (eq v0 v1) True True) True === (ite (eq v0 v1) True True)
proved lemma forall v0: a. v1: Nat. v0 === (ite (eq Z v1) v0 v0) v0 === (ite (eq Z v1) v0 v0)
proved lemma forall v0: a. v1: Nat. v2: Nat. v0 === (ite (eq v1 v2) v0 v0) v0 === (ite (eq v1 v2) v0 v0)
(uncyclic) Theorized 291 lemmas, fully attempted 216 lemmas, proved 7 lemmas
ta1-ta4 uncyclic: TIMEOUT (120063 ms)
Proving begin ta1-sol4: (ta1 lst) === (sol4 lst)
Property accepted by cvec analysis
proved lemma forall v0: (List Nat). (remove-elem-1 Z v0) === (remove-elem-1 Z (remove-elem-1 Z v0)) (remove-elem-1 Z (Cons v0_40 v0_41)) === (remove-elem-1 Z (remove-elem-1 Z (Cons v0_40 v0_41)))
proved lemma forall v0: (List Nat). (remove-elem-1 Z (remove-elem-1 Z (ta1 v0))) === (remove-elem-1 Z (ta1 v0))
proved lemma forall v0: (List a). v1: Nat. v2: Nat. v0 === (ite (eq (S v1) v2) v0 v0) v0 === (ite (eq (S v1) v2) v0 v0)
proved lemma forall v0: (List Nat). v1: (List a). v2: Nat. v3: Nat. (app v0 v1) === (app v0 (ite (eq (S v2) v3) v1 v1)) (app v0 v1) === (app v0 (ite (eq (S v2) v3) v1 v1))
proved lemma forall v0: (List a). v1: Nat. v2: Nat. v0 === (ite (eq v1 v2) v0 v0) v0 === (ite (eq v1 v2) v0 v0)
proved lemma forall v0: (List Nat). (remove-elem-1 Z (remove-elem-1 (S Z) v0)) === (remove-elem-1 (S Z) (remove-elem-1 Z v0)) (remove-elem-1 Z (remove-elem-1 (S Z) (Cons v0_90 v0_91))) === (remove-elem-1 (S Z) (remove-elem-1 Z (Cons v0_90 v0_91)))
proved lemma forall v0: (List Nat). (remove-elem-1 Z (remove-elem-1 (S Z) (remove-elem-1 Z (ta1 v0)))) === (remove-elem-1 Z (remove-elem-1 (S Z) (ta1 v0))) (remove-elem-1 Z (remove-elem-1 (S Z) (remove-elem-1 Z (ta1 v0)))) === (remove-elem-1 Z (remove-elem-1 (S Z) (ta1 v0)))
proved lemma forall v0: (List Nat). (remove-elem-1 Z (remove-elem-1 (S Z) (app v0 Nil))) === (remove-elem-1 Z (remove-elem-1 (S Z) (remove-elem-1 Z (app v0 Nil)))) (remove-elem-1 Z (remove-elem-1 (S Z) (app v0 Nil))) === (remove-elem-1 Z (remove-elem-1 (S Z) (remove-elem-1 Z (app v0 Nil))))
proved lemma forall v0: (List Nat). (remove-elem-1 Z (remove-elem-1 (S Z) v0)) === (remove-elem-1 Z (remove-elem-1 (S Z) (remove-elem-1 Z v0))) (remove-elem-1 Z (remove-elem-1 (S Z) (Cons v0_110 v0_111))) === (remove-elem-1 Z (remove-elem-1 (S Z) (remove-elem-1 Z (Cons v0_110 v0_111))))
proved lemma forall v0: Nat. v1: (List Nat). (remove-elem-1 v0 (remove-elem-1 Z v1)) === (remove-elem-1 Z (remove-elem-1 v0 v1)) (remove-elem-1 v0 (remove-elem-1 Z (Cons v1_90 v1_91))) === (remove-elem-1 Z (remove-elem-1 v0 (Cons v1_90 v1_91)))
proved lemma forall v0: Nat. v1: (List Nat). (remove-elem-1 Z (remove-elem-1 (S v0) v1)) === (remove-elem-1 Z (remove-elem-1 (S v0) (remove-elem-1 Z v1))) (remove-elem-1 Z (remove-elem-1 (S v0) v1)) === (remove-elem-1 Z (remove-elem-1 (S v0) (remove-elem-1 Z v1)))
proved lemma forall v0: Nat. v1: (List Nat). (remove-elem-1 Z (remove-elem-1 v0 (remove-elem-1 Z (ta1 v1)))) === (remove-elem-1 Z (remove-elem-1 v0 (ta1 v1))) (remove-elem-1 Z (remove-elem-1 v0 (remove-elem-1 Z (ta1 v1)))) === (remove-elem-1 Z (remove-elem-1 v0 (ta1 v1)))
proved lemma forall v0: Nat. v1: (List Nat). (remove-elem-1 Z (remove-elem-1 v0 (app v1 Nil))) === (remove-elem-1 Z (remove-elem-1 v0 (remove-elem-1 Z (app v1 Nil)))) (remove-elem-1 Z (remove-elem-1 v0 (app v1 Nil))) === (remove-elem-1 Z (remove-elem-1 v0 (remove-elem-1 Z (app v1 Nil))))
proved lemma forall v0: Nat. v1: (List Nat). (remove-elem-1 Z (remove-elem-1 v0 v1)) === (remove-elem-1 Z (remove-elem-1 v0 (remove-elem-1 Z v1))) (remove-elem-1 Z (remove-elem-1 v0 (Cons v1_110 v1_111))) === (remove-elem-1 Z (remove-elem-1 v0 (remove-elem-1 Z (Cons v1_110 v1_111))))
(uncyclic) Theorized 245 lemmas, fully attempted 174 lemmas, proved 14 lemmas
ta1-sol4 uncyclic: TIMEOUT (120011 ms)
Proving begin ta1-sol9: (ta1 lst) === (sol9 lst)
Property accepted by cvec analysis
proved lemma forall v0: (List Nat). (remove-elem-1 Z v0) === (remove-elem-1 Z (remove-elem-1 Z v0)) (remove-elem-1 Z (Cons v0_40 v0_41)) === (remove-elem-1 Z (remove-elem-1 Z (Cons v0_40 v0_41)))
proved lemma forall v0: (List Nat). (remove-elem-1 Z (remove-elem-1 Z (ta1 v0))) === (remove-elem-1 Z (ta1 v0))
proved lemma forall v0: (List Nat). (remove-elem-1 Z (remove-elem-1 Z (rev (delete9 v0) Nil))) === (remove-elem-1 Z (rev (delete9 v0) Nil)) (remove-elem-1 Z (remove-elem-1 Z (rev (delete9 v0) Nil))) === (remove-elem-1 Z (rev (delete9 v0) Nil))
proved lemma forall v0: Bool. v0 === (ite v0 True False) True === (ite True True False)
proved lemma forall v0: Bool. (ite v0 True False) === (ite v0 True (ite v0 True False)) (ite True True False) === (ite True True (ite True True False))
Reach the limit
(uncyclic) Theorized 71 lemmas, fully attempted 59 lemmas, proved 5 lemmas
ta1-sol9 uncyclic: TIMEOUT (120105 ms)
Proving begin ta1-sol20: (ta1 lst) === (sol20 lst)
Property accepted by cvec analysis
proved lemma forall v0: (List Nat). (remove-elem-1 Z v0) === (remove-elem-1 Z (remove-elem-1 Z (remove-elem-1 Z v0))) (remove-elem-1 Z (Cons v0_50 v0_51)) === (remove-elem-1 Z (remove-elem-1 Z (remove-elem-1 Z (Cons v0_50 v0_51))))
proved lemma forall v0: (List Nat). (remove-elem-1 Z (remove-elem-1 Z (remove-elem-1 Z (ta1 v0)))) === (remove-elem-1 Z (ta1 v0))
proved lemma forall v0: Nat. v1: (List Nat). (remove-elem-1 Z (remove-elem-1 v0 v1)) === (remove-elem-1 Z (remove-elem-1 Z (remove-elem-1 v0 v1))) (remove-elem-1 Z (remove-elem-1 v0 (Cons v1_60 v1_61))) === (remove-elem-1 Z (remove-elem-1 Z (remove-elem-1 v0 (Cons v1_60 v1_61))))
proved lemma forall v0: (List Nat). (remove-elem-1 Z (remove-elem-1 Z (ta1 v0))) === (remove-elem-1 Z (ta1 v0))
proved lemma forall v0: Nat. v1: (List Nat). (remove-elem-1 Z (remove-elem-1 Z (remove-elem-1 (S v0) v1))) === (remove-elem-1 Z (remove-elem-1 (S v0) v1))
proved lemma forall v0: (List Nat). (remove-elem-1 Z (aux20 (list-rev v0))) === (remove-elem-1 Z (remove-elem-1 Z (aux20 (list-rev v0)))) (remove-elem-1 Z (aux20 (list-rev (Cons v0_60 (Cons v0_61_160 v0_61_161))))) === (remove-elem-1 Z (remove-elem-1 Z (aux20 (list-rev (Cons v0_60 (Cons v0_61_160 v0_61_161))))))
proved lemma forall v0: Nat. (eq v0 Z) === (eq Z v0) (eq (S v0_40) Z) === (eq Z (S v0_40))
proved lemma forall v0: Nat. (eq v0 Z) === (or (eq v0 Z) False) (eq (S v0_60) Z) === (or (eq (S v0_60) Z) False)
proved lemma forall v0: Nat. v1: Nat. (eq v0 v1) === (eq v1 v0) (eq (S v0_40) (S v1_80)) === (eq (S v1_80) (S v0_40))
proved lemma forall v0: Bool. v0 === (or v0 v0) True === (or True True)
proved lemma forall v0: Nat. v1: Nat. (eq v0 v1) === (or (eq v1 v0) (eq v0 v1))
proved lemma forall v0: (List Nat). (remove-elem-1 Z (remove-elem-1 (S Z) v0)) === (remove-elem-1 (S Z) (remove-elem-1 Z v0)) (remove-elem-1 Z (remove-elem-1 (S Z) (Cons v0_100 v0_101))) === (remove-elem-1 (S Z) (remove-elem-1 Z (Cons v0_100 v0_101)))
proved lemma forall v0: (List Nat). (remove-elem-1 Z (remove-elem-1 (S Z) (remove-elem-1 Z (ta1 v0)))) === (remove-elem-1 Z (remove-elem-1 (S Z) (ta1 v0))) (remove-elem-1 Z (remove-elem-1 (S Z) (remove-elem-1 Z (ta1 v0)))) === (remove-elem-1 Z (remove-elem-1 (S Z) (ta1 v0)))
proved lemma forall v0: (List Nat). (remove-elem-1 Z (remove-elem-1 (S Z) (aux20 (list-rev v0)))) === (remove-elem-1 Z (remove-elem-1 (S Z) (remove-elem-1 Z (aux20 (list-rev v0))))) (remove-elem-1 Z (remove-elem-1 (S Z) (aux20 (list-rev v0)))) === (remove-elem-1 Z (remove-elem-1 (S Z) (remove-elem-1 Z (aux20 (list-rev v0)))))
proved lemma forall v0: (List Nat). v1: Nat. (remove-elem-1 Z (aux20 (list-append (list-rev v0) (Cons v1 Nil)))) === (remove-elem-1 Z (remove-elem-1 Z (aux20 (list-append (list-rev v0) (Cons v1 Nil))))) (remove-elem-1 Z (aux20 (list-append (list-rev v0) (Cons v1 Nil)))) === (remove-elem-1 Z (remove-elem-1 Z (aux20 (list-append (list-rev v0) (Cons v1 Nil)))))
(uncyclic) Theorized 155 lemmas, fully attempted 116 lemmas, proved 15 lemmas
ta1-sol20 uncyclic: TIMEOUT (120140 ms)
Proving begin ta1-sol43: (ta1 lst) === (sol43 lst)
Property rejected by cvec analysis
cvec: (Cons (S Z) (Cons (S (S Z)) Nil)),(Cons Z Nil),(Cons (S (S (S Z))) (Cons (S Z) (Cons Z Nil))),(Cons Z (Cons (S Z) Nil)),(Cons (S Z) Nil),(Cons Z (Cons (S Z) Nil)),(Cons (S Z) (Cons Z Nil)),(Cons Z (Cons (S Z) Nil)),(Cons (S (S Z)) (Cons (S Z) Nil)),(Cons (S Z) (Cons (S (S Z)) (Cons Z Nil))),(Cons (S Z) (Cons Z Nil)),(Cons Z Nil),Nil,(Cons (S Z) (Cons Z Nil)),(Cons (S Z) Nil),(Cons (S Z) (Cons Z Nil)),Nil,(Cons (S Z) (Cons Z Nil)),(Cons Z Nil),(Cons Z (Cons (S Z) Nil)),(Cons (S (S Z)) Nil),(Cons Z (Cons (S (S Z)) Nil)),(Cons Z (Cons (S Z) Nil)),(Cons (S (S Z)) (Cons Z Nil)),(Cons (S (S (S Z))) (Cons (S Z) Nil)),(Cons (S (S (S Z))) (Cons (S (S Z)) Nil)),(Cons Z Nil),Nil,(Cons (S (S (S Z))) Nil),(Cons (S (S (S Z))) (Cons Z (Cons (S Z) Nil)))
cvec: (Cons (S Z) (sol43 (ite ($ aux43 (S (S Z)) (S Z)) (Cons (S (S Z)) (ite ($ aux43 (S Z) (S Z)) (Cons (S Z) Nil) Nil)) (ite ($ aux43 (S Z) (S Z)) (Cons (S Z) Nil) Nil)))),(Cons Z (sol43 (ite ($ aux43 Z Z) (Cons Z (ite ($ aux43 Z Z) (Cons Z (ite ($ aux43 Z Z) (Cons Z Nil) Nil)) (ite ($ aux43 Z Z) (Cons Z Nil) Nil))) (ite ($ aux43 Z Z) (Cons Z (ite ($ aux43 Z Z) (Cons Z Nil) Nil)) (ite ($ aux43 Z Z) (Cons Z Nil) Nil))))),(Cons (S (S (S Z))) (sol43 (ite ($ aux43 (S Z) (S (S (S Z)))) (Cons (S Z) (ite ($ aux43 Z (S (S (S Z)))) (Cons Z (ite ($ aux43 Z (S (S (S Z)))) (Cons Z Nil) Nil)) (ite ($ aux43 Z (S (S (S Z)))) (Cons Z Nil) Nil))) (ite ($ aux43 Z (S (S (S Z)))) (Cons Z (ite ($ aux43 Z (S (S (S Z)))) (Cons Z Nil) Nil)) (ite ($ aux43 Z (S (S (S Z)))) (Cons Z Nil) Nil))))),(Cons Z (sol43 (ite ($ aux43 (S Z) Z) (Cons (S Z) (ite ($ aux43 Z Z) (Cons Z (ite ($ aux43 Z Z) (Cons Z Nil) Nil)) (ite ($ aux43 Z Z) (Cons Z Nil) Nil))) (ite ($ aux43 Z Z) (Cons Z (ite ($ aux43 Z Z) (Cons Z Nil) Nil)) (ite ($ aux43 Z Z) (Cons Z Nil) Nil))))),(Cons (S Z) Nil),(Cons Z (sol43 (ite ($ aux43 (S Z) Z) (Cons (S Z) (ite ($ aux43 (S Z) Z) (Cons (S Z) Nil) Nil)) (ite ($ aux43 (S Z) Z) (Cons (S Z) Nil) Nil)))),(Cons (S Z) (sol43 (ite ($ aux43 Z (S Z)) (Cons Z Nil) Nil))),(Cons Z (sol43 (ite ($ aux43 (S Z) Z) (Cons (S Z) (ite ($ aux43 Z Z) (Cons Z Nil) Nil)) (ite ($ aux43 Z Z) (Cons Z Nil) Nil)))),(Cons (S (S Z)) (sol43 (ite ($ aux43 (S Z) (S (S Z))) (Cons (S Z) Nil) Nil))),(Cons (S Z) (sol43 (ite ($ aux43 (S (S Z)) (S Z)) (Cons (S (S Z)) (ite ($ aux43 Z (S Z)) (Cons Z Nil) Nil)) (ite ($ aux43 Z (S Z)) (Cons Z Nil) Nil)))),(Cons (S Z) (sol43 (ite ($ aux43 (S Z) (S Z)) (Cons (S Z) (ite ($ aux43 Z (S Z)) (Cons Z Nil) Nil)) (ite ($ aux43 Z (S Z)) (Cons Z Nil) Nil)))),(Cons Z (sol43 (ite ($ aux43 Z Z) (Cons Z Nil) Nil))),Nil,(Cons (S Z) (sol43 (ite ($ aux43 Z (S Z)) (Cons Z (ite ($ aux43 Z (S Z)) (Cons Z (ite ($ aux43 Z (S Z)) (Cons Z Nil) Nil)) (ite ($ aux43 Z (S Z)) (Cons Z Nil) Nil))) (ite ($ aux43 Z (S Z)) (Cons Z (ite ($ aux43 Z (S Z)) (Cons Z Nil) Nil)) (ite ($ aux43 Z (S Z)) (Cons Z Nil) Nil))))),(Cons (S Z) Nil),(Cons (S Z) (sol43 (ite ($ aux43 Z (S Z)) (Cons Z (ite ($ aux43 Z (S Z)) (Cons Z Nil) Nil)) (ite ($ aux43 Z (S Z)) (Cons Z Nil) Nil)))),Nil,(Cons (S Z) (sol43 (ite ($ aux43 Z (S Z)) (Cons Z (ite ($ aux43 (S Z) (S Z)) (Cons (S Z) (ite ($ aux43 Z (S Z)) (Cons Z Nil) Nil)) (ite ($ aux43 Z (S Z)) (Cons Z Nil) Nil))) (ite ($ aux43 (S Z) (S Z)) (Cons (S Z) (ite ($ aux43 Z (S Z)) (Cons Z Nil) Nil)) (ite ($ aux43 Z (S Z)) (Cons Z Nil) Nil))))),(Cons Z (sol43 (ite ($ aux43 Z Z) (Cons Z (ite ($ aux43 Z Z) (Cons Z Nil) Nil)) (ite ($ aux43 Z Z) (Cons Z Nil) Nil)))),(Cons Z (sol43 (ite ($ aux43 Z Z) (Cons Z (ite ($ aux43 (S Z) Z) (Cons (S Z) Nil) Nil)) (ite ($ aux43 (S Z) Z) (Cons (S Z) Nil) Nil)))),(Cons (S (S Z)) Nil),(Cons Z (sol43 (ite ($ aux43 (S (S Z)) Z) (Cons (S (S Z)) Nil) Nil))),(Cons Z (sol43 (ite ($ aux43 (S Z) Z) (Cons (S Z) Nil) Nil))),(Cons (S (S Z)) (sol43 (ite ($ aux43 Z (S (S Z))) (Cons Z Nil) Nil))),(Cons (S (S (S Z))) (sol43 (ite ($ aux43 (S Z) (S (S (S Z)))) (Cons (S Z) Nil) Nil))),(Cons (S (S (S Z))) (sol43 (ite ($ aux43 (S (S Z)) (S (S (S Z)))) (Cons (S (S Z)) Nil) Nil))),(Cons Z Nil),Nil,(Cons (S (S (S Z))) Nil),(Cons (S (S (S Z))) (sol43 (ite ($ aux43 Z (S (S (S Z)))) (Cons Z (ite ($ aux43 (S Z) (S (S (S Z)))) (Cons (S Z) (ite ($ aux43 Z (S (S (S Z)))) (Cons Z Nil) Nil)) (ite ($ aux43 Z (S (S (S Z)))) (Cons Z Nil) Nil))) (ite ($ aux43 (S Z) (S (S (S Z)))) (Cons (S Z) (ite ($ aux43 Z (S (S (S Z)))) (Cons Z Nil) Nil)) (ite ($ aux43 Z (S (S (S Z)))) (Cons Z Nil) Nil)))))
(uncyclic) Theorized 0 lemmas, fully attempted 0 lemmas, proved 0 lemmas
ta1-sol43 uncyclic: INVALID (15 ms)
Proving begin ta1-sol57: (ta1 lst) === (sol57 lst)
Property accepted by cvec analysis
proved lemma forall v0: (List Nat). (remove-elem-1 Z v0) === (remove-elem-1 Z (remove-elem-1 Z v0)) (remove-elem-1 Z (Cons v0_40 v0_41)) === (remove-elem-1 Z (remove-elem-1 Z (Cons v0_40 v0_41)))
proved lemma forall v0: (List Nat). (remove-elem-1 Z (remove-elem-1 Z (ta1 v0))) === (remove-elem-1 Z (ta1 v0))
proved lemma forall v0: (List a). v1: Nat. v2: Nat. v0 === (ite (eq (S v1) v2) v0 v0) v0 === (ite (eq (S v1) v2) v0 v0)
proved lemma forall v0: (List Nat). v1: (List a). v2: Nat. v3: Nat. (putIn v0 v1) === (putIn v0 (ite (eq (S v2) v3) v1 v1)) (putIn v0 v1) === (putIn v0 (ite (eq (S v2) v3) v1 v1))
proved lemma forall v0: (List a). v1: Nat. v2: Nat. v0 === (ite (eq v1 v2) v0 v0) v0 === (ite (eq v1 v2) v0 v0)
proved lemma forall v0: (List Nat). (remove-elem-1 Z (remove-elem-1 (S Z) v0)) === (remove-elem-1 (S Z) (remove-elem-1 Z v0)) (remove-elem-1 Z (remove-elem-1 (S Z) (Cons v0_90 v0_91))) === (remove-elem-1 (S Z) (remove-elem-1 Z (Cons v0_90 v0_91)))
proved lemma forall v0: (List Nat). (remove-elem-1 Z (remove-elem-1 (S Z) (remove-elem-1 Z (ta1 v0)))) === (remove-elem-1 Z (remove-elem-1 (S Z) (ta1 v0))) (remove-elem-1 Z (remove-elem-1 (S Z) (remove-elem-1 Z (ta1 v0)))) === (remove-elem-1 Z (remove-elem-1 (S Z) (ta1 v0)))
proved lemma forall v0: (List Nat). (remove-elem-1 Z (remove-elem-1 (S Z) (putIn v0 Nil))) === (remove-elem-1 Z (remove-elem-1 (S Z) (remove-elem-1 Z (putIn v0 Nil)))) (remove-elem-1 Z (remove-elem-1 (S Z) (putIn v0 Nil))) === (remove-elem-1 Z (remove-elem-1 (S Z) (remove-elem-1 Z (putIn v0 Nil))))
proved lemma forall v0: (List Nat). (remove-elem-1 Z (remove-elem-1 (S Z) v0)) === (remove-elem-1 Z (remove-elem-1 (S Z) (remove-elem-1 Z v0))) (remove-elem-1 Z (remove-elem-1 (S Z) (Cons v0_110 v0_111))) === (remove-elem-1 Z (remove-elem-1 (S Z) (remove-elem-1 Z (Cons v0_110 v0_111))))
proved lemma forall v0: Nat. v1: (List Nat). (remove-elem-1 v0 (remove-elem-1 Z v1)) === (remove-elem-1 Z (remove-elem-1 v0 v1)) (remove-elem-1 v0 (remove-elem-1 Z (Cons v1_90 v1_91))) === (remove-elem-1 Z (remove-elem-1 v0 (Cons v1_90 v1_91)))
proved lemma forall v0: Nat. v1: (List Nat). (remove-elem-1 Z (remove-elem-1 v0 (remove-elem-1 Z (ta1 v1)))) === (remove-elem-1 Z (remove-elem-1 v0 (ta1 v1))) (remove-elem-1 Z (remove-elem-1 v0 (remove-elem-1 Z (ta1 v1)))) === (remove-elem-1 Z (remove-elem-1 v0 (ta1 v1)))
proved lemma forall v0: Nat. v1: (List Nat). (remove-elem-1 Z (remove-elem-1 (S v0) v1)) === (remove-elem-1 Z (remove-elem-1 (S v0) (remove-elem-1 Z v1))) (remove-elem-1 Z (remove-elem-1 (S v0) v1)) === (remove-elem-1 Z (remove-elem-1 (S v0) (remove-elem-1 Z v1)))
proved lemma forall v0: Nat. v1: (List Nat). (remove-elem-1 Z (remove-elem-1 v0 (putIn v1 Nil))) === (remove-elem-1 Z (remove-elem-1 v0 (remove-elem-1 Z (putIn v1 Nil)))) (remove-elem-1 Z (remove-elem-1 v0 (putIn v1 Nil))) === (remove-elem-1 Z (remove-elem-1 v0 (remove-elem-1 Z (putIn v1 Nil))))
proved lemma forall v0: Nat. v1: (List Nat). (remove-elem-1 Z (remove-elem-1 v0 v1)) === (remove-elem-1 Z (remove-elem-1 v0 (remove-elem-1 Z v1))) (remove-elem-1 Z (remove-elem-1 v0 (Cons v1_110 v1_111))) === (remove-elem-1 Z (remove-elem-1 v0 (remove-elem-1 Z (Cons v1_110 v1_111))))
(uncyclic) Theorized 221 lemmas, fully attempted 149 lemmas, proved 14 lemmas
ta1-sol57 uncyclic: TIMEOUT (120107 ms)
Proving begin ta1-sol75: (ta1 lst) === (sol75 lst)
Property accepted by cvec analysis
proved lemma forall v0: (List Nat). (remove-elem-1 Z v0) === (remove-elem-1 Z (remove-elem-1 Z v0)) (remove-elem-1 Z (Cons v0_40 v0_41)) === (remove-elem-1 Z (remove-elem-1 Z (Cons v0_40 v0_41)))
proved lemma forall v0: (List Nat). (remove-elem-1 Z (remove-elem-1 Z (reverse v0))) === (remove-elem-1 Z (reverse v0))
proved lemma forall v0: (List Nat). (remove-elem-1 Z (remove-elem-1 Z (ta1 v0))) === (remove-elem-1 Z (ta1 v0))
proved lemma forall v0: Nat. (eq v0 Z) === (eq Z v0) (eq (S v0_40) Z) === (eq Z (S v0_40))
proved lemma forall v0: Nat. v1: Nat. (eq Z v0) === (ite (eq v1 v0) (eq Z v1) (eq Z v0)) (eq Z (S v0_90)) === (ite (eq (S v1_190) (S v0_90)) (eq Z (S v1_190)) (eq Z (S v0_90)))
(uncyclic) Theorized 445 lemmas, fully attempted 403 lemmas, proved 5 lemmas
ta1-sol75 uncyclic: TIMEOUT (120233 ms)
Proving begin ta1-sol89: (ta1 lst) === (sol89 lst)
Property accepted by cvec analysis
proved lemma forall v0: Bool. v0 === (ite v0 True False) True === (ite True True False)
proved lemma forall v0: Nat. v1: Nat. (eq v0 v1) === (eq v1 v0) (eq (S v0_140) (S v1_210)) === (eq (S v1_210) (S v0_140))
Reach the limit
Reach the limit
Reach the limit
Reach the limit
Reach the limit
Reach the limit
Reach the limit
Reach the limit
Reach the limit
Reach the limit
Reach the limit
Reach the limit
Reach the limit
Reach the limit
Reach the limit
Reach the limit
Reach the limit
Reach the limit
Reach the limit
Reach the limit
Reach the limit
Reach the limit
Reach the limit
Reach the limit
Reach the limit
Reach the limit
Reach the limit
Reach the limit
Reach the limit
Reach the limit
Reach the limit
Reach the limit
Reach the limit
Reach the limit
Reach the limit
Reach the limit
Reach the limit
Reach the limit
Reach the limit
Reach the limit
Reach the limit
Reach the limit
Reach the limit
Reach the limit
Reach the limit
Reach the limit
Reach the limit
Reach the limit
Reach the limit
Reach the limit
Reach the limit
Reach the limit
Reach the limit
Reach the limit
Reach the limit
Reach the limit
Reach the limit
Reach the limit
Reach the limit
Reach the limit
Reach the limit
Reach the limit
Reach the limit
Reach the limit
Reach the limit
Reach the limit
Reach the limit
Reach the limit
Reach the limit
Reach the limit
Reach the limit
Reach the limit
Reach the limit
Reach the limit
Reach the limit
Reach the limit
Reach the limit
Reach the limit
Reach the limit
Reach the limit
Reach the limit
Reach the limit
Reach the limit
Reach the limit
Reach the limit
Reach the limit
Reach the limit
