Proving begin sol57-sol123: (sol57 l) === (sol123 l)
Property accepted by cvec analysis
(uncyclic) Theorized 0 lemmas, fully attempted 0 lemmas, proved 0 lemmas
sol57-sol123 uncyclic: TIMEOUT (120646 ms)
Proving begin sol57-sol530: (sol57 l) === (sol530 l)
Property accepted by cvec analysis
proved lemma forall v0: Bool. v0 === (ite v0 True False) True === (ite True True False)
proved lemma forall v0: Bool. v1: Nat. v0 === (eqlist (ite v0 Nil (Cons v1 Nil)) Nil) True === (eqlist (ite True Nil (Cons v1 Nil)) Nil)
proved lemma forall v0: Bool. v0 === (eq (ite (ite v0 True False) Z (S Z)) Z) True === (eq (ite (ite True True False) Z (S Z)) Z)
Reach the limit
Reach the limit
Reach the limit
Reach the limit
Reach the limit
Reach the limit
Reach the limit
Reach the limit
Reach the limit
Reach the limit
Reach the limit
Reach the limit
Reach the limit
Reach the limit
Reach the limit
Reach the limit
Reach the limit
Reach the limit
Reach the limit
Reach the limit
Reach the limit
Reach the limit
Reach the limit
Reach the limit
Reach the limit
Reach the limit
Reach the limit
Reach the limit
Reach the limit
Reach the limit
Reach the limit
Reach the limit
Reach the limit
Reach the limit
Reach the limit
Reach the limit
Reach the limit
Reach the limit
Reach the limit
Reach the limit
Reach the limit
Reach the limit
Reach the limit
Reach the limit
Reach the limit
Reach the limit
Reach the limit
Reach the limit
Reach the limit
Reach the limit
Reach the limit
Reach the limit
Reach the limit
Reach the limit
Reach the limit
Reach the limit
Reach the limit
Reach the limit
Reach the limit
Reach the limit
Reach the limit
Reach the limit
Reach the limit
Reach the limit
Reach the limit
Reach the limit
Reach the limit
Reach the limit
Reach the limit
Reach the limit
Reach the limit
Reach the limit
Reach the limit
Reach the limit
Reach the limit
Reach the limit
Reach the limit
Reach the limit
Reach the limit
Reach the limit
Reach the limit
Reach the limit
Reach the limit
Reach the limit
Reach the limit
Reach the limit
Reach the limit
Reach the limit
Reach the limit
Reach the limit
Reach the limit
Reach the limit
Reach the limit
Reach the limit
(uncyclic) Theorized 3 lemmas, fully attempted 3 lemmas, proved 3 lemmas
sol57-sol530 uncyclic: TIMEOUT (140174 ms)
Proving begin sol101-sol109: (sol101 l) === (sol109 l)
Property rejected by cvec analysis
cvec: (ite ($ aux101 (S Z) (Cons Z (Cons Z Nil))) True False),(and (and (ite ($ aux101 Z (Cons Z (Cons Z Nil))) True False) (ite ($ aux101 Z (Cons Z Nil)) True False)) (and (and (ite ($ aux101 Z Nil) True False) (ite ($ aux101 Z (Cons Z Nil)) True False)) (and (and (ite ($ aux101 Z Nil) True False) (ite ($ aux101 Z Nil) True False)) (ite ($ aux101 Z Nil) True False)))),(ite ($ aux101 Z (Cons Z Nil)) True False),(and (ite ($ aux101 Z (Cons (S Z) (Cons (S Z) Nil))) True False) (ite ($ aux101 (S Z) Nil) True False)),(and (ite ($ aux101 Z Nil) True False) (and (and (ite ($ aux101 Z Nil) True False) (and (ite ($ aux101 Z Nil) True False) (ite ($ aux101 Z Nil) True False))) (ite ($ aux101 (S Z) Nil) True False))),(and (ite ($ aux101 Z (Cons (S Z) Nil)) True False) (and (and (ite ($ aux101 Z (Cons (S Z) Nil)) True False) (ite ($ aux101 Z (Cons (S Z) Nil)) True False)) (ite ($ aux101 Z (Cons Z (Cons (S Z) Nil))) True False))),(and (ite ($ aux101 Z (Cons Z Nil)) True False) (ite ($ aux101 (S Z) (Cons Z Nil)) True False)),(ite ($ aux101 (S (S Z)) Nil) True False),(and (ite ($ aux101 (S Z) (Cons (S (S Z)) Nil)) True False) (and (and (ite ($ aux101 Z Nil) True False) (ite ($ aux101 Z Nil) True False)) (ite ($ aux101 Z (Cons Z (Cons Z Nil))) True False))),(and (ite ($ aux101 Z Nil) True False) (and (ite ($ aux101 Z (Cons (S (S Z)) Nil)) True False) (ite ($ aux101 Z (Cons Z (Cons (S (S Z)) Nil))) True False))),(and (ite ($ aux101 Z (Cons (S Z) (Cons Z Nil))) True False) (ite ($ aux101 Z (Cons Z (Cons Z (Cons Z Nil)))) True False)),(ite ($ aux101 (S Z) Nil) True False),(ite ($ aux101 Z (Cons Z (Cons Z Nil))) True False),(and (ite ($ aux101 Z (Cons Z (Cons (S Z) (Cons Z Nil)))) True False) (ite ($ aux101 Z (Cons Z (Cons (S Z) (Cons Z Nil)))) True False)),(and (ite ($ aux101 (S Z) Nil) True False) (ite ($ aux101 Z Nil) True False)),(and (ite ($ aux101 Z (Cons Z (Cons Z (Cons (S Z) Nil)))) True False) (ite ($ aux101 Z (Cons Z (Cons Z (Cons (S Z) Nil)))) True False)),(and (and (ite ($ aux101 Z (Cons Z (Cons (S (S Z)) Nil))) True False) (and (ite ($ aux101 Z (Cons (S (S Z)) Nil)) True False) (ite ($ aux101 Z (Cons (S (S Z)) Nil)) True False))) (ite ($ aux101 Z (Cons (S Z) (Cons (S (S Z)) Nil))) True False)),(and (ite ($ aux101 Z Nil) True False) (ite ($ aux101 Z (Cons Z (Cons (S Z) (Cons Z Nil)))) True False)),(and (ite ($ aux101 Z (Cons Z (Cons Z (Cons (S Z) Nil)))) True False) (and (ite ($ aux101 (S Z) Nil) True False) (ite ($ aux101 (S Z) Nil) True False))),(and (ite ($ aux101 Z (Cons Z (Cons Z Nil))) True False) (and (and (ite ($ aux101 Z (Cons Z Nil)) True False) (ite ($ aux101 Z (Cons Z Nil)) True False)) (and (ite ($ aux101 Z (Cons (S Z) Nil)) True False) (ite ($ aux101 Z (Cons (S Z) Nil)) True False)))),(and (ite ($ aux101 Z (Cons Z (Cons (S (S Z)) (Cons (S (S (S Z))) Nil)))) True False) (ite ($ aux101 Z (Cons Z (Cons (S (S Z)) (Cons (S (S (S Z))) Nil)))) True False)),(and (ite ($ aux101 Z Nil) True False) (and (ite ($ aux101 Z (Cons Z (Cons Z Nil))) True False) (ite ($ aux101 Z (Cons Z (Cons (S Z) Nil))) True False))),(ite ($ aux101 Z (Cons (S (S (S Z))) Nil)) True False),(ite ($ aux101 (S (S Z)) (Cons (S Z) Nil)) True False),(and (ite ($ aux101 Z (Cons Z (Cons Z (Cons Z Nil)))) True False) (ite ($ aux101 (S Z) Nil) True False)),(and (ite ($ aux101 Z (Cons Z (Cons Z (Cons (S Z) Nil)))) True False) (ite ($ aux101 Z (Cons Z (Cons (S Z) (Cons (S Z) Nil)))) True False)),(and (and (ite ($ aux101 (S Z) Nil) True False) (ite ($ aux101 Z (Cons Z Nil)) True False)) (ite ($ aux101 (S (S Z)) Nil) True False)),(and (ite ($ aux101 Z (Cons Z (Cons (S (S Z)) (Cons Z Nil)))) True False) (ite ($ aux101 Z (Cons Z (Cons (S (S Z)) (Cons Z Nil)))) True False)),(ite ($ aux101 Z Nil) True False),(ite ($ aux101 (S Z) (Cons (S (S Z)) Nil)) True False)
cvec: False,False,True,False,False,False,False,False,False,False,True,False,True,True,False,True,False,False,False,False,True,False,False,False,False,True,False,True,False,False
(uncyclic) Theorized 0 lemmas, fully attempted 0 lemmas, proved 0 lemmas
sol101-sol109 uncyclic: INVALID (24 ms)
Proving begin sol101-sol123: (sol101 l) === (sol123 l)
Property rejected by cvec analysis
cvec: (and (ite ($ aux101 Z (Cons Z (Cons Z Nil))) True False) (ite ($ aux101 Z Nil) True False)),(and (ite ($ aux101 (S Z) (Cons Z Nil)) True False) (and (and (ite ($ aux101 Z (Cons Z Nil)) True False) (ite ($ aux101 Z (Cons Z Nil)) True False)) (and (ite ($ aux101 Z (Cons Z Nil)) True False) (ite ($ aux101 Z (Cons Z Nil)) True False)))),(ite ($ aux101 Z (Cons (S (S Z)) Nil)) True False),(ite ($ aux101 (S Z) (Cons Z (Cons Z Nil))) True False),(ite ($ aux101 (S (S Z)) Nil) True False),(and (and (and (and (ite ($ aux101 Z Nil) True False) (ite ($ aux101 Z Nil) True False)) (ite ($ aux101 Z (Cons Z Nil)) True False)) (ite ($ aux101 (S Z) Nil) True False)) (and (ite ($ aux101 Z (Cons Z (Cons Z Nil))) True False) (ite ($ aux101 (S Z) Nil) True False))),(ite ($ aux101 (S Z) (Cons (S Z) (Cons (S (S (S Z))) Nil))) True False),(and (ite ($ aux101 Z (Cons Z (Cons Z (Cons (S (S (S Z))) Nil)))) True False) (ite ($ aux101 Z (Cons Z (Cons (S (S (S Z))) Nil))) True False)),(ite ($ aux101 (S Z) (Cons (S (S (S Z))) Nil)) True False),(ite ($ aux101 (S (S (S Z))) Nil) True False),(and (ite ($ aux101 (S Z) Nil) True False) (and (ite ($ aux101 Z Nil) True False) (ite ($ aux101 Z (Cons (S Z) Nil)) True False))),(and (and (ite ($ aux101 Z (Cons (S Z) Nil)) True False) (ite ($ aux101 (S Z) Nil) True False)) (ite ($ aux101 Z (Cons Z Nil)) True False)),(ite ($ aux101 (S Z) Nil) True False),(ite ($ aux101 Z (Cons Z Nil)) True False),(and (and (ite ($ aux101 (S Z) Nil) True False) (and (and (ite ($ aux101 Z Nil) True False) (ite ($ aux101 Z Nil) True False)) (ite ($ aux101 Z Nil) True False))) (and (ite ($ aux101 Z (Cons (S Z) Nil)) True False) (ite ($ aux101 Z (Cons Z (Cons (S Z) Nil))) True False))),(and (and (ite ($ aux101 Z Nil) True False) (and (ite ($ aux101 Z (Cons Z Nil)) True False) (ite ($ aux101 Z (Cons Z Nil)) True False))) (ite ($ aux101 Z (Cons Z Nil)) True False)),(and (and (ite ($ aux101 (S Z) Nil) True False) (and (ite ($ aux101 Z (Cons Z Nil)) True False) (ite ($ aux101 Z (Cons Z Nil)) True False))) (and (ite ($ aux101 Z Nil) True False) (and (ite ($ aux101 Z (Cons Z Nil)) True False) (and (ite ($ aux101 Z Nil) True False) (ite ($ aux101 Z Nil) True False))))),(ite ($ aux101 Z Nil) True False),(and (ite ($ aux101 Z Nil) True False) (and (ite ($ aux101 Z Nil) True False) (ite ($ aux101 Z (Cons (S Z) Nil)) True False))),(and (and (ite ($ aux101 Z (Cons (S Z) Nil)) True False) (and (ite ($ aux101 Z Nil) True False) (ite ($ aux101 Z Nil) True False))) (ite ($ aux101 Z Nil) True False)),(and (ite ($ aux101 Z (Cons Z (Cons Z Nil))) True False) (ite ($ aux101 (S (S Z)) Nil) True False)),(ite ($ aux101 Z (Cons (S Z) Nil)) True False),(and (ite ($ aux101 Z Nil) True False) (ite ($ aux101 Z (Cons (S Z) Nil)) True False)),(ite ($ aux101 Z (Cons Z (Cons (S (S (S Z))) Nil))) True False),(and (and (ite ($ aux101 (S Z) Nil) True False) (ite ($ aux101 (S Z) Nil) True False)) (ite ($ aux101 Z (Cons Z Nil)) True False)),(and (and (ite ($ aux101 Z (Cons (S Z) Nil)) True False) (ite ($ aux101 Z (Cons (S Z) Nil)) True False)) (and (ite ($ aux101 Z (Cons Z (Cons (S Z) Nil))) True False) (ite ($ aux101 Z (Cons Z (Cons (S Z) Nil))) True False))),(and (ite ($ aux101 (S (S Z)) Nil) True False) (ite ($ aux101 Z (Cons Z (Cons Z (Cons Z Nil)))) True False)),(and (and (ite ($ aux101 Z (Cons Z (Cons Z Nil))) True False) (and (ite ($ aux101 Z (Cons Z Nil)) True False) (ite ($ aux101 Z (Cons Z Nil)) True False))) (and (and (ite ($ aux101 Z Nil) True False) (ite ($ aux101 Z (Cons Z Nil)) True False)) (and (and (ite ($ aux101 Z Nil) True False) (ite ($ aux101 Z Nil) True False)) (ite ($ aux101 Z (Cons Z Nil)) True False)))),(ite ($ aux101 (S Z) (Cons (S Z) Nil)) True False),(and (and (ite ($ aux101 Z (Cons Z (Cons Z Nil))) True False) (and (ite ($ aux101 Z (Cons Z Nil)) True False) (ite ($ aux101 Z (Cons Z Nil)) True False))) (and (ite ($ aux101 Z (Cons Z (Cons Z Nil))) True False) (ite ($ aux101 Z (Cons Z (Cons Z Nil))) True False)))
cvec: False,False,False,False,False,False,True,True,False,False,False,False,False,True,False,False,False,False,False,False,False,False,False,True,False,False,False,False,True,True
(uncyclic) Theorized 0 lemmas, fully attempted 0 lemmas, proved 0 lemmas
sol101-sol123 uncyclic: INVALID (26 ms)
Proving begin sol101-sol530: (sol101 l) === (sol530 l)
Property rejected by cvec analysis
cvec: (ite ($ aux101 (S Z) (Cons Z Nil)) True False),(ite ($ aux101 (S (S Z)) (Cons (S (S (S Z))) Nil)) True False),(and (and (ite ($ aux101 Z (Cons Z Nil)) True False) (ite ($ aux101 Z (Cons Z Nil)) True False)) (and (ite ($ aux101 Z (Cons Z (Cons Z Nil))) True False) (and (ite ($ aux101 Z (Cons Z Nil)) True False) (ite ($ aux101 Z (Cons Z Nil)) True False)))),(and (ite ($ aux101 Z Nil) True False) (and (ite ($ aux101 (S Z) Nil) True False) (ite ($ aux101 (S Z) Nil) True False))),(ite ($ aux101 Z Nil) True False),(and (ite ($ aux101 Z Nil) True False) (and (ite ($ aux101 Z (Cons Z (Cons Z Nil))) True False) (and (ite ($ aux101 Z Nil) True False) (ite ($ aux101 Z Nil) True False)))),(ite ($ aux101 (S (S Z)) Nil) True False),(and (and (ite ($ aux101 Z (Cons (S Z) Nil)) True False) (and (ite ($ aux101 Z (Cons (S Z) Nil)) True False) (ite ($ aux101 Z (Cons (S Z) Nil)) True False))) (ite ($ aux101 Z (Cons Z (Cons (S Z) (Cons Z Nil)))) True False)),(ite ($ aux101 Z (Cons Z Nil)) True False),(ite ($ aux101 Z (Cons (S (S Z)) (Cons Z Nil))) True False),(and (ite ($ aux101 (S Z) Nil) True False) (and (ite ($ aux101 Z (Cons (S Z) (Cons Z Nil))) True False) (ite ($ aux101 Z (Cons (S Z) (Cons Z Nil))) True False))),(and (ite ($ aux101 Z (Cons (S (S Z)) (Cons (S (S (S Z))) Nil))) True False) (ite ($ aux101 Z (Cons (S (S Z)) (Cons (S (S (S Z))) Nil))) True False)),(ite ($ aux101 (S Z) Nil) True False),(and (ite ($ aux101 Z (Cons Z Nil)) True False) (ite ($ aux101 Z Nil) True False)),(and (and (ite ($ aux101 Z (Cons (S Z) Nil)) True False) (ite ($ aux101 Z (Cons (S Z) Nil)) True False)) (and (and (ite ($ aux101 Z (Cons (S Z) Nil)) True False) (ite ($ aux101 Z (Cons (S Z) Nil)) True False)) (ite ($ aux101 Z (Cons (S Z) Nil)) True False))),(and (ite ($ aux101 Z Nil) True False) (ite ($ aux101 Z (Cons Z (Cons (S Z) Nil))) True False)),(ite ($ aux101 (S (S Z)) (Cons (S Z) Nil)) True False),(and (and (ite ($ aux101 Z Nil) True False) (ite ($ aux101 (S Z) Nil) True False)) (and (ite ($ aux101 Z (Cons (S Z) (Cons Z Nil))) True False) (ite ($ aux101 Z (Cons (S Z) (Cons Z Nil))) True False))),(ite ($ aux101 Z (Cons Z (Cons (S Z) (Cons Z (Cons Z Nil))))) True False),(and (and (ite ($ aux101 Z (Cons Z Nil)) True False) (ite ($ aux101 Z (Cons Z Nil)) True False)) (and (and (ite ($ aux101 Z (Cons Z Nil)) True False) (ite ($ aux101 Z (Cons Z Nil)) True False)) (ite ($ aux101 Z (Cons Z Nil)) True False))),(and (ite ($ aux101 (S Z) (Cons Z Nil)) True False) (and (ite ($ aux101 Z (Cons Z (Cons Z Nil))) True False) (and (and (ite ($ aux101 Z Nil) True False) (ite ($ aux101 Z Nil) True False)) (ite ($ aux101 Z (Cons Z Nil)) True False)))),(and (and (ite ($ aux101 Z (Cons Z (Cons (S Z) Nil))) True False) (and (ite ($ aux101 Z (Cons (S Z) Nil)) True False) (ite ($ aux101 Z (Cons (S Z) Nil)) True False))) (ite ($ aux101 Z (Cons Z (Cons Z (Cons (S Z) Nil)))) True False)),(and (and (ite ($ aux101 Z (Cons Z (Cons (S (S (S Z))) Nil))) True False) (ite ($ aux101 Z (Cons Z (Cons (S (S (S Z))) Nil))) True False)) (ite ($ aux101 (S Z) (Cons (S (S (S Z))) Nil)) True False)),(and (ite ($ aux101 (S (S Z)) Nil) True False) (and (ite ($ aux101 Z (Cons Z (Cons (S Z) Nil))) True False) (ite ($ aux101 Z (Cons (S Z) Nil)) True False))),(and (and (ite ($ aux101 Z (Cons Z (Cons (S Z) Nil))) True False) (and (ite ($ aux101 Z (Cons (S Z) Nil)) True False) (ite ($ aux101 Z (Cons (S Z) Nil)) True False))) (and (ite ($ aux101 Z (Cons Z (Cons (S (S Z)) Nil))) True False) (ite ($ aux101 Z (Cons Z (Cons (S (S Z)) Nil))) True False))),(and (ite ($ aux101 Z Nil) True False) (ite ($ aux101 (S Z) (Cons Z Nil)) True False)),(and (ite ($ aux101 Z (Cons Z (Cons (S Z) (Cons (S (S Z)) Nil)))) True False) (ite ($ aux101 Z (Cons Z (Cons (S Z) (Cons (S (S Z)) Nil)))) True False)),(and (and (ite ($ aux101 Z (Cons Z Nil)) True False) (ite ($ aux101 Z (Cons Z Nil)) True False)) (ite ($ aux101 (S Z) Nil) True False)),(and (ite ($ aux101 Z Nil) True False) (ite ($ aux101 Z Nil) True False)),(and (ite ($ aux101 Z (Cons (S Z) Nil)) True False) (ite ($ aux101 (S Z) (Cons (S (S Z)) Nil)) True False))
cvec: False,False,True,False,False,False,False,False,True,True,False,False,False,False,False,False,False,False,True,True,False,False,False,False,False,False,True,False,False,False
(uncyclic) Theorized 0 lemmas, fully attempted 0 lemmas, proved 0 lemmas
sol101-sol530 uncyclic: INVALID (19 ms)
Proving begin sol109-sol123: (sol109 l) === (sol123 l)
Property accepted by cvec analysis
(uncyclic) Theorized 0 lemmas, fully attempted 0 lemmas, proved 0 lemmas
sol109-sol123 uncyclic: TIMEOUT (120612 ms)
Proving begin sol109-sol530: (sol109 l) === (sol530 l)
Property accepted by cvec analysis
proved lemma forall v0: Bool. v0 === (ite v0 True False) True === (ite True True False)
Reach the limit
Reach the limit
Reach the limit
Reach the limit
Reach the limit
Reach the limit
Reach the limit
Reach the limit
Reach the limit
Reach the limit
Reach the limit
Reach the limit
Reach the limit
Reach the limit
Reach the limit
Reach the limit
Reach the limit
Reach the limit
Reach the limit
Reach the limit
Reach the limit
Reach the limit
Reach the limit
Reach the limit
Reach the limit
Reach the limit
Reach the limit
Reach the limit
Reach the limit
Reach the limit
Reach the limit
Reach the limit
Reach the limit
Reach the limit
Reach the limit
Reach the limit
Reach the limit
Reach the limit
Reach the limit
Reach the limit
Reach the limit
Reach the limit
Reach the limit
Reach the limit
Reach the limit
Reach the limit
Reach the limit
Reach the limit
Reach the limit
Reach the limit
Reach the limit
Reach the limit
Reach the limit
Reach the limit
Reach the limit
Reach the limit
Reach the limit
Reach the limit
Reach the limit
Reach the limit
Reach the limit
Reach the limit
Reach the limit
Reach the limit
Reach the limit
Reach the limit
Reach the limit
Reach the limit
Reach the limit
Reach the limit
Reach the limit
Reach the limit
Reach the limit
Reach the limit
Reach the limit
Reach the limit
Reach the limit
Reach the limit
Reach the limit
Reach the limit
Reach the limit
Reach the limit
Reach the limit
Reach the limit
Reach the limit
Reach the limit
Reach the limit
Reach the limit
Reach the limit
Reach the limit
Reach the limit
Reach the limit
Reach the limit
Reach the limit
Reach the limit
Reach the limit
Reach the limit
Reach the limit
Reach the limit
Reach the limit
Reach the limit
Reach the limit
Reach the limit
Reach the limit
Reach the limit
Reach the limit
Reach the limit
Reach the limit
Reach the limit
Reach the limit
Reach the limit
(uncyclic) Theorized 25 lemmas, fully attempted 23 lemmas, proved 1 lemmas
sol109-sol530 uncyclic: TIMEOUT (120128 ms)
Proving begin sol123-sol530: (sol123 l) === (sol530 l)
Property accepted by cvec analysis
(uncyclic) Theorized 0 lemmas, fully attempted 0 lemmas, proved 0 lemmas
sol123-sol530 uncyclic: TIMEOUT (120594 ms)
Attempted 8 goals:
  0 solved (no cyclic)
